[0.616s] Invoking command in '/home/milosz/Dokumenty/Hexapod-1/PlatformIO/Projects/ros2_ws/src/pajak': DEBUGINFOD_URLS=https://debuginfod.ubuntu.com PYTHONPATH=/home/milosz/Dokumenty/Hexapod-1/PlatformIO/Projects/ros2_ws/build/pajak/prefix_override:/usr/lib/python3/dist-packages/colcon_core/task/python/colcon_distutils_commands:/home/milosz/Dokumenty/Hexapod-1/PlatformIO/Projects/ros2_ws/install/pajak/lib/python3.12/site-packages:${PYTHONPATH} /usr/bin/python3 -W ignore:setup.py install is deprecated -W ignore:easy_install command is deprecated setup.py egg_info --egg-base ../../build/pajak build --build-base /home/milosz/Dokumenty/Hexapod-1/PlatformIO/Projects/ros2_ws/build/pajak/build install --record /home/milosz/Dokumenty/Hexapod-1/PlatformIO/Projects/ros2_ws/build/pajak/install.log --single-version-externally-managed install_data
[0.816s] running egg_info
[0.830s] writing ../../build/pajak/pajak.egg-info/PKG-INFO
[0.831s] writing dependency_links to ../../build/pajak/pajak.egg-info/dependency_links.txt
[0.831s] writing entry points to ../../build/pajak/pajak.egg-info/entry_points.txt
[0.831s] writing requirements to ../../build/pajak/pajak.egg-info/requires.txt
[0.831s] writing top-level names to ../../build/pajak/pajak.egg-info/top_level.txt
[0.860s] reading manifest file '../../build/pajak/pajak.egg-info/SOURCES.txt'
[0.860s] adding license file 'LICENSE'
[0.861s] writing manifest file '../../build/pajak/pajak.egg-info/SOURCES.txt'
[0.861s] running build
[0.861s] running build_py
[0.861s] copying pajak/esp32_serial_commander.py -> /home/milosz/Dokumenty/Hexapod-1/PlatformIO/Projects/ros2_ws/build/pajak/build/lib/pajak
[0.861s] running install
[0.867s] running install_lib
[0.882s] copying /home/milosz/Dokumenty/Hexapod-1/PlatformIO/Projects/ros2_ws/build/pajak/build/lib/pajak/esp32_serial_commander.py -> /home/milosz/Dokumenty/Hexapod-1/PlatformIO/Projects/ros2_ws/install/pajak/lib/python3.12/site-packages/pajak
[0.882s] byte-compiling /home/milosz/Dokumenty/Hexapod-1/PlatformIO/Projects/ros2_ws/install/pajak/lib/python3.12/site-packages/pajak/esp32_serial_commander.py to esp32_serial_commander.cpython-312.pyc
[0.883s] running install_data
[0.883s] running install_egg_info
[0.898s] removing '/home/milosz/Dokumenty/Hexapod-1/PlatformIO/Projects/ros2_ws/install/pajak/lib/python3.12/site-packages/pajak-0.0.0-py3.12.egg-info' (and everything under it)
[0.898s] Copying ../../build/pajak/pajak.egg-info to /home/milosz/Dokumenty/Hexapod-1/PlatformIO/Projects/ros2_ws/install/pajak/lib/python3.12/site-packages/pajak-0.0.0-py3.12.egg-info
[0.899s] running install_scripts
[0.995s] Installing esp32_serial_commander script to /home/milosz/Dokumenty/Hexapod-1/PlatformIO/Projects/ros2_ws/install/pajak/lib/pajak
[0.995s] Installing my_node script to /home/milosz/Dokumenty/Hexapod-1/PlatformIO/Projects/ros2_ws/install/pajak/lib/pajak
[0.995s] Installing pajak_trajectory script to /home/milosz/Dokumenty/Hexapod-1/PlatformIO/Projects/ros2_ws/install/pajak/lib/pajak
[0.995s] Installing test script to /home/milosz/Dokumenty/Hexapod-1/PlatformIO/Projects/ros2_ws/install/pajak/lib/pajak
[0.995s] writing list of installed files to '/home/milosz/Dokumenty/Hexapod-1/PlatformIO/Projects/ros2_ws/build/pajak/install.log'
[1.022s] Invoked command in '/home/milosz/Dokumenty/Hexapod-1/PlatformIO/Projects/ros2_ws/src/pajak' returned '0': DEBUGINFOD_URLS=https://debuginfod.ubuntu.com PYTHONPATH=/home/milosz/Dokumenty/Hexapod-1/PlatformIO/Projects/ros2_ws/build/pajak/prefix_override:/usr/lib/python3/dist-packages/colcon_core/task/python/colcon_distutils_commands:/home/milosz/Dokumenty/Hexapod-1/PlatformIO/Projects/ros2_ws/install/pajak/lib/python3.12/site-packages:${PYTHONPATH} /usr/bin/python3 -W ignore:setup.py install is deprecated -W ignore:easy_install command is deprecated setup.py egg_info --egg-base ../../build/pajak build --build-base /home/milosz/Dokumenty/Hexapod-1/PlatformIO/Projects/ros2_ws/build/pajak/build install --record /home/milosz/Dokumenty/Hexapod-1/PlatformIO/Projects/ros2_ws/build/pajak/install.log --single-version-externally-managed install_data
