[0.659s] DEBUG:colcon:Command line arguments: ['/usr/bin/colcon', 'build']
[0.659s] DEBUG:colcon:Parsed command line arguments: Namespace(log_base=None, log_level=None, verb_name='build', build_base='build', install_base='install', merge_install=False, symlink_install=False, test_result_base=None, continue_on_error=False, executor='parallel', parallel_workers=4, event_handlers=None, ignore_user_meta=False, metas=['./colcon.meta'], base_paths=['.'], packages_ignore=None, packages_ignore_regex=None, paths=None, packages_up_to=None, packages_up_to_regex=None, packages_above=None, packages_above_and_dependencies=None, packages_above_depth=None, packages_select_by_dep=None, packages_skip_by_dep=None, packages_skip_up_to=None, packages_select_build_failed=False, packages_skip_build_finished=False, packages_select_test_failures=False, packages_skip_test_passed=False, packages_select=None, packages_skip=None, packages_select_regex=None, packages_skip_regex=None, packages_start=None, packages_end=None, allow_overriding=[], cmake_args=None, cmake_target=None, cmake_target_skip_unavailable=False, cmake_clean_cache=False, cmake_clean_first=False, cmake_force_configure=False, ament_cmake_args=None, catkin_cmake_args=None, catkin_skip_building_tests=False, mixin_files=None, mixin=None, verb_parser=<colcon_mixin.mixin.mixin_argument.MixinArgumentDecorator object at 0x7688ffcce510>, verb_extension=<colcon_core.verb.build.BuildVerb object at 0x7688ffcce360>, main=<bound method BuildVerb.main of <colcon_core.verb.build.BuildVerb object at 0x7688ffcce360>>, mixin_verb=('build',))
[0.757s] Level 1:colcon.colcon_core.package_discovery:discover_packages(colcon_meta) check parameters
[0.757s] Level 1:colcon.colcon_core.package_discovery:discover_packages(recursive) check parameters
[0.757s] Level 1:colcon.colcon_core.package_discovery:discover_packages(ignore) check parameters
[0.757s] Level 1:colcon.colcon_core.package_discovery:discover_packages(path) check parameters
[0.757s] Level 1:colcon.colcon_core.package_discovery:discover_packages(colcon_meta) discover
[0.757s] Level 1:colcon.colcon_core.package_discovery:discover_packages(recursive) discover
[0.757s] INFO:colcon.colcon_core.package_discovery:Crawling recursively for packages in '/home/julia-hrycyna/Pulpit/Hexapod/simulation/ros2_ws/src'
[0.758s] Level 1:colcon.colcon_core.package_identification:_identify(.) by extensions ['ignore', 'ignore_ament_install']
[0.758s] Level 1:colcon.colcon_core.package_identification:_identify(.) by extension 'ignore'
[0.758s] Level 1:colcon.colcon_core.package_identification:_identify(.) by extension 'ignore_ament_install'
[0.758s] Level 1:colcon.colcon_core.package_identification:_identify(.) by extensions ['colcon_pkg']
[0.758s] Level 1:colcon.colcon_core.package_identification:_identify(.) by extension 'colcon_pkg'
[0.758s] Level 1:colcon.colcon_core.package_identification:_identify(.) by extensions ['colcon_meta']
[0.758s] Level 1:colcon.colcon_core.package_identification:_identify(.) by extension 'colcon_meta'
[0.758s] Level 1:colcon.colcon_core.package_identification:_identify(.) by extensions ['ros']
[0.758s] Level 1:colcon.colcon_core.package_identification:_identify(.) by extension 'ros'
[0.811s] Level 1:colcon.colcon_core.package_identification:_identify(.) by extensions ['cmake', 'python']
[0.811s] Level 1:colcon.colcon_core.package_identification:_identify(.) by extension 'cmake'
[0.811s] Level 1:colcon.colcon_core.package_identification:_identify(.) by extension 'python'
[0.811s] Level 1:colcon.colcon_core.package_identification:_identify(.) by extensions ['python_setup_py']
[0.811s] Level 1:colcon.colcon_core.package_identification:_identify(.) by extension 'python_setup_py'
[0.811s] Level 1:colcon.colcon_core.package_identification:_identify(build) by extensions ['ignore', 'ignore_ament_install']
[0.812s] Level 1:colcon.colcon_core.package_identification:_identify(build) by extension 'ignore'
[0.812s] Level 1:colcon.colcon_core.package_identification:_identify(build) ignored
[0.812s] Level 1:colcon.colcon_core.package_identification:_identify(hexapod) by extensions ['ignore', 'ignore_ament_install']
[0.812s] Level 1:colcon.colcon_core.package_identification:_identify(hexapod) by extension 'ignore'
[0.812s] Level 1:colcon.colcon_core.package_identification:_identify(hexapod) by extension 'ignore_ament_install'
[0.812s] Level 1:colcon.colcon_core.package_identification:_identify(hexapod) by extensions ['colcon_pkg']
[0.812s] Level 1:colcon.colcon_core.package_identification:_identify(hexapod) by extension 'colcon_pkg'
[0.812s] Level 1:colcon.colcon_core.package_identification:_identify(hexapod) by extensions ['colcon_meta']
[0.812s] Level 1:colcon.colcon_core.package_identification:_identify(hexapod) by extension 'colcon_meta'
[0.812s] Level 1:colcon.colcon_core.package_identification:_identify(hexapod) by extensions ['ros']
[0.812s] Level 1:colcon.colcon_core.package_identification:_identify(hexapod) by extension 'ros'
[0.812s] Level 1:colcon.colcon_core.package_identification:_identify(hexapod) by extensions ['cmake', 'python']
[0.812s] Level 1:colcon.colcon_core.package_identification:_identify(hexapod) by extension 'cmake'
[0.812s] Level 1:colcon.colcon_core.package_identification:_identify(hexapod) by extension 'python'
[0.813s] Level 1:colcon.colcon_core.package_identification:_identify(hexapod) by extensions ['python_setup_py']
[0.813s] Level 1:colcon.colcon_core.package_identification:_identify(hexapod) by extension 'python_setup_py'
[0.813s] Level 1:colcon.colcon_core.package_identification:_identify(hexapod/hexapod) by extensions ['ignore', 'ignore_ament_install']
[0.813s] Level 1:colcon.colcon_core.package_identification:_identify(hexapod/hexapod) by extension 'ignore'
[0.813s] Level 1:colcon.colcon_core.package_identification:_identify(hexapod/hexapod) by extension 'ignore_ament_install'
[0.813s] Level 1:colcon.colcon_core.package_identification:_identify(hexapod/hexapod) by extensions ['colcon_pkg']
[0.813s] Level 1:colcon.colcon_core.package_identification:_identify(hexapod/hexapod) by extension 'colcon_pkg'
[0.813s] Level 1:colcon.colcon_core.package_identification:_identify(hexapod/hexapod) by extensions ['colcon_meta']
[0.813s] Level 1:colcon.colcon_core.package_identification:_identify(hexapod/hexapod) by extension 'colcon_meta'
[0.813s] Level 1:colcon.colcon_core.package_identification:_identify(hexapod/hexapod) by extensions ['ros']
[0.813s] Level 1:colcon.colcon_core.package_identification:_identify(hexapod/hexapod) by extension 'ros'
[0.818s] DEBUG:colcon.colcon_core.package_identification:Package 'hexapod/hexapod' with type 'ros.ament_cmake' and name 'hexapod'
[0.818s] Level 1:colcon.colcon_core.package_identification:_identify(hexapod/hexapod_description) by extensions ['ignore', 'ignore_ament_install']
[0.818s] Level 1:colcon.colcon_core.package_identification:_identify(hexapod/hexapod_description) by extension 'ignore'
[0.818s] Level 1:colcon.colcon_core.package_identification:_identify(hexapod/hexapod_description) by extension 'ignore_ament_install'
[0.818s] Level 1:colcon.colcon_core.package_identification:_identify(hexapod/hexapod_description) by extensions ['colcon_pkg']
[0.818s] Level 1:colcon.colcon_core.package_identification:_identify(hexapod/hexapod_description) by extension 'colcon_pkg'
[0.818s] Level 1:colcon.colcon_core.package_identification:_identify(hexapod/hexapod_description) by extensions ['colcon_meta']
[0.818s] Level 1:colcon.colcon_core.package_identification:_identify(hexapod/hexapod_description) by extension 'colcon_meta'
[0.819s] Level 1:colcon.colcon_core.package_identification:_identify(hexapod/hexapod_description) by extensions ['ros']
[0.819s] Level 1:colcon.colcon_core.package_identification:_identify(hexapod/hexapod_description) by extension 'ros'
[0.820s] DEBUG:colcon.colcon_core.package_identification:Package 'hexapod/hexapod_description' with type 'ros.ament_cmake' and name 'hexapod_description'
[0.820s] Level 1:colcon.colcon_core.package_identification:_identify(hexapod/hexapod_gazebo) by extensions ['ignore', 'ignore_ament_install']
[0.820s] Level 1:colcon.colcon_core.package_identification:_identify(hexapod/hexapod_gazebo) by extension 'ignore'
[0.820s] Level 1:colcon.colcon_core.package_identification:_identify(hexapod/hexapod_gazebo) by extension 'ignore_ament_install'
[0.820s] Level 1:colcon.colcon_core.package_identification:_identify(hexapod/hexapod_gazebo) by extensions ['colcon_pkg']
[0.820s] Level 1:colcon.colcon_core.package_identification:_identify(hexapod/hexapod_gazebo) by extension 'colcon_pkg'
[0.820s] Level 1:colcon.colcon_core.package_identification:_identify(hexapod/hexapod_gazebo) by extensions ['colcon_meta']
[0.820s] Level 1:colcon.colcon_core.package_identification:_identify(hexapod/hexapod_gazebo) by extension 'colcon_meta'
[0.820s] Level 1:colcon.colcon_core.package_identification:_identify(hexapod/hexapod_gazebo) by extensions ['ros']
[0.820s] Level 1:colcon.colcon_core.package_identification:_identify(hexapod/hexapod_gazebo) by extension 'ros'
[0.821s] DEBUG:colcon.colcon_core.package_identification:Package 'hexapod/hexapod_gazebo' with type 'ros.ament_cmake' and name 'hexapod_gazebo'
[0.821s] Level 1:colcon.colcon_core.package_identification:_identify(hexapod_control) by extensions ['ignore', 'ignore_ament_install']
[0.821s] Level 1:colcon.colcon_core.package_identification:_identify(hexapod_control) by extension 'ignore'
[0.821s] Level 1:colcon.colcon_core.package_identification:_identify(hexapod_control) by extension 'ignore_ament_install'
[0.822s] Level 1:colcon.colcon_core.package_identification:_identify(hexapod_control) by extensions ['colcon_pkg']
[0.822s] Level 1:colcon.colcon_core.package_identification:_identify(hexapod_control) by extension 'colcon_pkg'
[0.822s] Level 1:colcon.colcon_core.package_identification:_identify(hexapod_control) by extensions ['colcon_meta']
[0.822s] Level 1:colcon.colcon_core.package_identification:_identify(hexapod_control) by extension 'colcon_meta'
[0.822s] Level 1:colcon.colcon_core.package_identification:_identify(hexapod_control) by extensions ['ros']
[0.822s] Level 1:colcon.colcon_core.package_identification:_identify(hexapod_control) by extension 'ros'
[0.823s] DEBUG:colcon.colcon_core.package_identification:Package 'hexapod_control' with type 'ros.ament_cmake' and name 'hexapod_control'
[0.823s] Level 1:colcon.colcon_core.package_identification:_identify(hexapod_moveit_config) by extensions ['ignore', 'ignore_ament_install']
[0.823s] Level 1:colcon.colcon_core.package_identification:_identify(hexapod_moveit_config) by extension 'ignore'
[0.823s] Level 1:colcon.colcon_core.package_identification:_identify(hexapod_moveit_config) by extension 'ignore_ament_install'
[0.823s] Level 1:colcon.colcon_core.package_identification:_identify(hexapod_moveit_config) by extensions ['colcon_pkg']
[0.823s] Level 1:colcon.colcon_core.package_identification:_identify(hexapod_moveit_config) by extension 'colcon_pkg'
[0.823s] Level 1:colcon.colcon_core.package_identification:_identify(hexapod_moveit_config) by extensions ['colcon_meta']
[0.823s] Level 1:colcon.colcon_core.package_identification:_identify(hexapod_moveit_config) by extension 'colcon_meta'
[0.823s] Level 1:colcon.colcon_core.package_identification:_identify(hexapod_moveit_config) by extensions ['ros']
[0.823s] Level 1:colcon.colcon_core.package_identification:_identify(hexapod_moveit_config) by extension 'ros'
[0.824s] DEBUG:colcon.colcon_core.package_identification:Package 'hexapod_moveit_config' with type 'ros.ament_cmake' and name 'hexapod_moveit_config'
[0.824s] Level 1:colcon.colcon_core.package_identification:_identify(install) by extensions ['ignore', 'ignore_ament_install']
[0.825s] Level 1:colcon.colcon_core.package_identification:_identify(install) by extension 'ignore'
[0.825s] Level 1:colcon.colcon_core.package_identification:_identify(install) ignored
[0.825s] Level 1:colcon.colcon_core.package_identification:_identify(log) by extensions ['ignore', 'ignore_ament_install']
[0.825s] Level 1:colcon.colcon_core.package_identification:_identify(log) by extension 'ignore'
[0.825s] Level 1:colcon.colcon_core.package_identification:_identify(log) ignored
[0.825s] Level 1:colcon.colcon_core.package_discovery:discover_packages(recursive) using defaults
[0.825s] Level 1:colcon.colcon_core.package_discovery:discover_packages(ignore) discover
[0.825s] Level 1:colcon.colcon_core.package_discovery:discover_packages(ignore) using defaults
[0.825s] Level 1:colcon.colcon_core.package_discovery:discover_packages(path) discover
[0.825s] Level 1:colcon.colcon_core.package_discovery:discover_packages(path) using defaults
[0.873s] Level 1:colcon.colcon_core.package_discovery:discover_packages(prefix_path) check parameters
[0.873s] Level 1:colcon.colcon_core.package_discovery:discover_packages(prefix_path) discover
[0.889s] DEBUG:colcon.colcon_installed_package_information.package_discovery:Found 72 installed packages in /home/julia-hrycyna/ws_moveit/install
[0.892s] DEBUG:colcon.colcon_installed_package_information.package_discovery:Found 388 installed packages in /opt/ros/jazzy
[0.893s] Level 1:colcon.colcon_core.package_discovery:discover_packages(prefix_path) using defaults
[1.118s] Level 5:colcon.colcon_core.verb:set package 'hexapod_control' build argument 'cmake_args' from command line to 'None'
[1.118s] Level 5:colcon.colcon_core.verb:set package 'hexapod_control' build argument 'cmake_target' from command line to 'None'
[1.118s] Level 5:colcon.colcon_core.verb:set package 'hexapod_control' build argument 'cmake_target_skip_unavailable' from command line to 'False'
[1.118s] Level 5:colcon.colcon_core.verb:set package 'hexapod_control' build argument 'cmake_clean_cache' from command line to 'False'
[1.118s] Level 5:colcon.colcon_core.verb:set package 'hexapod_control' build argument 'cmake_clean_first' from command line to 'False'
[1.118s] Level 5:colcon.colcon_core.verb:set package 'hexapod_control' build argument 'cmake_force_configure' from command line to 'False'
[1.118s] Level 5:colcon.colcon_core.verb:set package 'hexapod_control' build argument 'ament_cmake_args' from command line to 'None'
[1.118s] Level 5:colcon.colcon_core.verb:set package 'hexapod_control' build argument 'catkin_cmake_args' from command line to 'None'
[1.118s] Level 5:colcon.colcon_core.verb:set package 'hexapod_control' build argument 'catkin_skip_building_tests' from command line to 'False'
[1.118s] DEBUG:colcon.colcon_core.verb:Building package 'hexapod_control' with the following arguments: {'ament_cmake_args': None, 'build_base': '/home/julia-hrycyna/Pulpit/Hexapod/simulation/ros2_ws/src/build/hexapod_control', 'catkin_cmake_args': None, 'catkin_skip_building_tests': False, 'cmake_args': None, 'cmake_clean_cache': False, 'cmake_clean_first': False, 'cmake_force_configure': False, 'cmake_target': None, 'cmake_target_skip_unavailable': False, 'install_base': '/home/julia-hrycyna/Pulpit/Hexapod/simulation/ros2_ws/src/install/hexapod_control', 'merge_install': False, 'path': '/home/julia-hrycyna/Pulpit/Hexapod/simulation/ros2_ws/src/hexapod_control', 'symlink_install': False, 'test_result_base': None}
[1.119s] Level 5:colcon.colcon_core.verb:set package 'hexapod_description' build argument 'cmake_args' from command line to 'None'
[1.119s] Level 5:colcon.colcon_core.verb:set package 'hexapod_description' build argument 'cmake_target' from command line to 'None'
[1.119s] Level 5:colcon.colcon_core.verb:set package 'hexapod_description' build argument 'cmake_target_skip_unavailable' from command line to 'False'
[1.119s] Level 5:colcon.colcon_core.verb:set package 'hexapod_description' build argument 'cmake_clean_cache' from command line to 'False'
[1.119s] Level 5:colcon.colcon_core.verb:set package 'hexapod_description' build argument 'cmake_clean_first' from command line to 'False'
[1.119s] Level 5:colcon.colcon_core.verb:set package 'hexapod_description' build argument 'cmake_force_configure' from command line to 'False'
[1.119s] Level 5:colcon.colcon_core.verb:set package 'hexapod_description' build argument 'ament_cmake_args' from command line to 'None'
[1.119s] Level 5:colcon.colcon_core.verb:set package 'hexapod_description' build argument 'catkin_cmake_args' from command line to 'None'
[1.119s] Level 5:colcon.colcon_core.verb:set package 'hexapod_description' build argument 'catkin_skip_building_tests' from command line to 'False'
[1.119s] DEBUG:colcon.colcon_core.verb:Building package 'hexapod_description' with the following arguments: {'ament_cmake_args': None, 'build_base': '/home/julia-hrycyna/Pulpit/Hexapod/simulation/ros2_ws/src/build/hexapod_description', 'catkin_cmake_args': None, 'catkin_skip_building_tests': False, 'cmake_args': None, 'cmake_clean_cache': False, 'cmake_clean_first': False, 'cmake_force_configure': False, 'cmake_target': None, 'cmake_target_skip_unavailable': False, 'install_base': '/home/julia-hrycyna/Pulpit/Hexapod/simulation/ros2_ws/src/install/hexapod_description', 'merge_install': False, 'path': '/home/julia-hrycyna/Pulpit/Hexapod/simulation/ros2_ws/src/hexapod/hexapod_description', 'symlink_install': False, 'test_result_base': None}
[1.119s] Level 5:colcon.colcon_core.verb:set package 'hexapod_gazebo' build argument 'cmake_args' from command line to 'None'
[1.119s] Level 5:colcon.colcon_core.verb:set package 'hexapod_gazebo' build argument 'cmake_target' from command line to 'None'
[1.119s] Level 5:colcon.colcon_core.verb:set package 'hexapod_gazebo' build argument 'cmake_target_skip_unavailable' from command line to 'False'
[1.119s] Level 5:colcon.colcon_core.verb:set package 'hexapod_gazebo' build argument 'cmake_clean_cache' from command line to 'False'
[1.119s] Level 5:colcon.colcon_core.verb:set package 'hexapod_gazebo' build argument 'cmake_clean_first' from command line to 'False'
[1.119s] Level 5:colcon.colcon_core.verb:set package 'hexapod_gazebo' build argument 'cmake_force_configure' from command line to 'False'
[1.120s] Level 5:colcon.colcon_core.verb:set package 'hexapod_gazebo' build argument 'ament_cmake_args' from command line to 'None'
[1.120s] Level 5:colcon.colcon_core.verb:set package 'hexapod_gazebo' build argument 'catkin_cmake_args' from command line to 'None'
[1.120s] Level 5:colcon.colcon_core.verb:set package 'hexapod_gazebo' build argument 'catkin_skip_building_tests' from command line to 'False'
[1.120s] DEBUG:colcon.colcon_core.verb:Building package 'hexapod_gazebo' with the following arguments: {'ament_cmake_args': None, 'build_base': '/home/julia-hrycyna/Pulpit/Hexapod/simulation/ros2_ws/src/build/hexapod_gazebo', 'catkin_cmake_args': None, 'catkin_skip_building_tests': False, 'cmake_args': None, 'cmake_clean_cache': False, 'cmake_clean_first': False, 'cmake_force_configure': False, 'cmake_target': None, 'cmake_target_skip_unavailable': False, 'install_base': '/home/julia-hrycyna/Pulpit/Hexapod/simulation/ros2_ws/src/install/hexapod_gazebo', 'merge_install': False, 'path': '/home/julia-hrycyna/Pulpit/Hexapod/simulation/ros2_ws/src/hexapod/hexapod_gazebo', 'symlink_install': False, 'test_result_base': None}
[1.120s] Level 5:colcon.colcon_core.verb:set package 'hexapod' build argument 'cmake_args' from command line to 'None'
[1.120s] Level 5:colcon.colcon_core.verb:set package 'hexapod' build argument 'cmake_target' from command line to 'None'
[1.120s] Level 5:colcon.colcon_core.verb:set package 'hexapod' build argument 'cmake_target_skip_unavailable' from command line to 'False'
[1.120s] Level 5:colcon.colcon_core.verb:set package 'hexapod' build argument 'cmake_clean_cache' from command line to 'False'
[1.120s] Level 5:colcon.colcon_core.verb:set package 'hexapod' build argument 'cmake_clean_first' from command line to 'False'
[1.120s] Level 5:colcon.colcon_core.verb:set package 'hexapod' build argument 'cmake_force_configure' from command line to 'False'
[1.120s] Level 5:colcon.colcon_core.verb:set package 'hexapod' build argument 'ament_cmake_args' from command line to 'None'
[1.120s] Level 5:colcon.colcon_core.verb:set package 'hexapod' build argument 'catkin_cmake_args' from command line to 'None'
[1.120s] Level 5:colcon.colcon_core.verb:set package 'hexapod' build argument 'catkin_skip_building_tests' from command line to 'False'
[1.120s] DEBUG:colcon.colcon_core.verb:Building package 'hexapod' with the following arguments: {'ament_cmake_args': None, 'build_base': '/home/julia-hrycyna/Pulpit/Hexapod/simulation/ros2_ws/src/build/hexapod', 'catkin_cmake_args': None, 'catkin_skip_building_tests': False, 'cmake_args': None, 'cmake_clean_cache': False, 'cmake_clean_first': False, 'cmake_force_configure': False, 'cmake_target': None, 'cmake_target_skip_unavailable': False, 'install_base': '/home/julia-hrycyna/Pulpit/Hexapod/simulation/ros2_ws/src/install/hexapod', 'merge_install': False, 'path': '/home/julia-hrycyna/Pulpit/Hexapod/simulation/ros2_ws/src/hexapod/hexapod', 'symlink_install': False, 'test_result_base': None}
[1.120s] Level 5:colcon.colcon_core.verb:set package 'hexapod_moveit_config' build argument 'cmake_args' from command line to 'None'
[1.121s] Level 5:colcon.colcon_core.verb:set package 'hexapod_moveit_config' build argument 'cmake_target' from command line to 'None'
[1.121s] Level 5:colcon.colcon_core.verb:set package 'hexapod_moveit_config' build argument 'cmake_target_skip_unavailable' from command line to 'False'
[1.121s] Level 5:colcon.colcon_core.verb:set package 'hexapod_moveit_config' build argument 'cmake_clean_cache' from command line to 'False'
[1.121s] Level 5:colcon.colcon_core.verb:set package 'hexapod_moveit_config' build argument 'cmake_clean_first' from command line to 'False'
[1.121s] Level 5:colcon.colcon_core.verb:set package 'hexapod_moveit_config' build argument 'cmake_force_configure' from command line to 'False'
[1.121s] Level 5:colcon.colcon_core.verb:set package 'hexapod_moveit_config' build argument 'ament_cmake_args' from command line to 'None'
[1.121s] Level 5:colcon.colcon_core.verb:set package 'hexapod_moveit_config' build argument 'catkin_cmake_args' from command line to 'None'
[1.121s] Level 5:colcon.colcon_core.verb:set package 'hexapod_moveit_config' build argument 'catkin_skip_building_tests' from command line to 'False'
[1.121s] DEBUG:colcon.colcon_core.verb:Building package 'hexapod_moveit_config' with the following arguments: {'ament_cmake_args': None, 'build_base': '/home/julia-hrycyna/Pulpit/Hexapod/simulation/ros2_ws/src/build/hexapod_moveit_config', 'catkin_cmake_args': None, 'catkin_skip_building_tests': False, 'cmake_args': None, 'cmake_clean_cache': False, 'cmake_clean_first': False, 'cmake_force_configure': False, 'cmake_target': None, 'cmake_target_skip_unavailable': False, 'install_base': '/home/julia-hrycyna/Pulpit/Hexapod/simulation/ros2_ws/src/install/hexapod_moveit_config', 'merge_install': False, 'path': '/home/julia-hrycyna/Pulpit/Hexapod/simulation/ros2_ws/src/hexapod_moveit_config', 'symlink_install': False, 'test_result_base': None}
[1.121s] INFO:colcon.colcon_core.executor:Executing jobs using 'parallel' executor
[1.122s] DEBUG:colcon.colcon_parallel_executor.executor.parallel:run_until_complete
[1.123s] INFO:colcon.colcon_ros.task.ament_cmake.build:Building ROS package in '/home/julia-hrycyna/Pulpit/Hexapod/simulation/ros2_ws/src/hexapod/hexapod_description' with build type 'ament_cmake'
[1.123s] INFO:colcon.colcon_cmake.task.cmake.build:Building CMake package in '/home/julia-hrycyna/Pulpit/Hexapod/simulation/ros2_ws/src/hexapod/hexapod_description'
[1.184s] INFO:colcon.colcon_core.plugin_system:Skipping extension 'colcon_core.shell.bat': Not used on non-Windows systems
[1.184s] INFO:colcon.colcon_core.shell:Skip shell extension 'powershell' for command environment: Not usable outside of PowerShell
[1.185s] DEBUG:colcon.colcon_core.shell:Skip shell extension 'dsv' for command environment
[1.211s] INFO:colcon.colcon_ros.task.ament_cmake.build:Building ROS package in '/home/julia-hrycyna/Pulpit/Hexapod/simulation/ros2_ws/src/hexapod_control' with build type 'ament_cmake'
[1.212s] INFO:colcon.colcon_cmake.task.cmake.build:Building CMake package in '/home/julia-hrycyna/Pulpit/Hexapod/simulation/ros2_ws/src/hexapod_control'
[1.212s] INFO:colcon.colcon_core.shell:Skip shell extension 'powershell' for command environment: Not usable outside of PowerShell
[1.212s] DEBUG:colcon.colcon_core.shell:Skip shell extension 'dsv' for command environment
[1.234s] INFO:colcon.colcon_ros.task.ament_cmake.build:Building ROS package in '/home/julia-hrycyna/Pulpit/Hexapod/simulation/ros2_ws/src/hexapod/hexapod_gazebo' with build type 'ament_cmake'
[1.234s] INFO:colcon.colcon_cmake.task.cmake.build:Building CMake package in '/home/julia-hrycyna/Pulpit/Hexapod/simulation/ros2_ws/src/hexapod/hexapod_gazebo'
[1.234s] INFO:colcon.colcon_core.shell:Skip shell extension 'powershell' for command environment: Not usable outside of PowerShell
[1.234s] DEBUG:colcon.colcon_core.shell:Skip shell extension 'dsv' for command environment
[1.252s] DEBUG:colcon.colcon_core.event_handler.log_command:Invoking command in '/home/julia-hrycyna/Pulpit/Hexapod/simulation/ros2_ws/src/build/hexapod_description': CMAKE_PREFIX_PATH=${CMAKE_PREFIX_PATH}:/home/julia-hrycyna/ws_moveit/install/moveit_configs_utils:/opt/ros/jazzy DEBUGINFOD_URLS=https://debuginfod.ubuntu.com /usr/bin/cmake /home/julia-hrycyna/Pulpit/Hexapod/simulation/ros2_ws/src/hexapod/hexapod_description -DCMAKE_INSTALL_PREFIX=/home/julia-hrycyna/Pulpit/Hexapod/simulation/ros2_ws/src/install/hexapod_description
[1.259s] DEBUG:colcon.colcon_core.event_handler.log_command:Invoking command in '/home/julia-hrycyna/Pulpit/Hexapod/simulation/ros2_ws/src/build/hexapod_control': CMAKE_PREFIX_PATH=${CMAKE_PREFIX_PATH}:/home/julia-hrycyna/ws_moveit/install/moveit_configs_utils:/opt/ros/jazzy DEBUGINFOD_URLS=https://debuginfod.ubuntu.com /usr/bin/cmake /home/julia-hrycyna/Pulpit/Hexapod/simulation/ros2_ws/src/hexapod_control -DCMAKE_INSTALL_PREFIX=/home/julia-hrycyna/Pulpit/Hexapod/simulation/ros2_ws/src/install/hexapod_control
[1.268s] DEBUG:colcon.colcon_core.event_handler.log_command:Invoking command in '/home/julia-hrycyna/Pulpit/Hexapod/simulation/ros2_ws/src/build/hexapod_gazebo': CMAKE_PREFIX_PATH=${CMAKE_PREFIX_PATH}:/home/julia-hrycyna/ws_moveit/install/moveit_configs_utils:/opt/ros/jazzy DEBUGINFOD_URLS=https://debuginfod.ubuntu.com /usr/bin/cmake /home/julia-hrycyna/Pulpit/Hexapod/simulation/ros2_ws/src/hexapod/hexapod_gazebo -DCMAKE_INSTALL_PREFIX=/home/julia-hrycyna/Pulpit/Hexapod/simulation/ros2_ws/src/install/hexapod_gazebo
[3.757s] DEBUG:colcon.colcon_core.event_handler.log_command:Invoked command in '/home/julia-hrycyna/Pulpit/Hexapod/simulation/ros2_ws/src/build/hexapod_description' returned '1': CMAKE_PREFIX_PATH=${CMAKE_PREFIX_PATH}:/home/julia-hrycyna/ws_moveit/install/moveit_configs_utils:/opt/ros/jazzy DEBUGINFOD_URLS=https://debuginfod.ubuntu.com /usr/bin/cmake /home/julia-hrycyna/Pulpit/Hexapod/simulation/ros2_ws/src/hexapod/hexapod_description -DCMAKE_INSTALL_PREFIX=/home/julia-hrycyna/Pulpit/Hexapod/simulation/ros2_ws/src/install/hexapod_description
[3.783s] Level 1:colcon.colcon_core.environment:create_environment_scripts_only(hexapod_description)
[3.790s] Level 1:colcon.colcon_core.environment:checking '/home/julia-hrycyna/Pulpit/Hexapod/simulation/ros2_ws/src/install/hexapod_description' for CMake module files
[3.791s] Level 1:colcon.colcon_core.environment:checking '/home/julia-hrycyna/Pulpit/Hexapod/simulation/ros2_ws/src/install/hexapod_description' for CMake config files
[3.791s] Level 1:colcon.colcon_core.environment:checking '/home/julia-hrycyna/Pulpit/Hexapod/simulation/ros2_ws/src/install/hexapod_description/bin'
[3.791s] Level 1:colcon.colcon_core.environment:checking '/home/julia-hrycyna/Pulpit/Hexapod/simulation/ros2_ws/src/install/hexapod_description/lib/pkgconfig/hexapod_description.pc'
[3.791s] Level 1:colcon.colcon_core.environment:checking '/home/julia-hrycyna/Pulpit/Hexapod/simulation/ros2_ws/src/install/hexapod_description/lib/python3.12/site-packages'
[3.792s] Level 1:colcon.colcon_core.environment:checking '/home/julia-hrycyna/Pulpit/Hexapod/simulation/ros2_ws/src/install/hexapod_description/bin'
[3.792s] INFO:colcon.colcon_core.shell:Creating package script '/home/julia-hrycyna/Pulpit/Hexapod/simulation/ros2_ws/src/install/hexapod_description/share/hexapod_description/package.ps1'
[3.793s] INFO:colcon.colcon_core.shell:Creating package descriptor '/home/julia-hrycyna/Pulpit/Hexapod/simulation/ros2_ws/src/install/hexapod_description/share/hexapod_description/package.dsv'
[3.794s] INFO:colcon.colcon_core.shell:Creating package script '/home/julia-hrycyna/Pulpit/Hexapod/simulation/ros2_ws/src/install/hexapod_description/share/hexapod_description/package.sh'
[3.795s] INFO:colcon.colcon_core.shell:Creating package script '/home/julia-hrycyna/Pulpit/Hexapod/simulation/ros2_ws/src/install/hexapod_description/share/hexapod_description/package.bash'
[3.796s] INFO:colcon.colcon_core.shell:Creating package script '/home/julia-hrycyna/Pulpit/Hexapod/simulation/ros2_ws/src/install/hexapod_description/share/hexapod_description/package.zsh'
[3.798s] Level 1:colcon.colcon_core.environment:create_file_with_runtime_dependencies(/home/julia-hrycyna/Pulpit/Hexapod/simulation/ros2_ws/src/install/hexapod_description/share/colcon-core/packages/hexapod_description)
[9.040s] DEBUG:colcon.colcon_parallel_executor.executor.parallel:closing loop
[9.040s] DEBUG:colcon.colcon_parallel_executor.executor.parallel:loop closed
[9.041s] DEBUG:colcon.colcon_parallel_executor.executor.parallel:run_until_complete finished with '1'
[9.041s] DEBUG:colcon.colcon_core.event_reactor:joining thread
[9.146s] INFO:colcon.colcon_core.plugin_system:Skipping extension 'colcon_notification.desktop_notification.terminal_notifier': Not used on non-Darwin systems
[9.146s] INFO:colcon.colcon_core.plugin_system:Skipping extension 'colcon_notification.desktop_notification.win32': Not used on non-Windows systems
[9.146s] INFO:colcon.colcon_notification.desktop_notification:Sending desktop notification using 'notify2'
[9.428s] DEBUG:colcon.colcon_core.event_reactor:joined thread
[9.430s] INFO:colcon.colcon_core.shell:Creating prefix script '/home/julia-hrycyna/Pulpit/Hexapod/simulation/ros2_ws/src/install/local_setup.ps1'
[9.437s] INFO:colcon.colcon_core.shell:Creating prefix util module '/home/julia-hrycyna/Pulpit/Hexapod/simulation/ros2_ws/src/install/_local_setup_util_ps1.py'
[9.450s] INFO:colcon.colcon_core.shell:Creating prefix chain script '/home/julia-hrycyna/Pulpit/Hexapod/simulation/ros2_ws/src/install/setup.ps1'
[9.492s] INFO:colcon.colcon_core.shell:Creating prefix script '/home/julia-hrycyna/Pulpit/Hexapod/simulation/ros2_ws/src/install/local_setup.sh'
[9.495s] INFO:colcon.colcon_core.shell:Creating prefix util module '/home/julia-hrycyna/Pulpit/Hexapod/simulation/ros2_ws/src/install/_local_setup_util_sh.py'
[9.497s] INFO:colcon.colcon_core.shell:Creating prefix chain script '/home/julia-hrycyna/Pulpit/Hexapod/simulation/ros2_ws/src/install/setup.sh'
[9.514s] INFO:colcon.colcon_core.shell:Creating prefix script '/home/julia-hrycyna/Pulpit/Hexapod/simulation/ros2_ws/src/install/local_setup.bash'
[9.516s] INFO:colcon.colcon_core.shell:Creating prefix chain script '/home/julia-hrycyna/Pulpit/Hexapod/simulation/ros2_ws/src/install/setup.bash'
[9.531s] INFO:colcon.colcon_core.shell:Creating prefix script '/home/julia-hrycyna/Pulpit/Hexapod/simulation/ros2_ws/src/install/local_setup.zsh'
[9.532s] INFO:colcon.colcon_core.shell:Creating prefix chain script '/home/julia-hrycyna/Pulpit/Hexapod/simulation/ros2_ws/src/install/setup.zsh'
