[0.073s] Invoking command in '/home/julia-hrycyna/Pulpit/Hexapod/simulation/ros2_ws/src/build/hexapod_description': CMAKE_PREFIX_PATH=${CMAKE_PREFIX_PATH}:/home/julia-hrycyna/ws_moveit/install/moveit_configs_utils:/opt/ros/jazzy DEBUGINFOD_URLS=https://debuginfod.ubuntu.com /usr/bin/cmake /home/julia-hrycyna/Pulpit/Hexapod/simulation/ros2_ws/src/hexapod/hexapod_description -DCMAKE_INSTALL_PREFIX=/home/julia-hrycyna/Pulpit/Hexapod/simulation/ros2_ws/src/install/hexapod_description
[0.122s] -- Found ament_cmake: 2.5.3 (/opt/ros/jazzy/share/ament_cmake/cmake)
[0.615s] [31mCMake Error at CMakeLists.txt:10 (find_package):
[0.615s]   By not providing "Findurdf_tutorial.cmake" in CMAKE_MODULE_PATH this
[0.615s]   project has asked CMake to find a package configuration file provided by
[0.616s]   "urdf_tutorial", but CMake did not find one.
[0.616s] 
[0.616s]   Could not find a package configuration file provided by "urdf_tutorial"
[0.616s]   with any of the following names:
[0.616s] 
[0.616s]     urdf_tutorialConfig.cmake
[0.616s]     urdf_tutorial-config.cmake
[0.616s] 
[0.616s]   Add the installation prefix of "urdf_tutorial" to CMAKE_PREFIX_PATH or set
[0.616s]   "urdf_tutorial_DIR" to a directory containing one of the above files.  If
[0.616s]   "urdf_tutorial" provides a separate development package or SDK, be sure it
[0.616s]   has been installed.
[0.617s] 
[0.617s] [0m
[0.617s] -- Configuring incomplete, errors occurred!
[0.620s] Invoked command in '/home/julia-hrycyna/Pulpit/Hexapod/simulation/ros2_ws/src/build/hexapod_description' returned '1': CMAKE_PREFIX_PATH=${CMAKE_PREFIX_PATH}:/home/julia-hrycyna/ws_moveit/install/moveit_configs_utils:/opt/ros/jazzy DEBUGINFOD_URLS=https://debuginfod.ubuntu.com /usr/bin/cmake /home/julia-hrycyna/Pulpit/Hexapod/simulation/ros2_ws/src/hexapod/hexapod_description -DCMAKE_INSTALL_PREFIX=/home/julia-hrycyna/Pulpit/Hexapod/simulation/ros2_ws/src/install/hexapod_description
