[0.128s] Invoking command in '/home/julia-hrycyna/Pulpit/Hexapod/simulation/ros2_ws/src/build/hexapod_description': CMAKE_PREFIX_PATH=${CMAKE_PREFIX_PATH}:/home/julia-hrycyna/ws_moveit/install/moveit_configs_utils:/opt/ros/jazzy DEBUGINFOD_URLS=https://debuginfod.ubuntu.com /usr/bin/cmake /home/julia-hrycyna/Pulpit/Hexapod/simulation/ros2_ws/src/hexapod/hexapod_description -DCMAKE_INSTALL_PREFIX=/home/julia-hrycyna/Pulpit/Hexapod/simulation/ros2_ws/src/install/hexapod_description
[0.594s] -- The C compiler identification is GNU 13.3.0
[0.893s] -- The CXX compiler identification is GNU 13.3.0
[0.934s] -- Detecting C compiler ABI info
[1.199s] -- Detecting C compiler ABI info - done
[1.225s] -- Check for working C compiler: /usr/bin/cc - skipped
[1.226s] -- Detecting C compile features
[1.227s] -- Detecting C compile features - done
[1.250s] -- Detecting CXX compiler ABI info
[1.540s] -- Detecting CXX compiler ABI info - done
[1.559s] -- Check for working CXX compiler: /usr/bin/c++ - skipped
[1.559s] -- Detecting CXX compile features
[1.560s] -- Detecting CXX compile features - done
[1.615s] -- Found ament_cmake: 2.5.3 (/opt/ros/jazzy/share/ament_cmake/cmake)
[2.183s] -- Found Python3: /usr/bin/python3 (found version "3.12.3") found components: Interpreter 
[2.624s] [31mCMake Error at CMakeLists.txt:10 (find_package):
[2.624s]   By not providing "Findurdf_tutorial.cmake" in CMAKE_MODULE_PATH this
[2.625s]   project has asked CMake to find a package configuration file provided by
[2.625s]   "urdf_tutorial", but CMake did not find one.
[2.625s] 
[2.625s]   Could not find a package configuration file provided by "urdf_tutorial"
[2.625s]   with any of the following names:
[2.625s] 
[2.626s]     urdf_tutorialConfig.cmake
[2.626s]     urdf_tutorial-config.cmake
[2.626s] 
[2.626s]   Add the installation prefix of "urdf_tutorial" to CMAKE_PREFIX_PATH or set
[2.626s]   "urdf_tutorial_DIR" to a directory containing one of the above files.  If
[2.626s]   "urdf_tutorial" provides a separate development package or SDK, be sure it
[2.627s]   has been installed.
[2.627s] 
[2.627s] [0m
[2.627s] -- Configuring incomplete, errors occurred!
[2.633s] Invoked command in '/home/julia-hrycyna/Pulpit/Hexapod/simulation/ros2_ws/src/build/hexapod_description' returned '1': CMAKE_PREFIX_PATH=${CMAKE_PREFIX_PATH}:/home/julia-hrycyna/ws_moveit/install/moveit_configs_utils:/opt/ros/jazzy DEBUGINFOD_URLS=https://debuginfod.ubuntu.com /usr/bin/cmake /home/julia-hrycyna/Pulpit/Hexapod/simulation/ros2_ws/src/hexapod/hexapod_description -DCMAKE_INSTALL_PREFIX=/home/julia-hrycyna/Pulpit/Hexapod/simulation/ros2_ws/src/install/hexapod_description
