-- Found ament_cmake: 2.5.3 (/opt/ros/jazzy/share/ament_cmake/cmake)
-- Found ament_lint_auto: 0.17.1 (/opt/ros/jazzy/share/ament_lint_auto/cmake)
-- Added test 'flake8' to check Python code syntax and style conventions
-- Configured 'flake8' exclude dirs and/or files: 
-- Added test 'lint_cmake' to check CMake code style
-- Added test 'pep257' to check Python code against some of the docstring style conventions in PEP 257
-- Added test 'xmllint' to check XML markup files
-- Configuring done (0.8s)
-- Generating done (0.0s)
-- Build files have been written to: /home/julia-hrycyna/Pulpit/Hexapod/simulation/ros2_ws/src/build/hexapod_description
-- Install configuration: ""
-- Installing: /home/julia-hrycyna/Pulpit/Hexapod/simulation/ros2_ws/src/install/hexapod_description/share/hexapod_description/meshes
-- Installing: /home/julia-hrycyna/Pulpit/Hexapod/simulation/ros2_ws/src/install/hexapod_description/share/hexapod_description/meshes/platform_gear.stl
-- Installing: /home/julia-hrycyna/Pulpit/Hexapod/simulation/ros2_ws/src/install/hexapod_description/share/hexapod_description/meshes/leg_mid_gear.stl
-- Installing: /home/julia-hrycyna/Pulpit/Hexapod/simulation/ros2_ws/src/install/hexapod_description/share/hexapod_description/meshes/leg_down.stl
-- Installing: /home/julia-hrycyna/Pulpit/Hexapod/simulation/ros2_ws/src/install/hexapod_description/share/hexapod_description/meshes/leg_up.stl
-- Installing: /home/julia-hrycyna/Pulpit/Hexapod/simulation/ros2_ws/src/install/hexapod_description/share/hexapod_description/meshes/leg_mid.stl
-- Installing: /home/julia-hrycyna/Pulpit/Hexapod/simulation/ros2_ws/src/install/hexapod_description/share/hexapod_description/meshes/platform.stl
-- Installing: /home/julia-hrycyna/Pulpit/Hexapod/simulation/ros2_ws/src/install/hexapod_description/share/hexapod_description/meshes/leg_up_gear.stl
-- Installing: /home/julia-hrycyna/Pulpit/Hexapod/simulation/ros2_ws/src/install/hexapod_description/share/hexapod_description/urdf
-- Installing: /home/julia-hrycyna/Pulpit/Hexapod/simulation/ros2_ws/src/install/hexapod_description/share/hexapod_description/urdf/up_section
-- Installing: /home/julia-hrycyna/Pulpit/Hexapod/simulation/ros2_ws/src/install/hexapod_description/share/hexapod_description/urdf/up_section/up_section.xacro
-- Installing: /home/julia-hrycyna/Pulpit/Hexapod/simulation/ros2_ws/src/install/hexapod_description/share/hexapod_description/urdf/hexapod
-- Installing: /home/julia-hrycyna/Pulpit/Hexapod/simulation/ros2_ws/src/install/hexapod_description/share/hexapod_description/urdf/hexapod/hexapod.xacro
-- Installing: /home/julia-hrycyna/Pulpit/Hexapod/simulation/ros2_ws/src/install/hexapod_description/share/hexapod_description/urdf/control
-- Installing: /home/julia-hrycyna/Pulpit/Hexapod/simulation/ros2_ws/src/install/hexapod_description/share/hexapod_description/urdf/control/hexapod.gazebo
-- Installing: /home/julia-hrycyna/Pulpit/Hexapod/simulation/ros2_ws/src/install/hexapod_description/share/hexapod_description/urdf/hexapod.urdf
-- Installing: /home/julia-hrycyna/Pulpit/Hexapod/simulation/ros2_ws/src/install/hexapod_description/share/hexapod_description/urdf/middle_section
-- Installing: /home/julia-hrycyna/Pulpit/Hexapod/simulation/ros2_ws/src/install/hexapod_description/share/hexapod_description/urdf/middle_section/middle_section.xacro
-- Installing: /home/julia-hrycyna/Pulpit/Hexapod/simulation/ros2_ws/src/install/hexapod_description/share/hexapod_description/urdf/down_section
-- Installing: /home/julia-hrycyna/Pulpit/Hexapod/simulation/ros2_ws/src/install/hexapod_description/share/hexapod_description/urdf/down_section/down_section.xacro
-- Installing: /home/julia-hrycyna/Pulpit/Hexapod/simulation/ros2_ws/src/install/hexapod_description/share/hexapod_description/urdf/platform
-- Installing: /home/julia-hrycyna/Pulpit/Hexapod/simulation/ros2_ws/src/install/hexapod_description/share/hexapod_description/urdf/platform/platform.xacro
-- Installing: /home/julia-hrycyna/Pulpit/Hexapod/simulation/ros2_ws/src/install/hexapod_description/share/hexapod_description/launch
-- Installing: /home/julia-hrycyna/Pulpit/Hexapod/simulation/ros2_ws/src/install/hexapod_description/share/hexapod_description/launch/robot_state_publisher.launch.py
-- Installing: /home/julia-hrycyna/Pulpit/Hexapod/simulation/ros2_ws/src/install/hexapod_description/share/hexapod_description/launch/check_urdf.launch.py
-- Installing: /home/julia-hrycyna/Pulpit/Hexapod/simulation/ros2_ws/src/install/hexapod_description/share/hexapod_description/rviz
-- Installing: /home/julia-hrycyna/Pulpit/Hexapod/simulation/ros2_ws/src/install/hexapod_description/share/hexapod_description/rviz/hexapod_description.rviz
-- Installing: /home/julia-hrycyna/Pulpit/Hexapod/simulation/ros2_ws/src/install/hexapod_description/share/ament_index/resource_index/package_run_dependencies/hexapod_description
-- Installing: /home/julia-hrycyna/Pulpit/Hexapod/simulation/ros2_ws/src/install/hexapod_description/share/ament_index/resource_index/parent_prefix_path/hexapod_description
-- Installing: /home/julia-hrycyna/Pulpit/Hexapod/simulation/ros2_ws/src/install/hexapod_description/share/hexapod_description/environment/ament_prefix_path.sh
-- Installing: /home/julia-hrycyna/Pulpit/Hexapod/simulation/ros2_ws/src/install/hexapod_description/share/hexapod_description/environment/ament_prefix_path.dsv
-- Installing: /home/julia-hrycyna/Pulpit/Hexapod/simulation/ros2_ws/src/install/hexapod_description/share/hexapod_description/environment/path.sh
-- Installing: /home/julia-hrycyna/Pulpit/Hexapod/simulation/ros2_ws/src/install/hexapod_description/share/hexapod_description/environment/path.dsv
-- Installing: /home/julia-hrycyna/Pulpit/Hexapod/simulation/ros2_ws/src/install/hexapod_description/share/hexapod_description/local_setup.bash
-- Installing: /home/julia-hrycyna/Pulpit/Hexapod/simulation/ros2_ws/src/install/hexapod_description/share/hexapod_description/local_setup.sh
-- Installing: /home/julia-hrycyna/Pulpit/Hexapod/simulation/ros2_ws/src/install/hexapod_description/share/hexapod_description/local_setup.zsh
-- Installing: /home/julia-hrycyna/Pulpit/Hexapod/simulation/ros2_ws/src/install/hexapod_description/share/hexapod_description/local_setup.dsv
-- Installing: /home/julia-hrycyna/Pulpit/Hexapod/simulation/ros2_ws/src/install/hexapod_description/share/hexapod_description/package.dsv
-- Installing: /home/julia-hrycyna/Pulpit/Hexapod/simulation/ros2_ws/src/install/hexapod_description/share/ament_index/resource_index/packages/hexapod_description
-- Installing: /home/julia-hrycyna/Pulpit/Hexapod/simulation/ros2_ws/src/install/hexapod_description/share/hexapod_description/cmake/hexapod_descriptionConfig.cmake
-- Installing: /home/julia-hrycyna/Pulpit/Hexapod/simulation/ros2_ws/src/install/hexapod_description/share/hexapod_description/cmake/hexapod_descriptionConfig-version.cmake
-- Installing: /home/julia-hrycyna/Pulpit/Hexapod/simulation/ros2_ws/src/install/hexapod_description/share/hexapod_description/package.xml
