[0.112s] DEBUG:colcon:Command line arguments: ['/usr/bin/colcon', 'build']
[0.112s] DEBUG:colcon:Parsed command line arguments: Namespace(log_base=None, log_level=None, verb_name='build', build_base='build', install_base='install', merge_install=False, symlink_install=False, test_result_base=None, continue_on_error=False, executor='parallel', parallel_workers=8, event_handlers=None, ignore_user_meta=False, metas=['./colcon.meta'], base_paths=['.'], packages_ignore=None, packages_ignore_regex=None, paths=None, packages_up_to=None, packages_up_to_regex=None, packages_above=None, packages_above_and_dependencies=None, packages_above_depth=None, packages_select_by_dep=None, packages_skip_by_dep=None, packages_skip_up_to=None, packages_select_build_failed=False, packages_skip_build_finished=False, packages_select_test_failures=False, packages_skip_test_passed=False, packages_select=None, packages_skip=None, packages_select_regex=None, packages_skip_regex=None, packages_start=None, packages_end=None, allow_overriding=[], cmake_args=None, cmake_target=None, cmake_target_skip_unavailable=False, cmake_clean_cache=False, cmake_clean_first=False, cmake_force_configure=False, ament_cmake_args=None, catkin_cmake_args=None, catkin_skip_building_tests=False, mixin_files=None, mixin=None, verb_parser=<colcon_mixin.mixin.mixin_argument.MixinArgumentDecorator object at 0x7e0844299340>, verb_extension=<colcon_core.verb.build.BuildVerb object at 0x7e08442990a0>, main=<bound method BuildVerb.main of <colcon_core.verb.build.BuildVerb object at 0x7e08442990a0>>, mixin_verb=('build',))
[0.146s] Level 1:colcon.colcon_core.package_discovery:discover_packages(colcon_meta) check parameters
[0.146s] Level 1:colcon.colcon_core.package_discovery:discover_packages(recursive) check parameters
[0.146s] Level 1:colcon.colcon_core.package_discovery:discover_packages(ignore) check parameters
[0.146s] Level 1:colcon.colcon_core.package_discovery:discover_packages(path) check parameters
[0.146s] Level 1:colcon.colcon_core.package_discovery:discover_packages(colcon_meta) discover
[0.146s] Level 1:colcon.colcon_core.package_discovery:discover_packages(recursive) discover
[0.146s] INFO:colcon.colcon_core.package_discovery:Crawling recursively for packages in '/home/milosz/Dokumenty/Hexapod-1/PlatformIO/Projects/ros2_ws'
[0.146s] Level 1:colcon.colcon_core.package_identification:_identify(.) by extensions ['ignore', 'ignore_ament_install']
[0.146s] Level 1:colcon.colcon_core.package_identification:_identify(.) by extension 'ignore'
[0.146s] Level 1:colcon.colcon_core.package_identification:_identify(.) by extension 'ignore_ament_install'
[0.146s] Level 1:colcon.colcon_core.package_identification:_identify(.) by extensions ['colcon_pkg']
[0.146s] Level 1:colcon.colcon_core.package_identification:_identify(.) by extension 'colcon_pkg'
[0.146s] Level 1:colcon.colcon_core.package_identification:_identify(.) by extensions ['colcon_meta']
[0.146s] Level 1:colcon.colcon_core.package_identification:_identify(.) by extension 'colcon_meta'
[0.146s] Level 1:colcon.colcon_core.package_identification:_identify(.) by extensions ['ros']
[0.146s] Level 1:colcon.colcon_core.package_identification:_identify(.) by extension 'ros'
[0.170s] Level 1:colcon.colcon_core.package_identification:_identify(.) by extensions ['cmake', 'python']
[0.170s] Level 1:colcon.colcon_core.package_identification:_identify(.) by extension 'cmake'
[0.170s] Level 1:colcon.colcon_core.package_identification:_identify(.) by extension 'python'
[0.170s] Level 1:colcon.colcon_core.package_identification:_identify(.) by extensions ['python_setup_py']
[0.170s] Level 1:colcon.colcon_core.package_identification:_identify(.) by extension 'python_setup_py'
[0.170s] Level 1:colcon.colcon_core.package_identification:_identify(build) by extensions ['ignore', 'ignore_ament_install']
[0.170s] Level 1:colcon.colcon_core.package_identification:_identify(build) by extension 'ignore'
[0.170s] Level 1:colcon.colcon_core.package_identification:_identify(build) ignored
[0.170s] Level 1:colcon.colcon_core.package_identification:_identify(install) by extensions ['ignore', 'ignore_ament_install']
[0.170s] Level 1:colcon.colcon_core.package_identification:_identify(install) by extension 'ignore'
[0.170s] Level 1:colcon.colcon_core.package_identification:_identify(install) ignored
[0.170s] Level 1:colcon.colcon_core.package_identification:_identify(log) by extensions ['ignore', 'ignore_ament_install']
[0.170s] Level 1:colcon.colcon_core.package_identification:_identify(log) by extension 'ignore'
[0.170s] Level 1:colcon.colcon_core.package_identification:_identify(log) ignored
[0.171s] Level 1:colcon.colcon_core.package_identification:_identify(src) by extensions ['ignore', 'ignore_ament_install']
[0.171s] Level 1:colcon.colcon_core.package_identification:_identify(src) by extension 'ignore'
[0.171s] Level 1:colcon.colcon_core.package_identification:_identify(src) by extension 'ignore_ament_install'
[0.171s] Level 1:colcon.colcon_core.package_identification:_identify(src) by extensions ['colcon_pkg']
[0.171s] Level 1:colcon.colcon_core.package_identification:_identify(src) by extension 'colcon_pkg'
[0.171s] Level 1:colcon.colcon_core.package_identification:_identify(src) by extensions ['colcon_meta']
[0.171s] Level 1:colcon.colcon_core.package_identification:_identify(src) by extension 'colcon_meta'
[0.171s] Level 1:colcon.colcon_core.package_identification:_identify(src) by extensions ['ros']
[0.171s] Level 1:colcon.colcon_core.package_identification:_identify(src) by extension 'ros'
[0.171s] Level 1:colcon.colcon_core.package_identification:_identify(src) by extensions ['cmake', 'python']
[0.171s] Level 1:colcon.colcon_core.package_identification:_identify(src) by extension 'cmake'
[0.171s] Level 1:colcon.colcon_core.package_identification:_identify(src) by extension 'python'
[0.171s] Level 1:colcon.colcon_core.package_identification:_identify(src) by extensions ['python_setup_py']
[0.171s] Level 1:colcon.colcon_core.package_identification:_identify(src) by extension 'python_setup_py'
[0.171s] Level 1:colcon.colcon_core.package_identification:_identify(src/pajak) by extensions ['ignore', 'ignore_ament_install']
[0.171s] Level 1:colcon.colcon_core.package_identification:_identify(src/pajak) by extension 'ignore'
[0.171s] Level 1:colcon.colcon_core.package_identification:_identify(src/pajak) by extension 'ignore_ament_install'
[0.171s] Level 1:colcon.colcon_core.package_identification:_identify(src/pajak) by extensions ['colcon_pkg']
[0.171s] Level 1:colcon.colcon_core.package_identification:_identify(src/pajak) by extension 'colcon_pkg'
[0.171s] Level 1:colcon.colcon_core.package_identification:_identify(src/pajak) by extensions ['colcon_meta']
[0.171s] Level 1:colcon.colcon_core.package_identification:_identify(src/pajak) by extension 'colcon_meta'
[0.171s] Level 1:colcon.colcon_core.package_identification:_identify(src/pajak) by extensions ['ros']
[0.171s] Level 1:colcon.colcon_core.package_identification:_identify(src/pajak) by extension 'ros'
[0.174s] DEBUG:colcon.colcon_core.package_identification:Package 'src/pajak' with type 'ros.ament_python' and name 'pajak'
[0.174s] Level 1:colcon.colcon_core.package_discovery:discover_packages(recursive) using defaults
[0.174s] Level 1:colcon.colcon_core.package_discovery:discover_packages(ignore) discover
[0.174s] Level 1:colcon.colcon_core.package_discovery:discover_packages(ignore) using defaults
[0.174s] Level 1:colcon.colcon_core.package_discovery:discover_packages(path) discover
[0.174s] Level 1:colcon.colcon_core.package_discovery:discover_packages(path) using defaults
[0.193s] Level 1:colcon.colcon_core.package_discovery:discover_packages(prefix_path) check parameters
[0.193s] Level 1:colcon.colcon_core.package_discovery:discover_packages(prefix_path) discover
[0.196s] DEBUG:colcon.colcon_installed_package_information.package_discovery:Found 338 installed packages in /opt/ros/jazzy
[0.196s] Level 1:colcon.colcon_core.package_discovery:discover_packages(prefix_path) using defaults
[0.228s] Level 5:colcon.colcon_core.verb:set package 'pajak' build argument 'cmake_args' from command line to 'None'
[0.228s] Level 5:colcon.colcon_core.verb:set package 'pajak' build argument 'cmake_target' from command line to 'None'
[0.228s] Level 5:colcon.colcon_core.verb:set package 'pajak' build argument 'cmake_target_skip_unavailable' from command line to 'False'
[0.228s] Level 5:colcon.colcon_core.verb:set package 'pajak' build argument 'cmake_clean_cache' from command line to 'False'
[0.228s] Level 5:colcon.colcon_core.verb:set package 'pajak' build argument 'cmake_clean_first' from command line to 'False'
[0.229s] Level 5:colcon.colcon_core.verb:set package 'pajak' build argument 'cmake_force_configure' from command line to 'False'
[0.229s] Level 5:colcon.colcon_core.verb:set package 'pajak' build argument 'ament_cmake_args' from command line to 'None'
[0.229s] Level 5:colcon.colcon_core.verb:set package 'pajak' build argument 'catkin_cmake_args' from command line to 'None'
[0.229s] Level 5:colcon.colcon_core.verb:set package 'pajak' build argument 'catkin_skip_building_tests' from command line to 'False'
[0.229s] DEBUG:colcon.colcon_core.verb:Building package 'pajak' with the following arguments: {'ament_cmake_args': None, 'build_base': '/home/milosz/Dokumenty/Hexapod-1/PlatformIO/Projects/ros2_ws/build/pajak', 'catkin_cmake_args': None, 'catkin_skip_building_tests': False, 'cmake_args': None, 'cmake_clean_cache': False, 'cmake_clean_first': False, 'cmake_force_configure': False, 'cmake_target': None, 'cmake_target_skip_unavailable': False, 'install_base': '/home/milosz/Dokumenty/Hexapod-1/PlatformIO/Projects/ros2_ws/install/pajak', 'merge_install': False, 'path': '/home/milosz/Dokumenty/Hexapod-1/PlatformIO/Projects/ros2_ws/src/pajak', 'symlink_install': False, 'test_result_base': None}
[0.229s] INFO:colcon.colcon_core.executor:Executing jobs using 'parallel' executor
[0.230s] DEBUG:colcon.colcon_parallel_executor.executor.parallel:run_until_complete
[0.230s] INFO:colcon.colcon_ros.task.ament_python.build:Building ROS package in '/home/milosz/Dokumenty/Hexapod-1/PlatformIO/Projects/ros2_ws/src/pajak' with build type 'ament_python'
[0.230s] Level 1:colcon.colcon_core.shell:create_environment_hook('pajak', 'ament_prefix_path')
[0.233s] INFO:colcon.colcon_core.plugin_system:Skipping extension 'colcon_core.shell.bat': Not used on non-Windows systems
[0.233s] INFO:colcon.colcon_core.shell:Creating environment hook '/home/milosz/Dokumenty/Hexapod-1/PlatformIO/Projects/ros2_ws/install/pajak/share/pajak/hook/ament_prefix_path.ps1'
[0.234s] INFO:colcon.colcon_core.shell:Creating environment descriptor '/home/milosz/Dokumenty/Hexapod-1/PlatformIO/Projects/ros2_ws/install/pajak/share/pajak/hook/ament_prefix_path.dsv'
[0.235s] INFO:colcon.colcon_core.shell:Creating environment hook '/home/milosz/Dokumenty/Hexapod-1/PlatformIO/Projects/ros2_ws/install/pajak/share/pajak/hook/ament_prefix_path.sh'
[0.237s] INFO:colcon.colcon_core.shell:Skip shell extension 'powershell' for command environment: Not usable outside of PowerShell
[0.237s] DEBUG:colcon.colcon_core.shell:Skip shell extension 'dsv' for command environment
[0.402s] INFO:colcon.colcon_core.task.python.build:Building Python package in '/home/milosz/Dokumenty/Hexapod-1/PlatformIO/Projects/ros2_ws/src/pajak'
[0.402s] INFO:colcon.colcon_core.shell:Skip shell extension 'powershell' for command environment: Not usable outside of PowerShell
[0.402s] DEBUG:colcon.colcon_core.shell:Skip shell extension 'dsv' for command environment
[1.012s] DEBUG:colcon.colcon_core.event_handler.log_command:Invoking command in '/home/milosz/Dokumenty/Hexapod-1/PlatformIO/Projects/ros2_ws/src/pajak': DEBUGINFOD_URLS=https://debuginfod.ubuntu.com PYTHONPATH=/home/milosz/Dokumenty/Hexapod-1/PlatformIO/Projects/ros2_ws/build/pajak/prefix_override:/usr/lib/python3/dist-packages/colcon_core/task/python/colcon_distutils_commands:/home/milosz/Dokumenty/Hexapod-1/PlatformIO/Projects/ros2_ws/install/pajak/lib/python3.12/site-packages:${PYTHONPATH} /usr/bin/python3 -W ignore:setup.py install is deprecated -W ignore:easy_install command is deprecated setup.py egg_info --egg-base ../../build/pajak build --build-base /home/milosz/Dokumenty/Hexapod-1/PlatformIO/Projects/ros2_ws/build/pajak/build install --record /home/milosz/Dokumenty/Hexapod-1/PlatformIO/Projects/ros2_ws/build/pajak/install.log --single-version-externally-managed install_data
[1.420s] DEBUG:colcon.colcon_core.event_handler.log_command:Invoked command in '/home/milosz/Dokumenty/Hexapod-1/PlatformIO/Projects/ros2_ws/src/pajak' returned '0': DEBUGINFOD_URLS=https://debuginfod.ubuntu.com PYTHONPATH=/home/milosz/Dokumenty/Hexapod-1/PlatformIO/Projects/ros2_ws/build/pajak/prefix_override:/usr/lib/python3/dist-packages/colcon_core/task/python/colcon_distutils_commands:/home/milosz/Dokumenty/Hexapod-1/PlatformIO/Projects/ros2_ws/install/pajak/lib/python3.12/site-packages:${PYTHONPATH} /usr/bin/python3 -W ignore:setup.py install is deprecated -W ignore:easy_install command is deprecated setup.py egg_info --egg-base ../../build/pajak build --build-base /home/milosz/Dokumenty/Hexapod-1/PlatformIO/Projects/ros2_ws/build/pajak/build install --record /home/milosz/Dokumenty/Hexapod-1/PlatformIO/Projects/ros2_ws/build/pajak/install.log --single-version-externally-managed install_data
[1.423s] Level 1:colcon.colcon_core.environment:checking '/home/milosz/Dokumenty/Hexapod-1/PlatformIO/Projects/ros2_ws/install/pajak' for CMake module files
[1.424s] Level 1:colcon.colcon_core.environment:checking '/home/milosz/Dokumenty/Hexapod-1/PlatformIO/Projects/ros2_ws/install/pajak' for CMake config files
[1.424s] Level 1:colcon.colcon_core.environment:checking '/home/milosz/Dokumenty/Hexapod-1/PlatformIO/Projects/ros2_ws/install/pajak/lib'
[1.424s] Level 1:colcon.colcon_core.environment:checking '/home/milosz/Dokumenty/Hexapod-1/PlatformIO/Projects/ros2_ws/install/pajak/bin'
[1.424s] Level 1:colcon.colcon_core.environment:checking '/home/milosz/Dokumenty/Hexapod-1/PlatformIO/Projects/ros2_ws/install/pajak/lib/pkgconfig/pajak.pc'
[1.424s] Level 1:colcon.colcon_core.environment:checking '/home/milosz/Dokumenty/Hexapod-1/PlatformIO/Projects/ros2_ws/install/pajak/lib/python3.12/site-packages'
[1.425s] Level 1:colcon.colcon_core.shell:create_environment_hook('pajak', 'pythonpath')
[1.425s] INFO:colcon.colcon_core.shell:Creating environment hook '/home/milosz/Dokumenty/Hexapod-1/PlatformIO/Projects/ros2_ws/install/pajak/share/pajak/hook/pythonpath.ps1'
[1.425s] INFO:colcon.colcon_core.shell:Creating environment descriptor '/home/milosz/Dokumenty/Hexapod-1/PlatformIO/Projects/ros2_ws/install/pajak/share/pajak/hook/pythonpath.dsv'
[1.425s] INFO:colcon.colcon_core.shell:Creating environment hook '/home/milosz/Dokumenty/Hexapod-1/PlatformIO/Projects/ros2_ws/install/pajak/share/pajak/hook/pythonpath.sh'
[1.426s] Level 1:colcon.colcon_core.environment:checking '/home/milosz/Dokumenty/Hexapod-1/PlatformIO/Projects/ros2_ws/install/pajak/bin'
[1.426s] Level 1:colcon.colcon_core.environment:create_environment_scripts_only(pajak)
[1.426s] INFO:colcon.colcon_core.shell:Creating package script '/home/milosz/Dokumenty/Hexapod-1/PlatformIO/Projects/ros2_ws/install/pajak/share/pajak/package.ps1'
[1.427s] INFO:colcon.colcon_core.shell:Creating package descriptor '/home/milosz/Dokumenty/Hexapod-1/PlatformIO/Projects/ros2_ws/install/pajak/share/pajak/package.dsv'
[1.428s] INFO:colcon.colcon_core.shell:Creating package script '/home/milosz/Dokumenty/Hexapod-1/PlatformIO/Projects/ros2_ws/install/pajak/share/pajak/package.sh'
[1.429s] INFO:colcon.colcon_core.shell:Creating package script '/home/milosz/Dokumenty/Hexapod-1/PlatformIO/Projects/ros2_ws/install/pajak/share/pajak/package.bash'
[1.430s] INFO:colcon.colcon_core.shell:Creating package script '/home/milosz/Dokumenty/Hexapod-1/PlatformIO/Projects/ros2_ws/install/pajak/share/pajak/package.zsh'
[1.431s] Level 1:colcon.colcon_core.environment:create_file_with_runtime_dependencies(/home/milosz/Dokumenty/Hexapod-1/PlatformIO/Projects/ros2_ws/install/pajak/share/colcon-core/packages/pajak)
[1.432s] DEBUG:colcon.colcon_parallel_executor.executor.parallel:closing loop
[1.432s] DEBUG:colcon.colcon_parallel_executor.executor.parallel:loop closed
[1.432s] DEBUG:colcon.colcon_parallel_executor.executor.parallel:run_until_complete finished with '0'
[1.432s] DEBUG:colcon.colcon_core.event_reactor:joining thread
[1.439s] INFO:colcon.colcon_core.plugin_system:Skipping extension 'colcon_notification.desktop_notification.terminal_notifier': Not used on non-Darwin systems
[1.439s] INFO:colcon.colcon_core.plugin_system:Skipping extension 'colcon_notification.desktop_notification.win32': Not used on non-Windows systems
[1.440s] INFO:colcon.colcon_notification.desktop_notification:Sending desktop notification using 'notify2'
[1.450s] DEBUG:colcon.colcon_core.event_reactor:joined thread
[1.450s] INFO:colcon.colcon_core.shell:Creating prefix script '/home/milosz/Dokumenty/Hexapod-1/PlatformIO/Projects/ros2_ws/install/local_setup.ps1'
[1.451s] INFO:colcon.colcon_core.shell:Creating prefix util module '/home/milosz/Dokumenty/Hexapod-1/PlatformIO/Projects/ros2_ws/install/_local_setup_util_ps1.py'
[1.453s] INFO:colcon.colcon_core.shell:Creating prefix chain script '/home/milosz/Dokumenty/Hexapod-1/PlatformIO/Projects/ros2_ws/install/setup.ps1'
[1.455s] INFO:colcon.colcon_core.shell:Creating prefix script '/home/milosz/Dokumenty/Hexapod-1/PlatformIO/Projects/ros2_ws/install/local_setup.sh'
[1.455s] INFO:colcon.colcon_core.shell:Creating prefix util module '/home/milosz/Dokumenty/Hexapod-1/PlatformIO/Projects/ros2_ws/install/_local_setup_util_sh.py'
[1.456s] INFO:colcon.colcon_core.shell:Creating prefix chain script '/home/milosz/Dokumenty/Hexapod-1/PlatformIO/Projects/ros2_ws/install/setup.sh'
[1.457s] INFO:colcon.colcon_core.shell:Creating prefix script '/home/milosz/Dokumenty/Hexapod-1/PlatformIO/Projects/ros2_ws/install/local_setup.bash'
[1.457s] INFO:colcon.colcon_core.shell:Creating prefix chain script '/home/milosz/Dokumenty/Hexapod-1/PlatformIO/Projects/ros2_ws/install/setup.bash'
[1.459s] INFO:colcon.colcon_core.shell:Creating prefix script '/home/milosz/Dokumenty/Hexapod-1/PlatformIO/Projects/ros2_ws/install/local_setup.zsh'
[1.460s] INFO:colcon.colcon_core.shell:Creating prefix chain script '/home/milosz/Dokumenty/Hexapod-1/PlatformIO/Projects/ros2_ws/install/setup.zsh'
