running egg_info
writing ../../build/pajak/pajak.egg-info/PKG-INFO
writing dependency_links to ../../build/pajak/pajak.egg-info/dependency_links.txt
writing entry points to ../../build/pajak/pajak.egg-info/entry_points.txt
writing requirements to ../../build/pajak/pajak.egg-info/requires.txt
writing top-level names to ../../build/pajak/pajak.egg-info/top_level.txt
reading manifest file '../../build/pajak/pajak.egg-info/SOURCES.txt'
adding license file 'LICENSE'
writing manifest file '../../build/pajak/pajak.egg-info/SOURCES.txt'
running build
running build_py
copying pajak/walk_v1.py -> /home/milosz/Dokumenty/Hexapod-1/PlatformIO/Projects/ros2_ws/build/pajak/build/lib/pajak
running install
running install_lib
copying /home/milosz/Dokumenty/Hexapod-1/PlatformIO/Projects/ros2_ws/build/pajak/build/lib/pajak/walk_v1.py -> /home/milosz/Dokumenty/Hexapod-1/PlatformIO/Projects/ros2_ws/install/pajak/lib/python3.12/site-packages/pajak
byte-compiling /home/milosz/Dokumenty/Hexapod-1/PlatformIO/Projects/ros2_ws/install/pajak/lib/python3.12/site-packages/pajak/walk_v1.py to walk_v1.cpython-312.pyc
running install_data
running install_egg_info
removing '/home/milosz/Dokumenty/Hexapod-1/PlatformIO/Projects/ros2_ws/install/pajak/lib/python3.12/site-packages/pajak-0.0.0-py3.12.egg-info' (and everything under it)
Copying ../../build/pajak/pajak.egg-info to /home/milosz/Dokumenty/Hexapod-1/PlatformIO/Projects/ros2_ws/install/pajak/lib/python3.12/site-packages/pajak-0.0.0-py3.12.egg-info
running install_scripts
Installing esp32_serial_commander script to /home/milosz/Dokumenty/Hexapod-1/PlatformIO/Projects/ros2_ws/install/pajak/lib/pajak
Installing my_node script to /home/milosz/Dokumenty/Hexapod-1/PlatformIO/Projects/ros2_ws/install/pajak/lib/pajak
Installing pajak_trajectory script to /home/milosz/Dokumenty/Hexapod-1/PlatformIO/Projects/ros2_ws/install/pajak/lib/pajak
Installing test script to /home/milosz/Dokumenty/Hexapod-1/PlatformIO/Projects/ros2_ws/install/pajak/lib/pajak
Installing walk_v1 script to /home/milosz/Dokumenty/Hexapod-1/PlatformIO/Projects/ros2_ws/install/pajak/lib/pajak
writing list of installed files to '/home/milosz/Dokumenty/Hexapod-1/PlatformIO/Projects/ros2_ws/build/pajak/install.log'
