[0.029s] Invoking command in '/home/bartosz-babi-ski/Hexapod_git2/Hexapod/simulation/ros2_ws_hex/build/open_manipulator_description': CMAKE_PREFIX_PATH=${CMAKE_PREFIX_PATH}:/home/bartosz-babi-ski/ws_moveit/install/moveit_configs_utils:/opt/ros/jazzy DEBUGINFOD_URLS=https://debuginfod.ubuntu.com /usr/bin/cmake /home/bartosz-babi-ski/Hexapod_git2/Hexapod/simulation/ros2_ws_hex/src/open_manipulator_description -DCMAKE_INSTALL_PREFIX=/home/bartosz-babi-ski/Hexapod_git2/Hexapod/simulation/ros2_ws_hex/install/open_manipulator_description
[0.076s] -- The C compiler identification is GNU 13.3.0
[0.123s] -- The CXX compiler identification is GNU 13.3.0
[0.137s] -- Detecting C compiler ABI info
[0.215s] -- Detecting C compiler ABI info - done
[0.222s] -- Check for working C compiler: /usr/bin/cc - skipped
[0.222s] -- Detecting C compile features
[0.222s] -- Detecting C compile features - done
[0.230s] -- Detecting CXX compiler ABI info
[0.320s] -- Detecting CXX compiler ABI info - done
[0.326s] -- Check for working CXX compiler: /usr/bin/c++ - skipped
[0.326s] -- Detecting CXX compile features
[0.327s] -- Detecting CXX compile features - done
[0.333s] -- Found ament_cmake: 2.5.3 (/opt/ros/jazzy/share/ament_cmake/cmake)
[0.505s] -- Found Python3: /usr/bin/python3 (found version "3.12.3") found components: Interpreter 
[0.708s] -- Configuring done (0.7s)
[0.710s] -- Generating done (0.0s)
[0.711s] -- Build files have been written to: /home/bartosz-babi-ski/Hexapod_git2/Hexapod/simulation/ros2_ws_hex/build/open_manipulator_description
[0.715s] Invoked command in '/home/bartosz-babi-ski/Hexapod_git2/Hexapod/simulation/ros2_ws_hex/build/open_manipulator_description' returned '0': CMAKE_PREFIX_PATH=${CMAKE_PREFIX_PATH}:/home/bartosz-babi-ski/ws_moveit/install/moveit_configs_utils:/opt/ros/jazzy DEBUGINFOD_URLS=https://debuginfod.ubuntu.com /usr/bin/cmake /home/bartosz-babi-ski/Hexapod_git2/Hexapod/simulation/ros2_ws_hex/src/open_manipulator_description -DCMAKE_INSTALL_PREFIX=/home/bartosz-babi-ski/Hexapod_git2/Hexapod/simulation/ros2_ws_hex/install/open_manipulator_description
[0.716s] Invoking command in '/home/bartosz-babi-ski/Hexapod_git2/Hexapod/simulation/ros2_ws_hex/build/open_manipulator_description': CMAKE_PREFIX_PATH=${CMAKE_PREFIX_PATH}:/home/bartosz-babi-ski/ws_moveit/install/moveit_configs_utils:/opt/ros/jazzy DEBUGINFOD_URLS=https://debuginfod.ubuntu.com /usr/bin/cmake --build /home/bartosz-babi-ski/Hexapod_git2/Hexapod/simulation/ros2_ws_hex/build/open_manipulator_description -- -j12 -l12
[0.753s] Invoked command in '/home/bartosz-babi-ski/Hexapod_git2/Hexapod/simulation/ros2_ws_hex/build/open_manipulator_description' returned '0': CMAKE_PREFIX_PATH=${CMAKE_PREFIX_PATH}:/home/bartosz-babi-ski/ws_moveit/install/moveit_configs_utils:/opt/ros/jazzy DEBUGINFOD_URLS=https://debuginfod.ubuntu.com /usr/bin/cmake --build /home/bartosz-babi-ski/Hexapod_git2/Hexapod/simulation/ros2_ws_hex/build/open_manipulator_description -- -j12 -l12
[0.763s] Invoking command in '/home/bartosz-babi-ski/Hexapod_git2/Hexapod/simulation/ros2_ws_hex/build/open_manipulator_description': CMAKE_PREFIX_PATH=${CMAKE_PREFIX_PATH}:/home/bartosz-babi-ski/ws_moveit/install/moveit_configs_utils:/opt/ros/jazzy DEBUGINFOD_URLS=https://debuginfod.ubuntu.com /usr/bin/cmake --install /home/bartosz-babi-ski/Hexapod_git2/Hexapod/simulation/ros2_ws_hex/build/open_manipulator_description
[0.771s] -- Install configuration: ""
[0.771s] -- Installing: /home/bartosz-babi-ski/Hexapod_git2/Hexapod/simulation/ros2_ws_hex/install/open_manipulator_description/share/open_manipulator_description/launch
[0.771s] -- Installing: /home/bartosz-babi-ski/Hexapod_git2/Hexapod/simulation/ros2_ws_hex/install/open_manipulator_description/share/open_manipulator_description/launch/model_x.launch.py
[0.771s] -- Installing: /home/bartosz-babi-ski/Hexapod_git2/Hexapod/simulation/ros2_ws_hex/install/open_manipulator_description/share/open_manipulator_description/launch/model_y.launch.py
[0.771s] -- Installing: /home/bartosz-babi-ski/Hexapod_git2/Hexapod/simulation/ros2_ws_hex/install/open_manipulator_description/share/open_manipulator_description/meshes
[0.771s] -- Installing: /home/bartosz-babi-ski/Hexapod_git2/Hexapod/simulation/ros2_ws_hex/install/open_manipulator_description/share/open_manipulator_description/meshes/platform_gear.stl
[0.771s] -- Installing: /home/bartosz-babi-ski/Hexapod_git2/Hexapod/simulation/ros2_ws_hex/install/open_manipulator_description/share/open_manipulator_description/meshes/leg_mid_gear.stl
[0.771s] -- Installing: /home/bartosz-babi-ski/Hexapod_git2/Hexapod/simulation/ros2_ws_hex/install/open_manipulator_description/share/open_manipulator_description/meshes/leg_up_gear.stl
[0.772s] -- Installing: /home/bartosz-babi-ski/Hexapod_git2/Hexapod/simulation/ros2_ws_hex/install/open_manipulator_description/share/open_manipulator_description/meshes/leg_down.stl
[0.774s] -- Installing: /home/bartosz-babi-ski/Hexapod_git2/Hexapod/simulation/ros2_ws_hex/install/open_manipulator_description/share/open_manipulator_description/meshes/leg_up.stl
[0.776s] -- Installing: /home/bartosz-babi-ski/Hexapod_git2/Hexapod/simulation/ros2_ws_hex/install/open_manipulator_description/share/open_manipulator_description/meshes/platform.stl
[0.776s] -- Installing: /home/bartosz-babi-ski/Hexapod_git2/Hexapod/simulation/ros2_ws_hex/install/open_manipulator_description/share/open_manipulator_description/meshes/leg_mid.stl
[0.777s] -- Installing: /home/bartosz-babi-ski/Hexapod_git2/Hexapod/simulation/ros2_ws_hex/install/open_manipulator_description/share/open_manipulator_description/rviz
[0.777s] -- Installing: /home/bartosz-babi-ski/Hexapod_git2/Hexapod/simulation/ros2_ws_hex/install/open_manipulator_description/share/open_manipulator_description/rviz/open_manipulator.rviz
[0.777s] -- Installing: /home/bartosz-babi-ski/Hexapod_git2/Hexapod/simulation/ros2_ws_hex/install/open_manipulator_description/share/open_manipulator_description/urdf
[0.777s] -- Installing: /home/bartosz-babi-ski/Hexapod_git2/Hexapod/simulation/ros2_ws_hex/install/open_manipulator_description/share/open_manipulator_description/urdf/rh_p12_rn_a.urdf.xacro
[0.777s] -- Installing: /home/bartosz-babi-ski/Hexapod_git2/Hexapod/simulation/ros2_ws_hex/install/open_manipulator_description/share/open_manipulator_description/urdf/open_manipulator_x.urdf
[0.777s] -- Installing: /home/bartosz-babi-ski/Hexapod_git2/Hexapod/simulation/ros2_ws_hex/install/open_manipulator_description/share/open_manipulator_description/urdf/om_x
[0.777s] -- Installing: /home/bartosz-babi-ski/Hexapod_git2/Hexapod/simulation/ros2_ws_hex/install/open_manipulator_description/share/open_manipulator_description/urdf/om_x/open_manipulator_x_arm.urdf.xacro
[0.777s] -- Installing: /home/bartosz-babi-ski/Hexapod_git2/Hexapod/simulation/ros2_ws_hex/install/open_manipulator_description/share/open_manipulator_description/urdf/om_x/open_manipulator_x_float.urdf.xacro
[0.777s] -- Installing: /home/bartosz-babi-ski/Hexapod_git2/Hexapod/simulation/ros2_ws_hex/install/open_manipulator_description/share/open_manipulator_description/urdf/om_x/open_manipulator_x.urdf.xacro
[0.777s] -- Installing: /home/bartosz-babi-ski/Hexapod_git2/Hexapod/simulation/ros2_ws_hex/install/open_manipulator_description/share/open_manipulator_description/urdf/om_x/open_manipulator_x_arm_float.urdf.xacro
[0.778s] -- Installing: /home/bartosz-babi-ski/Hexapod_git2/Hexapod/simulation/ros2_ws_hex/install/open_manipulator_description/share/open_manipulator_description/urdf/om_y
[0.778s] -- Installing: /home/bartosz-babi-ski/Hexapod_git2/Hexapod/simulation/ros2_ws_hex/install/open_manipulator_description/share/open_manipulator_description/urdf/om_y/open_manipulator_y.urdf.xacro
[0.778s] -- Installing: /home/bartosz-babi-ski/Hexapod_git2/Hexapod/simulation/ros2_ws_hex/install/open_manipulator_description/share/open_manipulator_description/urdf/om_y/open_manipulator_y_follower.urdf
[0.778s] -- Installing: /home/bartosz-babi-ski/Hexapod_git2/Hexapod/simulation/ros2_ws_hex/install/open_manipulator_description/share/open_manipulator_description/urdf/om_y/open_manipulator_y_arm.urdf.xacro
[0.778s] -- Installing: /home/bartosz-babi-ski/Hexapod_git2/Hexapod/simulation/ros2_ws_hex/install/open_manipulator_description/share/open_manipulator_description/urdf/om_y/open_manipulator_y_follower.urdf.xacro
[0.778s] -- Installing: /home/bartosz-babi-ski/Hexapod_git2/Hexapod/simulation/ros2_ws_hex/install/open_manipulator_description/share/open_manipulator_description/urdf/om_y_leader
[0.778s] -- Installing: /home/bartosz-babi-ski/Hexapod_git2/Hexapod/simulation/ros2_ws_hex/install/open_manipulator_description/share/open_manipulator_description/urdf/om_y_leader/open_manipulator_y_leader.urdf.xacro
[0.778s] -- Installing: /home/bartosz-babi-ski/Hexapod_git2/Hexapod/simulation/ros2_ws_hex/install/open_manipulator_description/share/open_manipulator_description/urdf/om_y_leader/open_manipulator_y_leader_arm.urdf
[0.778s] -- Installing: /home/bartosz-babi-ski/Hexapod_git2/Hexapod/simulation/ros2_ws_hex/install/open_manipulator_description/share/open_manipulator_description/gazebo
[0.778s] -- Installing: /home/bartosz-babi-ski/Hexapod_git2/Hexapod/simulation/ros2_ws_hex/install/open_manipulator_description/share/open_manipulator_description/gazebo/open_manipulator_x.gazebo.xacro
[0.778s] -- Installing: /home/bartosz-babi-ski/Hexapod_git2/Hexapod/simulation/ros2_ws_hex/install/open_manipulator_description/share/open_manipulator_description/gazebo/rh_p12_rn_a.gazebo.xacro
[0.779s] -- Installing: /home/bartosz-babi-ski/Hexapod_git2/Hexapod/simulation/ros2_ws_hex/install/open_manipulator_description/share/open_manipulator_description/gazebo/open_manipulator_y_arm.gazebo.xacro
[0.779s] -- Installing: /home/bartosz-babi-ski/Hexapod_git2/Hexapod/simulation/ros2_ws_hex/install/open_manipulator_description/share/open_manipulator_description/ros2_control
[0.779s] -- Installing: /home/bartosz-babi-ski/Hexapod_git2/Hexapod/simulation/ros2_ws_hex/install/open_manipulator_description/share/open_manipulator_description/ros2_control/open_manipulator_y_follower_system.ros2_control.xacro
[0.779s] -- Installing: /home/bartosz-babi-ski/Hexapod_git2/Hexapod/simulation/ros2_ws_hex/install/open_manipulator_description/share/open_manipulator_description/ros2_control/open_manipulator_y_leader_system.ros2_control.xacro
[0.779s] -- Installing: /home/bartosz-babi-ski/Hexapod_git2/Hexapod/simulation/ros2_ws_hex/install/open_manipulator_description/share/open_manipulator_description/ros2_control/open_manipulator_y_system.ros2_control.xacro
[0.779s] -- Installing: /home/bartosz-babi-ski/Hexapod_git2/Hexapod/simulation/ros2_ws_hex/install/open_manipulator_description/share/open_manipulator_description/ros2_control/open_manipulator_x_system.ros2_control.xacro
[0.779s] -- Installing: /home/bartosz-babi-ski/Hexapod_git2/Hexapod/simulation/ros2_ws_hex/install/open_manipulator_description/share/ament_index/resource_index/package_run_dependencies/open_manipulator_description
[0.779s] -- Installing: /home/bartosz-babi-ski/Hexapod_git2/Hexapod/simulation/ros2_ws_hex/install/open_manipulator_description/share/ament_index/resource_index/parent_prefix_path/open_manipulator_description
[0.779s] -- Installing: /home/bartosz-babi-ski/Hexapod_git2/Hexapod/simulation/ros2_ws_hex/install/open_manipulator_description/share/open_manipulator_description/environment/ament_prefix_path.sh
[0.779s] -- Installing: /home/bartosz-babi-ski/Hexapod_git2/Hexapod/simulation/ros2_ws_hex/install/open_manipulator_description/share/open_manipulator_description/environment/ament_prefix_path.dsv
[0.779s] -- Installing: /home/bartosz-babi-ski/Hexapod_git2/Hexapod/simulation/ros2_ws_hex/install/open_manipulator_description/share/open_manipulator_description/environment/path.sh
[0.779s] -- Installing: /home/bartosz-babi-ski/Hexapod_git2/Hexapod/simulation/ros2_ws_hex/install/open_manipulator_description/share/open_manipulator_description/environment/path.dsv
[0.780s] -- Installing: /home/bartosz-babi-ski/Hexapod_git2/Hexapod/simulation/ros2_ws_hex/install/open_manipulator_description/share/open_manipulator_description/local_setup.bash
[0.780s] -- Installing: /home/bartosz-babi-ski/Hexapod_git2/Hexapod/simulation/ros2_ws_hex/install/open_manipulator_description/share/open_manipulator_description/local_setup.sh
[0.780s] -- Installing: /home/bartosz-babi-ski/Hexapod_git2/Hexapod/simulation/ros2_ws_hex/install/open_manipulator_description/share/open_manipulator_description/local_setup.zsh
[0.780s] -- Installing: /home/bartosz-babi-ski/Hexapod_git2/Hexapod/simulation/ros2_ws_hex/install/open_manipulator_description/share/open_manipulator_description/local_setup.dsv
[0.780s] -- Installing: /home/bartosz-babi-ski/Hexapod_git2/Hexapod/simulation/ros2_ws_hex/install/open_manipulator_description/share/open_manipulator_description/package.dsv
[0.780s] -- Installing: /home/bartosz-babi-ski/Hexapod_git2/Hexapod/simulation/ros2_ws_hex/install/open_manipulator_description/share/ament_index/resource_index/packages/open_manipulator_description
[0.780s] -- Installing: /home/bartosz-babi-ski/Hexapod_git2/Hexapod/simulation/ros2_ws_hex/install/open_manipulator_description/share/open_manipulator_description/cmake/open_manipulator_descriptionConfig.cmake
[0.780s] -- Installing: /home/bartosz-babi-ski/Hexapod_git2/Hexapod/simulation/ros2_ws_hex/install/open_manipulator_description/share/open_manipulator_description/cmake/open_manipulator_descriptionConfig-version.cmake
[0.780s] -- Installing: /home/bartosz-babi-ski/Hexapod_git2/Hexapod/simulation/ros2_ws_hex/install/open_manipulator_description/share/open_manipulator_description/package.xml
[0.781s] Invoked command in '/home/bartosz-babi-ski/Hexapod_git2/Hexapod/simulation/ros2_ws_hex/build/open_manipulator_description' returned '0': CMAKE_PREFIX_PATH=${CMAKE_PREFIX_PATH}:/home/bartosz-babi-ski/ws_moveit/install/moveit_configs_utils:/opt/ros/jazzy DEBUGINFOD_URLS=https://debuginfod.ubuntu.com /usr/bin/cmake --install /home/bartosz-babi-ski/Hexapod_git2/Hexapod/simulation/ros2_ws_hex/build/open_manipulator_description
