[0.008s] Invoking command in '/home/bartosz-babi-ski/Hexapod_git4/Hexapod/simulation/ros2_ws_hex/build/hex_gz': AMENT_PREFIX_PATH=/home/bartosz-babi-ski/Hexapod_git4/Hexapod/simulation/ros2_ws_hex/install/hexapod_description:${AMENT_PREFIX_PATH} CMAKE_PREFIX_PATH=/home/bartosz-babi-ski/Hexapod_git4/Hexapod/simulation/ros2_ws_hex/install/hexapod_description:/opt/ros/jazzy/opt/gz_launch_vendor:/opt/ros/jazzy/opt/gz_sim_vendor:/opt/ros/jazzy/opt/gz_sensors_vendor:/opt/ros/jazzy/opt/gz_physics_vendor:/opt/ros/jazzy/opt/sdformat_vendor:/opt/ros/jazzy/opt/gz_gui_vendor:/opt/ros/jazzy/opt/gz_transport_vendor:/opt/ros/jazzy/opt/gz_rendering_vendor:/opt/ros/jazzy/opt/gz_plugin_vendor:/opt/ros/jazzy/opt/gz_fuel_tools_vendor:/opt/ros/jazzy/opt/gz_msgs_vendor:/opt/ros/jazzy/opt/gz_common_vendor:/opt/ros/jazzy/opt/gz_math_vendor:/opt/ros/jazzy/opt/gz_utils_vendor:/opt/ros/jazzy/opt/gz_tools_vendor:/opt/ros/jazzy/opt/gz_ogre_next_vendor:/opt/ros/jazzy/opt/gz_dartsim_vendor:/opt/ros/jazzy/opt/gz_cmake_vendor:/opt/ros/jazzy DEBUGINFOD_URLS=https://debuginfod.ubuntu.com /usr/bin/cmake /home/bartosz-babi-ski/Hexapod_git4/Hexapod/simulation/ros2_ws_hex/src/hex_gz -DCMAKE_INSTALL_PREFIX=/home/bartosz-babi-ski/Hexapod_git4/Hexapod/simulation/ros2_ws_hex/install/hex_gz
[0.055s] -- The C compiler identification is GNU 13.3.0
[0.109s] -- The CXX compiler identification is GNU 13.3.0
[0.125s] -- Detecting C compiler ABI info
[0.203s] -- Detecting C compiler ABI info - done
[0.211s] -- Check for working C compiler: /usr/bin/cc - skipped
[0.211s] -- Detecting C compile features
[0.212s] -- Detecting C compile features - done
[0.219s] -- Detecting CXX compiler ABI info
[0.295s] -- Detecting CXX compiler ABI info - done
[0.303s] -- Check for working CXX compiler: /usr/bin/c++ - skipped
[0.304s] -- Detecting CXX compile features
[0.304s] -- Detecting CXX compile features - done
[0.308s] -- Found ament_cmake: 2.5.3 (/opt/ros/jazzy/share/ament_cmake/cmake)
[0.445s] -- Found Python3: /usr/bin/python3 (found version "3.12.3") found components: Interpreter 
[0.720s] -- Configuring done (0.7s)
[0.722s] -- Generating done (0.0s)
[0.723s] -- Build files have been written to: /home/bartosz-babi-ski/Hexapod_git4/Hexapod/simulation/ros2_ws_hex/build/hex_gz
[0.727s] Invoked command in '/home/bartosz-babi-ski/Hexapod_git4/Hexapod/simulation/ros2_ws_hex/build/hex_gz' returned '0': AMENT_PREFIX_PATH=/home/bartosz-babi-ski/Hexapod_git4/Hexapod/simulation/ros2_ws_hex/install/hexapod_description:${AMENT_PREFIX_PATH} CMAKE_PREFIX_PATH=/home/bartosz-babi-ski/Hexapod_git4/Hexapod/simulation/ros2_ws_hex/install/hexapod_description:/opt/ros/jazzy/opt/gz_launch_vendor:/opt/ros/jazzy/opt/gz_sim_vendor:/opt/ros/jazzy/opt/gz_sensors_vendor:/opt/ros/jazzy/opt/gz_physics_vendor:/opt/ros/jazzy/opt/sdformat_vendor:/opt/ros/jazzy/opt/gz_gui_vendor:/opt/ros/jazzy/opt/gz_transport_vendor:/opt/ros/jazzy/opt/gz_rendering_vendor:/opt/ros/jazzy/opt/gz_plugin_vendor:/opt/ros/jazzy/opt/gz_fuel_tools_vendor:/opt/ros/jazzy/opt/gz_msgs_vendor:/opt/ros/jazzy/opt/gz_common_vendor:/opt/ros/jazzy/opt/gz_math_vendor:/opt/ros/jazzy/opt/gz_utils_vendor:/opt/ros/jazzy/opt/gz_tools_vendor:/opt/ros/jazzy/opt/gz_ogre_next_vendor:/opt/ros/jazzy/opt/gz_dartsim_vendor:/opt/ros/jazzy/opt/gz_cmake_vendor:/opt/ros/jazzy DEBUGINFOD_URLS=https://debuginfod.ubuntu.com /usr/bin/cmake /home/bartosz-babi-ski/Hexapod_git4/Hexapod/simulation/ros2_ws_hex/src/hex_gz -DCMAKE_INSTALL_PREFIX=/home/bartosz-babi-ski/Hexapod_git4/Hexapod/simulation/ros2_ws_hex/install/hex_gz
[0.728s] Invoking command in '/home/bartosz-babi-ski/Hexapod_git4/Hexapod/simulation/ros2_ws_hex/build/hex_gz': AMENT_PREFIX_PATH=/home/bartosz-babi-ski/Hexapod_git4/Hexapod/simulation/ros2_ws_hex/install/hexapod_description:${AMENT_PREFIX_PATH} CMAKE_PREFIX_PATH=/home/bartosz-babi-ski/Hexapod_git4/Hexapod/simulation/ros2_ws_hex/install/hexapod_description:/opt/ros/jazzy/opt/gz_launch_vendor:/opt/ros/jazzy/opt/gz_sim_vendor:/opt/ros/jazzy/opt/gz_sensors_vendor:/opt/ros/jazzy/opt/gz_physics_vendor:/opt/ros/jazzy/opt/sdformat_vendor:/opt/ros/jazzy/opt/gz_gui_vendor:/opt/ros/jazzy/opt/gz_transport_vendor:/opt/ros/jazzy/opt/gz_rendering_vendor:/opt/ros/jazzy/opt/gz_plugin_vendor:/opt/ros/jazzy/opt/gz_fuel_tools_vendor:/opt/ros/jazzy/opt/gz_msgs_vendor:/opt/ros/jazzy/opt/gz_common_vendor:/opt/ros/jazzy/opt/gz_math_vendor:/opt/ros/jazzy/opt/gz_utils_vendor:/opt/ros/jazzy/opt/gz_tools_vendor:/opt/ros/jazzy/opt/gz_ogre_next_vendor:/opt/ros/jazzy/opt/gz_dartsim_vendor:/opt/ros/jazzy/opt/gz_cmake_vendor:/opt/ros/jazzy DEBUGINFOD_URLS=https://debuginfod.ubuntu.com /usr/bin/cmake --build /home/bartosz-babi-ski/Hexapod_git4/Hexapod/simulation/ros2_ws_hex/build/hex_gz -- -j12 -l12
[0.758s] Invoked command in '/home/bartosz-babi-ski/Hexapod_git4/Hexapod/simulation/ros2_ws_hex/build/hex_gz' returned '0': AMENT_PREFIX_PATH=/home/bartosz-babi-ski/Hexapod_git4/Hexapod/simulation/ros2_ws_hex/install/hexapod_description:${AMENT_PREFIX_PATH} CMAKE_PREFIX_PATH=/home/bartosz-babi-ski/Hexapod_git4/Hexapod/simulation/ros2_ws_hex/install/hexapod_description:/opt/ros/jazzy/opt/gz_launch_vendor:/opt/ros/jazzy/opt/gz_sim_vendor:/opt/ros/jazzy/opt/gz_sensors_vendor:/opt/ros/jazzy/opt/gz_physics_vendor:/opt/ros/jazzy/opt/sdformat_vendor:/opt/ros/jazzy/opt/gz_gui_vendor:/opt/ros/jazzy/opt/gz_transport_vendor:/opt/ros/jazzy/opt/gz_rendering_vendor:/opt/ros/jazzy/opt/gz_plugin_vendor:/opt/ros/jazzy/opt/gz_fuel_tools_vendor:/opt/ros/jazzy/opt/gz_msgs_vendor:/opt/ros/jazzy/opt/gz_common_vendor:/opt/ros/jazzy/opt/gz_math_vendor:/opt/ros/jazzy/opt/gz_utils_vendor:/opt/ros/jazzy/opt/gz_tools_vendor:/opt/ros/jazzy/opt/gz_ogre_next_vendor:/opt/ros/jazzy/opt/gz_dartsim_vendor:/opt/ros/jazzy/opt/gz_cmake_vendor:/opt/ros/jazzy DEBUGINFOD_URLS=https://debuginfod.ubuntu.com /usr/bin/cmake --build /home/bartosz-babi-ski/Hexapod_git4/Hexapod/simulation/ros2_ws_hex/build/hex_gz -- -j12 -l12
[0.759s] Invoking command in '/home/bartosz-babi-ski/Hexapod_git4/Hexapod/simulation/ros2_ws_hex/build/hex_gz': AMENT_PREFIX_PATH=/home/bartosz-babi-ski/Hexapod_git4/Hexapod/simulation/ros2_ws_hex/install/hexapod_description:${AMENT_PREFIX_PATH} CMAKE_PREFIX_PATH=/home/bartosz-babi-ski/Hexapod_git4/Hexapod/simulation/ros2_ws_hex/install/hexapod_description:/opt/ros/jazzy/opt/gz_launch_vendor:/opt/ros/jazzy/opt/gz_sim_vendor:/opt/ros/jazzy/opt/gz_sensors_vendor:/opt/ros/jazzy/opt/gz_physics_vendor:/opt/ros/jazzy/opt/sdformat_vendor:/opt/ros/jazzy/opt/gz_gui_vendor:/opt/ros/jazzy/opt/gz_transport_vendor:/opt/ros/jazzy/opt/gz_rendering_vendor:/opt/ros/jazzy/opt/gz_plugin_vendor:/opt/ros/jazzy/opt/gz_fuel_tools_vendor:/opt/ros/jazzy/opt/gz_msgs_vendor:/opt/ros/jazzy/opt/gz_common_vendor:/opt/ros/jazzy/opt/gz_math_vendor:/opt/ros/jazzy/opt/gz_utils_vendor:/opt/ros/jazzy/opt/gz_tools_vendor:/opt/ros/jazzy/opt/gz_ogre_next_vendor:/opt/ros/jazzy/opt/gz_dartsim_vendor:/opt/ros/jazzy/opt/gz_cmake_vendor:/opt/ros/jazzy DEBUGINFOD_URLS=https://debuginfod.ubuntu.com /usr/bin/cmake --install /home/bartosz-babi-ski/Hexapod_git4/Hexapod/simulation/ros2_ws_hex/build/hex_gz
[0.765s] -- Install configuration: ""
[0.765s] -- Installing: /home/bartosz-babi-ski/Hexapod_git4/Hexapod/simulation/ros2_ws_hex/install/hex_gz/share/hex_gz/launch
[0.766s] -- Installing: /home/bartosz-babi-ski/Hexapod_git4/Hexapod/simulation/ros2_ws_hex/install/hex_gz/share/hex_gz/launch/ai_teleoperation.launch.py
[0.766s] -- Installing: /home/bartosz-babi-ski/Hexapod_git4/Hexapod/simulation/ros2_ws_hex/install/hex_gz/share/hex_gz/launch/hardware_x.launch.py
[0.766s] -- Installing: /home/bartosz-babi-ski/Hexapod_git4/Hexapod/simulation/ros2_ws_hex/install/hex_gz/share/hex_gz/launch/gazebo.launch.py
[0.766s] -- Installing: /home/bartosz-babi-ski/Hexapod_git4/Hexapod/simulation/ros2_ws_hex/install/hex_gz/share/hex_gz/config
[0.766s] -- Installing: /home/bartosz-babi-ski/Hexapod_git4/Hexapod/simulation/ros2_ws_hex/install/hex_gz/share/hex_gz/config/hardware_controller_manager.yaml
[0.766s] -- Installing: /home/bartosz-babi-ski/Hexapod_git4/Hexapod/simulation/ros2_ws_hex/install/hex_gz/share/hex_gz/config/gazebo_controller_manager.yaml
[0.766s] -- Installing: /home/bartosz-babi-ski/Hexapod_git4/Hexapod/simulation/ros2_ws_hex/install/hex_gz/share/hex_gz/worlds
[0.766s] -- Installing: /home/bartosz-babi-ski/Hexapod_git4/Hexapod/simulation/ros2_ws_hex/install/hex_gz/share/hex_gz/worlds/empty_world.sdf
[0.766s] -- Installing: /home/bartosz-babi-ski/Hexapod_git4/Hexapod/simulation/ros2_ws_hex/install/hex_gz/share/hex_gz/open-manipulator-x-cdc.rules
[0.766s] -- Installing: /home/bartosz-babi-ski/Hexapod_git4/Hexapod/simulation/ros2_ws_hex/install/hex_gz/lib/hex_gz/x_create_udev_rules
[0.766s] -- Installing: /home/bartosz-babi-ski/Hexapod_git4/Hexapod/simulation/ros2_ws_hex/install/hex_gz/lib/hex_gz/one_leg.py
[0.767s] -- Installing: /home/bartosz-babi-ski/Hexapod_git4/Hexapod/simulation/ros2_ws_hex/install/hex_gz/share/ament_index/resource_index/package_run_dependencies/hex_gz
[0.767s] -- Installing: /home/bartosz-babi-ski/Hexapod_git4/Hexapod/simulation/ros2_ws_hex/install/hex_gz/share/ament_index/resource_index/parent_prefix_path/hex_gz
[0.767s] -- Installing: /home/bartosz-babi-ski/Hexapod_git4/Hexapod/simulation/ros2_ws_hex/install/hex_gz/share/hex_gz/environment/ament_prefix_path.sh
[0.767s] -- Installing: /home/bartosz-babi-ski/Hexapod_git4/Hexapod/simulation/ros2_ws_hex/install/hex_gz/share/hex_gz/environment/ament_prefix_path.dsv
[0.767s] -- Installing: /home/bartosz-babi-ski/Hexapod_git4/Hexapod/simulation/ros2_ws_hex/install/hex_gz/share/hex_gz/environment/path.sh
[0.767s] -- Installing: /home/bartosz-babi-ski/Hexapod_git4/Hexapod/simulation/ros2_ws_hex/install/hex_gz/share/hex_gz/environment/path.dsv
[0.767s] -- Installing: /home/bartosz-babi-ski/Hexapod_git4/Hexapod/simulation/ros2_ws_hex/install/hex_gz/share/hex_gz/local_setup.bash
[0.767s] -- Installing: /home/bartosz-babi-ski/Hexapod_git4/Hexapod/simulation/ros2_ws_hex/install/hex_gz/share/hex_gz/local_setup.sh
[0.767s] -- Installing: /home/bartosz-babi-ski/Hexapod_git4/Hexapod/simulation/ros2_ws_hex/install/hex_gz/share/hex_gz/local_setup.zsh
[0.767s] -- Installing: /home/bartosz-babi-ski/Hexapod_git4/Hexapod/simulation/ros2_ws_hex/install/hex_gz/share/hex_gz/local_setup.dsv
[0.767s] -- Installing: /home/bartosz-babi-ski/Hexapod_git4/Hexapod/simulation/ros2_ws_hex/install/hex_gz/share/hex_gz/package.dsv
[0.768s] -- Installing: /home/bartosz-babi-ski/Hexapod_git4/Hexapod/simulation/ros2_ws_hex/install/hex_gz/share/ament_index/resource_index/packages/hex_gz
[0.768s] -- Installing: /home/bartosz-babi-ski/Hexapod_git4/Hexapod/simulation/ros2_ws_hex/install/hex_gz/share/hex_gz/cmake/hex_gzConfig.cmake
[0.768s] -- Installing: /home/bartosz-babi-ski/Hexapod_git4/Hexapod/simulation/ros2_ws_hex/install/hex_gz/share/hex_gz/cmake/hex_gzConfig-version.cmake
[0.768s] -- Installing: /home/bartosz-babi-ski/Hexapod_git4/Hexapod/simulation/ros2_ws_hex/install/hex_gz/share/hex_gz/package.xml
[0.769s] Invoked command in '/home/bartosz-babi-ski/Hexapod_git4/Hexapod/simulation/ros2_ws_hex/build/hex_gz' returned '0': AMENT_PREFIX_PATH=/home/bartosz-babi-ski/Hexapod_git4/Hexapod/simulation/ros2_ws_hex/install/hexapod_description:${AMENT_PREFIX_PATH} CMAKE_PREFIX_PATH=/home/bartosz-babi-ski/Hexapod_git4/Hexapod/simulation/ros2_ws_hex/install/hexapod_description:/opt/ros/jazzy/opt/gz_launch_vendor:/opt/ros/jazzy/opt/gz_sim_vendor:/opt/ros/jazzy/opt/gz_sensors_vendor:/opt/ros/jazzy/opt/gz_physics_vendor:/opt/ros/jazzy/opt/sdformat_vendor:/opt/ros/jazzy/opt/gz_gui_vendor:/opt/ros/jazzy/opt/gz_transport_vendor:/opt/ros/jazzy/opt/gz_rendering_vendor:/opt/ros/jazzy/opt/gz_plugin_vendor:/opt/ros/jazzy/opt/gz_fuel_tools_vendor:/opt/ros/jazzy/opt/gz_msgs_vendor:/opt/ros/jazzy/opt/gz_common_vendor:/opt/ros/jazzy/opt/gz_math_vendor:/opt/ros/jazzy/opt/gz_utils_vendor:/opt/ros/jazzy/opt/gz_tools_vendor:/opt/ros/jazzy/opt/gz_ogre_next_vendor:/opt/ros/jazzy/opt/gz_dartsim_vendor:/opt/ros/jazzy/opt/gz_cmake_vendor:/opt/ros/jazzy DEBUGINFOD_URLS=https://debuginfod.ubuntu.com /usr/bin/cmake --install /home/bartosz-babi-ski/Hexapod_git4/Hexapod/simulation/ros2_ws_hex/build/hex_gz
