-- The C compiler identification is GNU 13.3.0
-- The CXX compiler identification is GNU 13.3.0
-- Detecting C compiler ABI info
-- Detecting C compiler ABI info - done
-- Check for working C compiler: /usr/bin/cc - skipped
-- Detecting C compile features
-- Detecting C compile features - done
-- Detecting CXX compiler ABI info
-- Detecting CXX compiler ABI info - done
-- Check for working CXX compiler: /usr/bin/c++ - skipped
-- Detecting CXX compile features
-- Detecting CXX compile features - done
-- Found ament_cmake: 2.5.3 (/opt/ros/jazzy/share/ament_cmake/cmake)
-- Found Python3: /usr/bin/python3 (found version "3.12.3") found components: Interpreter 
-- Configuring done (0.7s)
-- Generating done (0.0s)
-- Build files have been written to: /home/bartosz-babi-ski/Hexapod_git2/Hexapod/simulation/ros2_ws_hex/build/open_manipulator_moveit_config
-- Install configuration: ""
-- Installing: /home/bartosz-babi-ski/Hexapod_git2/Hexapod/simulation/ros2_ws_hex/install/open_manipulator_moveit_config/share/ament_index/resource_index/package_run_dependencies/open_manipulator_moveit_config
-- Installing: /home/bartosz-babi-ski/Hexapod_git2/Hexapod/simulation/ros2_ws_hex/install/open_manipulator_moveit_config/share/ament_index/resource_index/parent_prefix_path/open_manipulator_moveit_config
-- Installing: /home/bartosz-babi-ski/Hexapod_git2/Hexapod/simulation/ros2_ws_hex/install/open_manipulator_moveit_config/share/open_manipulator_moveit_config/environment/ament_prefix_path.sh
-- Installing: /home/bartosz-babi-ski/Hexapod_git2/Hexapod/simulation/ros2_ws_hex/install/open_manipulator_moveit_config/share/open_manipulator_moveit_config/environment/ament_prefix_path.dsv
-- Installing: /home/bartosz-babi-ski/Hexapod_git2/Hexapod/simulation/ros2_ws_hex/install/open_manipulator_moveit_config/share/open_manipulator_moveit_config/environment/path.sh
-- Installing: /home/bartosz-babi-ski/Hexapod_git2/Hexapod/simulation/ros2_ws_hex/install/open_manipulator_moveit_config/share/open_manipulator_moveit_config/environment/path.dsv
-- Installing: /home/bartosz-babi-ski/Hexapod_git2/Hexapod/simulation/ros2_ws_hex/install/open_manipulator_moveit_config/share/open_manipulator_moveit_config/local_setup.bash
-- Installing: /home/bartosz-babi-ski/Hexapod_git2/Hexapod/simulation/ros2_ws_hex/install/open_manipulator_moveit_config/share/open_manipulator_moveit_config/local_setup.sh
-- Installing: /home/bartosz-babi-ski/Hexapod_git2/Hexapod/simulation/ros2_ws_hex/install/open_manipulator_moveit_config/share/open_manipulator_moveit_config/local_setup.zsh
-- Installing: /home/bartosz-babi-ski/Hexapod_git2/Hexapod/simulation/ros2_ws_hex/install/open_manipulator_moveit_config/share/open_manipulator_moveit_config/local_setup.dsv
-- Installing: /home/bartosz-babi-ski/Hexapod_git2/Hexapod/simulation/ros2_ws_hex/install/open_manipulator_moveit_config/share/open_manipulator_moveit_config/package.dsv
-- Installing: /home/bartosz-babi-ski/Hexapod_git2/Hexapod/simulation/ros2_ws_hex/install/open_manipulator_moveit_config/share/ament_index/resource_index/packages/open_manipulator_moveit_config
-- Installing: /home/bartosz-babi-ski/Hexapod_git2/Hexapod/simulation/ros2_ws_hex/install/open_manipulator_moveit_config/share/open_manipulator_moveit_config/cmake/open_manipulator_moveit_configConfig.cmake
-- Installing: /home/bartosz-babi-ski/Hexapod_git2/Hexapod/simulation/ros2_ws_hex/install/open_manipulator_moveit_config/share/open_manipulator_moveit_config/cmake/open_manipulator_moveit_configConfig-version.cmake
-- Installing: /home/bartosz-babi-ski/Hexapod_git2/Hexapod/simulation/ros2_ws_hex/install/open_manipulator_moveit_config/share/open_manipulator_moveit_config/package.xml
-- Installing: /home/bartosz-babi-ski/Hexapod_git2/Hexapod/simulation/ros2_ws_hex/install/open_manipulator_moveit_config/share/open_manipulator_moveit_config/launch
-- Installing: /home/bartosz-babi-ski/Hexapod_git2/Hexapod/simulation/ros2_ws_hex/install/open_manipulator_moveit_config/share/open_manipulator_moveit_config/launch/move_group.launch.py
-- Installing: /home/bartosz-babi-ski/Hexapod_git2/Hexapod/simulation/ros2_ws_hex/install/open_manipulator_moveit_config/share/open_manipulator_moveit_config/launch/warehouse_db.launch.py
-- Installing: /home/bartosz-babi-ski/Hexapod_git2/Hexapod/simulation/ros2_ws_hex/install/open_manipulator_moveit_config/share/open_manipulator_moveit_config/launch/spawn_controllers.launch.py
-- Installing: /home/bartosz-babi-ski/Hexapod_git2/Hexapod/simulation/ros2_ws_hex/install/open_manipulator_moveit_config/share/open_manipulator_moveit_config/launch/moveit_rviz.launch.py
-- Installing: /home/bartosz-babi-ski/Hexapod_git2/Hexapod/simulation/ros2_ws_hex/install/open_manipulator_moveit_config/share/open_manipulator_moveit_config/launch/servo.launch.py
-- Installing: /home/bartosz-babi-ski/Hexapod_git2/Hexapod/simulation/ros2_ws_hex/install/open_manipulator_moveit_config/share/open_manipulator_moveit_config/launch/moveit_core.launch.py
-- Installing: /home/bartosz-babi-ski/Hexapod_git2/Hexapod/simulation/ros2_ws_hex/install/open_manipulator_moveit_config/share/open_manipulator_moveit_config/config
-- Installing: /home/bartosz-babi-ski/Hexapod_git2/Hexapod/simulation/ros2_ws_hex/install/open_manipulator_moveit_config/share/open_manipulator_moveit_config/config/om_x
-- Installing: /home/bartosz-babi-ski/Hexapod_git2/Hexapod/simulation/ros2_ws_hex/install/open_manipulator_moveit_config/share/open_manipulator_moveit_config/config/om_x/open_manipulator_x.srdf
-- Installing: /home/bartosz-babi-ski/Hexapod_git2/Hexapod/simulation/ros2_ws_hex/install/open_manipulator_moveit_config/share/open_manipulator_moveit_config/config/om_x/moveit_controllers.yaml
-- Installing: /home/bartosz-babi-ski/Hexapod_git2/Hexapod/simulation/ros2_ws_hex/install/open_manipulator_moveit_config/share/open_manipulator_moveit_config/config/om_x/kinematics.yaml
-- Installing: /home/bartosz-babi-ski/Hexapod_git2/Hexapod/simulation/ros2_ws_hex/install/open_manipulator_moveit_config/share/open_manipulator_moveit_config/config/om_x/joint_limits.yaml
-- Installing: /home/bartosz-babi-ski/Hexapod_git2/Hexapod/simulation/ros2_ws_hex/install/open_manipulator_moveit_config/share/open_manipulator_moveit_config/config/om_x/ompl_planning.yaml
-- Installing: /home/bartosz-babi-ski/Hexapod_git2/Hexapod/simulation/ros2_ws_hex/install/open_manipulator_moveit_config/share/open_manipulator_moveit_config/config/om_x/moveit.rviz
-- Installing: /home/bartosz-babi-ski/Hexapod_git2/Hexapod/simulation/ros2_ws_hex/install/open_manipulator_moveit_config/share/open_manipulator_moveit_config/config/om_x/moveit_servo.yaml
-- Installing: /home/bartosz-babi-ski/Hexapod_git2/Hexapod/simulation/ros2_ws_hex/install/open_manipulator_moveit_config/share/open_manipulator_moveit_config/config/om_x/initial_positions.yaml
-- Installing: /home/bartosz-babi-ski/Hexapod_git2/Hexapod/simulation/ros2_ws_hex/install/open_manipulator_moveit_config/share/open_manipulator_moveit_config/config/om_y
-- Installing: /home/bartosz-babi-ski/Hexapod_git2/Hexapod/simulation/ros2_ws_hex/install/open_manipulator_moveit_config/share/open_manipulator_moveit_config/config/om_y/moveit_controllers.yaml
-- Installing: /home/bartosz-babi-ski/Hexapod_git2/Hexapod/simulation/ros2_ws_hex/install/open_manipulator_moveit_config/share/open_manipulator_moveit_config/config/om_y/kinematics.yaml
-- Installing: /home/bartosz-babi-ski/Hexapod_git2/Hexapod/simulation/ros2_ws_hex/install/open_manipulator_moveit_config/share/open_manipulator_moveit_config/config/om_y/joint_limits.yaml
-- Installing: /home/bartosz-babi-ski/Hexapod_git2/Hexapod/simulation/ros2_ws_hex/install/open_manipulator_moveit_config/share/open_manipulator_moveit_config/config/om_y/ompl_planning.yaml
-- Installing: /home/bartosz-babi-ski/Hexapod_git2/Hexapod/simulation/ros2_ws_hex/install/open_manipulator_moveit_config/share/open_manipulator_moveit_config/config/om_y/moveit.rviz
-- Installing: /home/bartosz-babi-ski/Hexapod_git2/Hexapod/simulation/ros2_ws_hex/install/open_manipulator_moveit_config/share/open_manipulator_moveit_config/config/om_y/moveit_servo.yaml
-- Installing: /home/bartosz-babi-ski/Hexapod_git2/Hexapod/simulation/ros2_ws_hex/install/open_manipulator_moveit_config/share/open_manipulator_moveit_config/config/om_y/open_manipulator_y.srdf
-- Installing: /home/bartosz-babi-ski/Hexapod_git2/Hexapod/simulation/ros2_ws_hex/install/open_manipulator_moveit_config/share/open_manipulator_moveit_config/config/om_y/initial_positions.yaml
-- Installing: /home/bartosz-babi-ski/Hexapod_git2/Hexapod/simulation/ros2_ws_hex/install/open_manipulator_moveit_config/share/open_manipulator_moveit_config/config/om_y_leader
-- Installing: /home/bartosz-babi-ski/Hexapod_git2/Hexapod/simulation/ros2_ws_hex/install/open_manipulator_moveit_config/share/open_manipulator_moveit_config/config/om_y_leader/ros2_controllers_leader.yaml
-- Installing: /home/bartosz-babi-ski/Hexapod_git2/Hexapod/simulation/ros2_ws_hex/install/open_manipulator_moveit_config/share/open_manipulator_moveit_config/config/om_y_leader/pilz_cartesian_limits.yaml
-- Installing: /home/bartosz-babi-ski/Hexapod_git2/Hexapod/simulation/ros2_ws_hex/install/open_manipulator_moveit_config/share/open_manipulator_moveit_config/config/om_y_leader/moveit_controllers.yaml
-- Installing: /home/bartosz-babi-ski/Hexapod_git2/Hexapod/simulation/ros2_ws_hex/install/open_manipulator_moveit_config/share/open_manipulator_moveit_config/config/om_y_leader/kinematics.yaml
-- Installing: /home/bartosz-babi-ski/Hexapod_git2/Hexapod/simulation/ros2_ws_hex/install/open_manipulator_moveit_config/share/open_manipulator_moveit_config/config/om_y_leader/open_manipulator_y_leader.srdf
-- Installing: /home/bartosz-babi-ski/Hexapod_git2/Hexapod/simulation/ros2_ws_hex/install/open_manipulator_moveit_config/share/open_manipulator_moveit_config/config/om_y_leader/joint_limits.yaml
-- Installing: /home/bartosz-babi-ski/Hexapod_git2/Hexapod/simulation/ros2_ws_hex/install/open_manipulator_moveit_config/share/open_manipulator_moveit_config/config/om_y_leader/moveit.rviz
-- Installing: /home/bartosz-babi-ski/Hexapod_git2/Hexapod/simulation/ros2_ws_hex/install/open_manipulator_moveit_config/share/open_manipulator_moveit_config/config/om_y_leader/initial_positions.yaml
