[0.018s] Invoking command in '/home/bartosz-babi-ski/Hexapod_git2/Hexapod/simulation/ros2_ws_hex/build/om_joint_trajectory_command_broadcaster': CMAKE_PREFIX_PATH=${CMAKE_PREFIX_PATH}:/home/bartosz-babi-ski/ws_moveit/install/moveit_configs_utils:/opt/ros/jazzy DEBUGINFOD_URLS=https://debuginfod.ubuntu.com /usr/bin/cmake /home/bartosz-babi-ski/Hexapod_git2/Hexapod/simulation/ros2_ws_hex/src/ros2_controller/om_joint_trajectory_command_broadcaster -DCMAKE_INSTALL_PREFIX=/home/bartosz-babi-ski/Hexapod_git2/Hexapod/simulation/ros2_ws_hex/install/om_joint_trajectory_command_broadcaster
[0.073s] -- The CXX compiler identification is GNU 13.3.0
[0.086s] -- Detecting CXX compiler ABI info
[0.171s] -- Detecting CXX compiler ABI info - done
[0.180s] -- Check for working CXX compiler: /usr/bin/c++ - skipped
[0.180s] -- Detecting CXX compile features
[0.180s] -- Detecting CXX compile features - done
[0.186s] -- Found ament_cmake: 2.5.3 (/opt/ros/jazzy/share/ament_cmake/cmake)
[0.360s] -- Found Python3: /usr/bin/python3 (found version "3.12.3") found components: Interpreter 
[0.522s] -- Found builtin_interfaces: 2.0.2 (/opt/ros/jazzy/share/builtin_interfaces/cmake)
[0.581s] -- Found rosidl_generator_c: 4.6.5 (/opt/ros/jazzy/share/rosidl_generator_c/cmake)
[0.603s] -- Found rosidl_generator_cpp: 4.6.5 (/opt/ros/jazzy/share/rosidl_generator_cpp/cmake)
[0.635s] -- Using all available rosidl_typesupport_c: rosidl_typesupport_fastrtps_c;rosidl_typesupport_introspection_c
[0.663s] -- Using all available rosidl_typesupport_cpp: rosidl_typesupport_fastrtps_cpp;rosidl_typesupport_introspection_cpp
[0.691s] -- Found control_msgs: 5.3.0 (/opt/ros/jazzy/share/control_msgs/cmake)
[0.861s] -- Found controller_interface: 4.27.0 (/opt/ros/jazzy/share/controller_interface/cmake)
[0.928s] -- Found TinyXML2 via Config file: /usr/lib/x86_64-linux-gnu/cmake/tinyxml2
[0.994s] -- Found rmw_implementation_cmake: 7.3.1 (/opt/ros/jazzy/share/rmw_implementation_cmake/cmake)
[1.003s] -- Found rmw_fastrtps_cpp: 8.4.1 (/opt/ros/jazzy/share/rmw_fastrtps_cpp/cmake)
[1.038s] -- Found TinyXML2 via Config file: /usr/lib/x86_64-linux-gnu/cmake/tinyxml2
[1.112s] -- Found OpenSSL: /usr/lib/x86_64-linux-gnu/libcrypto.so (found version "3.0.13")  
[1.116s] -- Found TinyXML2 via Config file: /usr/lib/x86_64-linux-gnu/cmake/tinyxml2
[1.136s] -- Found FastRTPS: /opt/ros/jazzy/include (Required is at least version "2.13") 
[1.139s] -- Found TinyXML2 via Config file: /usr/lib/x86_64-linux-gnu/cmake/tinyxml2
[1.146s] -- Found TinyXML2 via Config file: /usr/lib/x86_64-linux-gnu/cmake/tinyxml2
[1.160s] -- Using RMW implementation 'rmw_fastrtps_cpp' as default
[1.537s] -- Found generate_parameter_library: 0.4.0 (/opt/ros/jazzy/share/generate_parameter_library/cmake)
[1.553s] -- Found parameter_traits: 0.4.0 (/opt/ros/jazzy/share/parameter_traits/cmake)
[1.698s] -- Configuring done (1.7s)
[1.713s] -- Generating done (0.0s)
[1.717s] -- Build files have been written to: /home/bartosz-babi-ski/Hexapod_git2/Hexapod/simulation/ros2_ws_hex/build/om_joint_trajectory_command_broadcaster
[1.728s] Invoked command in '/home/bartosz-babi-ski/Hexapod_git2/Hexapod/simulation/ros2_ws_hex/build/om_joint_trajectory_command_broadcaster' returned '0': CMAKE_PREFIX_PATH=${CMAKE_PREFIX_PATH}:/home/bartosz-babi-ski/ws_moveit/install/moveit_configs_utils:/opt/ros/jazzy DEBUGINFOD_URLS=https://debuginfod.ubuntu.com /usr/bin/cmake /home/bartosz-babi-ski/Hexapod_git2/Hexapod/simulation/ros2_ws_hex/src/ros2_controller/om_joint_trajectory_command_broadcaster -DCMAKE_INSTALL_PREFIX=/home/bartosz-babi-ski/Hexapod_git2/Hexapod/simulation/ros2_ws_hex/install/om_joint_trajectory_command_broadcaster
[1.729s] Invoking command in '/home/bartosz-babi-ski/Hexapod_git2/Hexapod/simulation/ros2_ws_hex/build/om_joint_trajectory_command_broadcaster': CMAKE_PREFIX_PATH=${CMAKE_PREFIX_PATH}:/home/bartosz-babi-ski/ws_moveit/install/moveit_configs_utils:/opt/ros/jazzy DEBUGINFOD_URLS=https://debuginfod.ubuntu.com /usr/bin/cmake --build /home/bartosz-babi-ski/Hexapod_git2/Hexapod/simulation/ros2_ws_hex/build/om_joint_trajectory_command_broadcaster -- -j12 -l12
[1.782s] [ 25%] [34m[1mRunning `/opt/ros/jazzy/bin/generate_parameter_library_cpp /home/bartosz-babi-ski/Hexapod_git2/Hexapod/simulation/ros2_ws_hex/build/om_joint_trajectory_command_broadcaster/include/om_joint_trajectory_command_broadcaster/joint_trajectory_command_broadcaster_parameters.hpp /home/bartosz-babi-ski/Hexapod_git2/Hexapod/simulation/ros2_ws_hex/src/ros2_controller/om_joint_trajectory_command_broadcaster/src/joint_trajectory_command_broadcaster_parameters.yaml `[0m
[2.322s] [ 50%] [34m[1mCreating deprecated header file /home/bartosz-babi-ski/Hexapod_git2/Hexapod/simulation/ros2_ws_hex/build/om_joint_trajectory_command_broadcaster/include/joint_trajectory_command_broadcaster_parameters.hpp[0m
[2.367s] [ 50%] Built target joint_trajectory_command_broadcaster_parameters
[2.388s] [ 75%] [32mBuilding CXX object CMakeFiles/joint_trajectory_command_broadcaster.dir/src/joint_trajectory_command_broadcaster.cpp.o[0m
[4.146s] In file included from [01m[K/home/bartosz-babi-ski/Hexapod_git2/Hexapod/simulation/ros2_ws_hex/src/ros2_controller/om_joint_trajectory_command_broadcaster/include/joint_trajectory_command_broadcaster/joint_trajectory_command_broadcaster.hpp:27[m[K,
[4.146s]                  from [01m[K/home/bartosz-babi-ski/Hexapod_git2/Hexapod/simulation/ros2_ws_hex/src/ros2_controller/om_joint_trajectory_command_broadcaster/src/joint_trajectory_command_broadcaster.cpp:15[m[K:
[4.146s] [01m[K/home/bartosz-babi-ski/Hexapod_git2/Hexapod/simulation/ros2_ws_hex/build/om_joint_trajectory_command_broadcaster/include/joint_trajectory_command_broadcaster_parameters.hpp:1:214:[m[K [01;36m[Knote: [m[K‘[01m[K#pragma message: #include "joint_trajectory_command_broadcaster_parameters.hpp" is deprecated. Use #include <om_joint_trajectory_command_broadcaster/joint_trajectory_command_broadcaster_parameters.hpp> instead.[m[K’
[4.146s]     1 | y_command_broadcaster/joint_trajectory_command_broadcaster_parameters.hpp> instead."[01;36m[K)[m[K
[4.146s]       |                                                                                     [01;36m[K^[m[K
[4.146s] 
[4.380s] [01m[K/home/bartosz-babi-ski/Hexapod_git2/Hexapod/simulation/ros2_ws_hex/src/ros2_controller/om_joint_trajectory_command_broadcaster/src/joint_trajectory_command_broadcaster.cpp:[m[K In member function ‘[01m[Kvirtual controller_interface::return_type joint_trajectory_command_broadcaster::JointTrajectoryCommandBroadcaster::[01;32m[Kupdate[m[K(const rclcpp::Time&, const rclcpp::Duration&)[m[K’:
[4.380s] [01m[K/home/bartosz-babi-ski/Hexapod_git2/Hexapod/simulation/ros2_ws_hex/src/ros2_controller/om_joint_trajectory_command_broadcaster/src/joint_trajectory_command_broadcaster.cpp:276:32:[m[K [01;35m[Kwarning: [m[K‘[01m[Kdouble hardware_interface::LoanedStateInterface::[01;32m[Kget_value[m[K() const[m[K’ is deprecated: Use std::optional<T> get_optional() instead to retrieve the value. This method will be removed by the ROS 2 Kilted Kaiju release. [[01;35m[K]8;;https://gcc.gnu.org/onlinedocs/gcc/Warning-Options.html#index-Wdeprecated-declarations-Wdeprecated-declarations]8;;[m[K]
[4.381s]   276 |       [01;35m[Kstate_interface.get_value()[m[K;
[4.381s]       |       [01;35m[K~~~~~~~~~~~~~~~~~~~~~~~~~^~[m[K
[4.381s] In file included from [01m[K/opt/ros/jazzy/include/controller_interface/controller_interface/controller_interface_base.hpp:28[m[K,
[4.381s]                  from [01m[K/opt/ros/jazzy/include/controller_interface/controller_interface/controller_interface.hpp:21[m[K,
[4.381s]                  from [01m[K/home/bartosz-babi-ski/Hexapod_git2/Hexapod/simulation/ros2_ws_hex/src/ros2_controller/om_joint_trajectory_command_broadcaster/include/joint_trajectory_command_broadcaster/joint_trajectory_command_broadcaster.hpp:24[m[K:
[4.381s] [01m[K/opt/ros/jazzy/include/hardware_interface/hardware_interface/loaned_state_interface.hpp:94:10:[m[K [01;36m[Knote: [m[Kdeclared here
[4.381s]    94 |   double [01;36m[Kget_value[m[K() const
[4.381s]       |          [01;36m[K^~~~~~~~~[m[K
[4.382s] [01m[K/home/bartosz-babi-ski/Hexapod_git2/Hexapod/simulation/ros2_ws_hex/src/ros2_controller/om_joint_trajectory_command_broadcaster/src/joint_trajectory_command_broadcaster.cpp:267:24:[m[K [01;35m[Kwarning: [m[Kunused parameter ‘[01m[Ktime[m[K’ [[01;35m[K]8;;https://gcc.gnu.org/onlinedocs/gcc/Warning-Options.html#index-Wunused-parameter-Wunused-parameter]8;;[m[K]
[4.382s]   267 |   [01;35m[Kconst rclcpp::Time & time[m[K, const rclcpp::Duration & /*period*/)
[4.382s]       |   [01;35m[K~~~~~~~~~~~~~~~~~~~~~^~~~[m[K
[6.985s] [100%] [32m[1mLinking CXX shared library libjoint_trajectory_command_broadcaster.so[0m
[7.143s] [100%] Built target joint_trajectory_command_broadcaster
[7.153s] Invoked command in '/home/bartosz-babi-ski/Hexapod_git2/Hexapod/simulation/ros2_ws_hex/build/om_joint_trajectory_command_broadcaster' returned '0': CMAKE_PREFIX_PATH=${CMAKE_PREFIX_PATH}:/home/bartosz-babi-ski/ws_moveit/install/moveit_configs_utils:/opt/ros/jazzy DEBUGINFOD_URLS=https://debuginfod.ubuntu.com /usr/bin/cmake --build /home/bartosz-babi-ski/Hexapod_git2/Hexapod/simulation/ros2_ws_hex/build/om_joint_trajectory_command_broadcaster -- -j12 -l12
[7.154s] Invoking command in '/home/bartosz-babi-ski/Hexapod_git2/Hexapod/simulation/ros2_ws_hex/build/om_joint_trajectory_command_broadcaster': CMAKE_PREFIX_PATH=${CMAKE_PREFIX_PATH}:/home/bartosz-babi-ski/ws_moveit/install/moveit_configs_utils:/opt/ros/jazzy DEBUGINFOD_URLS=https://debuginfod.ubuntu.com /usr/bin/cmake --install /home/bartosz-babi-ski/Hexapod_git2/Hexapod/simulation/ros2_ws_hex/build/om_joint_trajectory_command_broadcaster
[7.164s] -- Install configuration: ""
[7.164s] -- Installing: /home/bartosz-babi-ski/Hexapod_git2/Hexapod/simulation/ros2_ws_hex/install/om_joint_trajectory_command_broadcaster/include/om_joint_trajectory_command_broadcaster
[7.164s] -- Installing: /home/bartosz-babi-ski/Hexapod_git2/Hexapod/simulation/ros2_ws_hex/install/om_joint_trajectory_command_broadcaster/include/om_joint_trajectory_command_broadcaster/joint_trajectory_command_broadcaster_parameters.hpp
[7.164s] -- Installing: /home/bartosz-babi-ski/Hexapod_git2/Hexapod/simulation/ros2_ws_hex/install/om_joint_trajectory_command_broadcaster/share/om_joint_trajectory_command_broadcaster/joint_trajectory_command_plugin.xml
[7.164s] -- Installing: /home/bartosz-babi-ski/Hexapod_git2/Hexapod/simulation/ros2_ws_hex/install/om_joint_trajectory_command_broadcaster/include/joint_trajectory_command_broadcaster
[7.165s] -- Installing: /home/bartosz-babi-ski/Hexapod_git2/Hexapod/simulation/ros2_ws_hex/install/om_joint_trajectory_command_broadcaster/include/joint_trajectory_command_broadcaster/joint_trajectory_command_broadcaster
[7.165s] -- Installing: /home/bartosz-babi-ski/Hexapod_git2/Hexapod/simulation/ros2_ws_hex/install/om_joint_trajectory_command_broadcaster/include/joint_trajectory_command_broadcaster/joint_trajectory_command_broadcaster/visibility_control.h
[7.165s] -- Installing: /home/bartosz-babi-ski/Hexapod_git2/Hexapod/simulation/ros2_ws_hex/install/om_joint_trajectory_command_broadcaster/include/joint_trajectory_command_broadcaster/joint_trajectory_command_broadcaster/joint_trajectory_command_broadcaster.hpp
[7.165s] -- Installing: /home/bartosz-babi-ski/Hexapod_git2/Hexapod/simulation/ros2_ws_hex/install/om_joint_trajectory_command_broadcaster/lib/libjoint_trajectory_command_broadcaster.so
[7.166s] -- Set non-toolchain portion of runtime path of "/home/bartosz-babi-ski/Hexapod_git2/Hexapod/simulation/ros2_ws_hex/install/om_joint_trajectory_command_broadcaster/lib/libjoint_trajectory_command_broadcaster.so" to ""
[7.166s] -- Installing: /home/bartosz-babi-ski/Hexapod_git2/Hexapod/simulation/ros2_ws_hex/install/om_joint_trajectory_command_broadcaster/share/om_joint_trajectory_command_broadcaster/environment/library_path.sh
[7.166s] -- Installing: /home/bartosz-babi-ski/Hexapod_git2/Hexapod/simulation/ros2_ws_hex/install/om_joint_trajectory_command_broadcaster/share/om_joint_trajectory_command_broadcaster/environment/library_path.dsv
[7.166s] -- Installing: /home/bartosz-babi-ski/Hexapod_git2/Hexapod/simulation/ros2_ws_hex/install/om_joint_trajectory_command_broadcaster/share/ament_index/resource_index/package_run_dependencies/om_joint_trajectory_command_broadcaster
[7.166s] -- Installing: /home/bartosz-babi-ski/Hexapod_git2/Hexapod/simulation/ros2_ws_hex/install/om_joint_trajectory_command_broadcaster/share/ament_index/resource_index/parent_prefix_path/om_joint_trajectory_command_broadcaster
[7.166s] -- Installing: /home/bartosz-babi-ski/Hexapod_git2/Hexapod/simulation/ros2_ws_hex/install/om_joint_trajectory_command_broadcaster/share/om_joint_trajectory_command_broadcaster/environment/ament_prefix_path.sh
[7.166s] -- Installing: /home/bartosz-babi-ski/Hexapod_git2/Hexapod/simulation/ros2_ws_hex/install/om_joint_trajectory_command_broadcaster/share/om_joint_trajectory_command_broadcaster/environment/ament_prefix_path.dsv
[7.166s] -- Installing: /home/bartosz-babi-ski/Hexapod_git2/Hexapod/simulation/ros2_ws_hex/install/om_joint_trajectory_command_broadcaster/share/om_joint_trajectory_command_broadcaster/environment/path.sh
[7.166s] -- Installing: /home/bartosz-babi-ski/Hexapod_git2/Hexapod/simulation/ros2_ws_hex/install/om_joint_trajectory_command_broadcaster/share/om_joint_trajectory_command_broadcaster/environment/path.dsv
[7.167s] -- Installing: /home/bartosz-babi-ski/Hexapod_git2/Hexapod/simulation/ros2_ws_hex/install/om_joint_trajectory_command_broadcaster/share/om_joint_trajectory_command_broadcaster/local_setup.bash
[7.167s] -- Installing: /home/bartosz-babi-ski/Hexapod_git2/Hexapod/simulation/ros2_ws_hex/install/om_joint_trajectory_command_broadcaster/share/om_joint_trajectory_command_broadcaster/local_setup.sh
[7.167s] -- Installing: /home/bartosz-babi-ski/Hexapod_git2/Hexapod/simulation/ros2_ws_hex/install/om_joint_trajectory_command_broadcaster/share/om_joint_trajectory_command_broadcaster/local_setup.zsh
[7.167s] -- Installing: /home/bartosz-babi-ski/Hexapod_git2/Hexapod/simulation/ros2_ws_hex/install/om_joint_trajectory_command_broadcaster/share/om_joint_trajectory_command_broadcaster/local_setup.dsv
[7.167s] -- Installing: /home/bartosz-babi-ski/Hexapod_git2/Hexapod/simulation/ros2_ws_hex/install/om_joint_trajectory_command_broadcaster/share/om_joint_trajectory_command_broadcaster/package.dsv
[7.167s] -- Installing: /home/bartosz-babi-ski/Hexapod_git2/Hexapod/simulation/ros2_ws_hex/install/om_joint_trajectory_command_broadcaster/share/ament_index/resource_index/packages/om_joint_trajectory_command_broadcaster
[7.167s] -- Installing: /home/bartosz-babi-ski/Hexapod_git2/Hexapod/simulation/ros2_ws_hex/install/om_joint_trajectory_command_broadcaster/share/ament_index/resource_index/controller_interface__pluginlib__plugin/om_joint_trajectory_command_broadcaster
[7.167s] -- Installing: /home/bartosz-babi-ski/Hexapod_git2/Hexapod/simulation/ros2_ws_hex/install/om_joint_trajectory_command_broadcaster/share/om_joint_trajectory_command_broadcaster/cmake/export_joint_trajectory_command_broadcasterExport.cmake
[7.167s] -- Installing: /home/bartosz-babi-ski/Hexapod_git2/Hexapod/simulation/ros2_ws_hex/install/om_joint_trajectory_command_broadcaster/share/om_joint_trajectory_command_broadcaster/cmake/export_joint_trajectory_command_broadcasterExport-noconfig.cmake
[7.167s] -- Installing: /home/bartosz-babi-ski/Hexapod_git2/Hexapod/simulation/ros2_ws_hex/install/om_joint_trajectory_command_broadcaster/share/om_joint_trajectory_command_broadcaster/cmake/ament_cmake_export_dependencies-extras.cmake
[7.167s] -- Installing: /home/bartosz-babi-ski/Hexapod_git2/Hexapod/simulation/ros2_ws_hex/install/om_joint_trajectory_command_broadcaster/share/om_joint_trajectory_command_broadcaster/cmake/ament_cmake_export_targets-extras.cmake
[7.167s] -- Installing: /home/bartosz-babi-ski/Hexapod_git2/Hexapod/simulation/ros2_ws_hex/install/om_joint_trajectory_command_broadcaster/share/om_joint_trajectory_command_broadcaster/cmake/om_joint_trajectory_command_broadcasterConfig.cmake
[7.167s] -- Installing: /home/bartosz-babi-ski/Hexapod_git2/Hexapod/simulation/ros2_ws_hex/install/om_joint_trajectory_command_broadcaster/share/om_joint_trajectory_command_broadcaster/cmake/om_joint_trajectory_command_broadcasterConfig-version.cmake
[7.167s] -- Installing: /home/bartosz-babi-ski/Hexapod_git2/Hexapod/simulation/ros2_ws_hex/install/om_joint_trajectory_command_broadcaster/share/om_joint_trajectory_command_broadcaster/package.xml
[7.169s] Invoked command in '/home/bartosz-babi-ski/Hexapod_git2/Hexapod/simulation/ros2_ws_hex/build/om_joint_trajectory_command_broadcaster' returned '0': CMAKE_PREFIX_PATH=${CMAKE_PREFIX_PATH}:/home/bartosz-babi-ski/ws_moveit/install/moveit_configs_utils:/opt/ros/jazzy DEBUGINFOD_URLS=https://debuginfod.ubuntu.com /usr/bin/cmake --install /home/bartosz-babi-ski/Hexapod_git2/Hexapod/simulation/ros2_ws_hex/build/om_joint_trajectory_command_broadcaster
