[0.038s] Invoking command in '/home/julia-hrycyna/Pulpit/Hexapod/simulation/ros2_ws/src/build/hexapod_gazebo': CMAKE_PREFIX_PATH=${CMAKE_PREFIX_PATH}:/home/julia-hrycyna/ws_moveit/install/moveit_configs_utils:/opt/ros/jazzy DEBUGINFOD_URLS=https://debuginfod.ubuntu.com /usr/bin/cmake --build /home/julia-hrycyna/Pulpit/Hexapod/simulation/ros2_ws/src/build/hexapod_gazebo -- -j4 -l4
[0.160s] Invoked command in '/home/julia-hrycyna/Pulpit/Hexapod/simulation/ros2_ws/src/build/hexapod_gazebo' returned '0': CMAKE_PREFIX_PATH=${CMAKE_PREFIX_PATH}:/home/julia-hrycyna/ws_moveit/install/moveit_configs_utils:/opt/ros/jazzy DEBUGINFOD_URLS=https://debuginfod.ubuntu.com /usr/bin/cmake --build /home/julia-hrycyna/Pulpit/Hexapod/simulation/ros2_ws/src/build/hexapod_gazebo -- -j4 -l4
[0.191s] Invoking command in '/home/julia-hrycyna/Pulpit/Hexapod/simulation/ros2_ws/src/build/hexapod_gazebo': CMAKE_PREFIX_PATH=${CMAKE_PREFIX_PATH}:/home/julia-hrycyna/ws_moveit/install/moveit_configs_utils:/opt/ros/jazzy DEBUGINFOD_URLS=https://debuginfod.ubuntu.com /usr/bin/cmake --install /home/julia-hrycyna/Pulpit/Hexapod/simulation/ros2_ws/src/build/hexapod_gazebo
[0.219s] -- Install configuration: ""
[0.221s] -- Up-to-date: /home/julia-hrycyna/Pulpit/Hexapod/simulation/ros2_ws/src/install/hexapod_gazebo/share/hexapod_gazebo/launch
[0.221s] -- Up-to-date: /home/julia-hrycyna/Pulpit/Hexapod/simulation/ros2_ws/src/install/hexapod_gazebo/share/hexapod_gazebo/launch/spawn_robot.launch.py
[0.221s] -- Up-to-date: /home/julia-hrycyna/Pulpit/Hexapod/simulation/ros2_ws/src/install/hexapod_gazebo/share/hexapod_gazebo/launch/world.launch.py
[0.221s] -- Up-to-date: /home/julia-hrycyna/Pulpit/Hexapod/simulation/ros2_ws/src/install/hexapod_gazebo/share/hexapod_gazebo/worlds
[0.221s] -- Up-to-date: /home/julia-hrycyna/Pulpit/Hexapod/simulation/ros2_ws/src/install/hexapod_gazebo/share/hexapod_gazebo/worlds/ownworld.sdf
[0.222s] -- Up-to-date: /home/julia-hrycyna/Pulpit/Hexapod/simulation/ros2_ws/src/install/hexapod_gazebo/share/hexapod_gazebo/worlds/enclosure.sdf
[0.222s] -- Up-to-date: /home/julia-hrycyna/Pulpit/Hexapod/simulation/ros2_ws/src/install/hexapod_gazebo/share/hexapod_gazebo/worlds/meshes_corrected
[0.222s] -- Up-to-date: /home/julia-hrycyna/Pulpit/Hexapod/simulation/ros2_ws/src/install/hexapod_gazebo/share/hexapod_gazebo/worlds/meshes_corrected/platform_gear.stl
[0.222s] -- Up-to-date: /home/julia-hrycyna/Pulpit/Hexapod/simulation/ros2_ws/src/install/hexapod_gazebo/share/hexapod_gazebo/worlds/meshes_corrected/leg_mid_gear.stl
[0.222s] -- Up-to-date: /home/julia-hrycyna/Pulpit/Hexapod/simulation/ros2_ws/src/install/hexapod_gazebo/share/hexapod_gazebo/worlds/meshes_corrected/leg_down.stl
[0.223s] -- Up-to-date: /home/julia-hrycyna/Pulpit/Hexapod/simulation/ros2_ws/src/install/hexapod_gazebo/share/hexapod_gazebo/worlds/meshes_corrected/leg_up.stl
[0.223s] -- Up-to-date: /home/julia-hrycyna/Pulpit/Hexapod/simulation/ros2_ws/src/install/hexapod_gazebo/share/hexapod_gazebo/worlds/meshes_corrected/leg_mid.stl
[0.223s] -- Up-to-date: /home/julia-hrycyna/Pulpit/Hexapod/simulation/ros2_ws/src/install/hexapod_gazebo/share/hexapod_gazebo/worlds/meshes_corrected/platform.stl
[0.224s] -- Up-to-date: /home/julia-hrycyna/Pulpit/Hexapod/simulation/ros2_ws/src/install/hexapod_gazebo/share/hexapod_gazebo/worlds/meshes_corrected/leg_up_gear.stl
[0.224s] -- Up-to-date: /home/julia-hrycyna/Pulpit/Hexapod/simulation/ros2_ws/src/install/hexapod_gazebo/share/hexapod_gazebo/worlds/world.sdf
[0.224s] -- Up-to-date: /home/julia-hrycyna/Pulpit/Hexapod/simulation/ros2_ws/src/install/hexapod_gazebo/share/hexapod_gazebo/worlds/tugbot_depot.sdf
[0.225s] -- Up-to-date: /home/julia-hrycyna/Pulpit/Hexapod/simulation/ros2_ws/src/install/hexapod_gazebo/share/hexapod_gazebo/worlds/model.config
[0.226s] -- Up-to-date: /home/julia-hrycyna/Pulpit/Hexapod/simulation/ros2_ws/src/install/hexapod_gazebo/share/ament_index/resource_index/package_run_dependencies/hexapod_gazebo
[0.226s] -- Up-to-date: /home/julia-hrycyna/Pulpit/Hexapod/simulation/ros2_ws/src/install/hexapod_gazebo/share/ament_index/resource_index/parent_prefix_path/hexapod_gazebo
[0.227s] -- Up-to-date: /home/julia-hrycyna/Pulpit/Hexapod/simulation/ros2_ws/src/install/hexapod_gazebo/share/hexapod_gazebo/environment/ament_prefix_path.sh
[0.227s] -- Up-to-date: /home/julia-hrycyna/Pulpit/Hexapod/simulation/ros2_ws/src/install/hexapod_gazebo/share/hexapod_gazebo/environment/ament_prefix_path.dsv
[0.227s] -- Up-to-date: /home/julia-hrycyna/Pulpit/Hexapod/simulation/ros2_ws/src/install/hexapod_gazebo/share/hexapod_gazebo/environment/path.sh
[0.227s] -- Up-to-date: /home/julia-hrycyna/Pulpit/Hexapod/simulation/ros2_ws/src/install/hexapod_gazebo/share/hexapod_gazebo/environment/path.dsv
[0.228s] -- Up-to-date: /home/julia-hrycyna/Pulpit/Hexapod/simulation/ros2_ws/src/install/hexapod_gazebo/share/hexapod_gazebo/local_setup.bash
[0.228s] -- Up-to-date: /home/julia-hrycyna/Pulpit/Hexapod/simulation/ros2_ws/src/install/hexapod_gazebo/share/hexapod_gazebo/local_setup.sh
[0.228s] -- Up-to-date: /home/julia-hrycyna/Pulpit/Hexapod/simulation/ros2_ws/src/install/hexapod_gazebo/share/hexapod_gazebo/local_setup.zsh
[0.228s] -- Up-to-date: /home/julia-hrycyna/Pulpit/Hexapod/simulation/ros2_ws/src/install/hexapod_gazebo/share/hexapod_gazebo/local_setup.dsv
[0.228s] -- Installing: /home/julia-hrycyna/Pulpit/Hexapod/simulation/ros2_ws/src/install/hexapod_gazebo/share/hexapod_gazebo/package.dsv
[0.229s] -- Up-to-date: /home/julia-hrycyna/Pulpit/Hexapod/simulation/ros2_ws/src/install/hexapod_gazebo/share/ament_index/resource_index/packages/hexapod_gazebo
[0.229s] -- Up-to-date: /home/julia-hrycyna/Pulpit/Hexapod/simulation/ros2_ws/src/install/hexapod_gazebo/share/hexapod_gazebo/cmake/hexapod_gazeboConfig.cmake
[0.229s] -- Up-to-date: /home/julia-hrycyna/Pulpit/Hexapod/simulation/ros2_ws/src/install/hexapod_gazebo/share/hexapod_gazebo/cmake/hexapod_gazeboConfig-version.cmake
[0.229s] -- Up-to-date: /home/julia-hrycyna/Pulpit/Hexapod/simulation/ros2_ws/src/install/hexapod_gazebo/share/hexapod_gazebo/package.xml
[0.230s] Invoked command in '/home/julia-hrycyna/Pulpit/Hexapod/simulation/ros2_ws/src/build/hexapod_gazebo' returned '0': CMAKE_PREFIX_PATH=${CMAKE_PREFIX_PATH}:/home/julia-hrycyna/ws_moveit/install/moveit_configs_utils:/opt/ros/jazzy DEBUGINFOD_URLS=https://debuginfod.ubuntu.com /usr/bin/cmake --install /home/julia-hrycyna/Pulpit/Hexapod/simulation/ros2_ws/src/build/hexapod_gazebo
