[0.267s] DEBUG:colcon:Command line arguments: ['/usr/bin/colcon', 'build']
[0.267s] DEBUG:colcon:Parsed command line arguments: Namespace(log_base=None, log_level=None, verb_name='build', build_base='build', install_base='install', merge_install=False, symlink_install=False, test_result_base=None, continue_on_error=False, executor='parallel', parallel_workers=4, event_handlers=None, ignore_user_meta=False, metas=['./colcon.meta'], base_paths=['.'], packages_ignore=None, packages_ignore_regex=None, paths=None, packages_up_to=None, packages_up_to_regex=None, packages_above=None, packages_above_and_dependencies=None, packages_above_depth=None, packages_select_by_dep=None, packages_skip_by_dep=None, packages_skip_up_to=None, packages_select_build_failed=False, packages_skip_build_finished=False, packages_select_test_failures=False, packages_skip_test_passed=False, packages_select=None, packages_skip=None, packages_select_regex=None, packages_skip_regex=None, packages_start=None, packages_end=None, allow_overriding=[], cmake_args=None, cmake_target=None, cmake_target_skip_unavailable=False, cmake_clean_cache=False, cmake_clean_first=False, cmake_force_configure=False, ament_cmake_args=None, catkin_cmake_args=None, catkin_skip_building_tests=False, mixin_files=None, mixin=None, verb_parser=<colcon_mixin.mixin.mixin_argument.MixinArgumentDecorator object at 0x73f3966d2810>, verb_extension=<colcon_core.verb.build.BuildVerb object at 0x73f396eae270>, main=<bound method BuildVerb.main of <colcon_core.verb.build.BuildVerb object at 0x73f396eae270>>, mixin_verb=('build',))
[0.332s] Level 1:colcon.colcon_core.package_discovery:discover_packages(colcon_meta) check parameters
[0.332s] Level 1:colcon.colcon_core.package_discovery:discover_packages(recursive) check parameters
[0.332s] Level 1:colcon.colcon_core.package_discovery:discover_packages(ignore) check parameters
[0.332s] Level 1:colcon.colcon_core.package_discovery:discover_packages(path) check parameters
[0.332s] Level 1:colcon.colcon_core.package_discovery:discover_packages(colcon_meta) discover
[0.332s] Level 1:colcon.colcon_core.package_discovery:discover_packages(recursive) discover
[0.333s] INFO:colcon.colcon_core.package_discovery:Crawling recursively for packages in '/home/julia-hrycyna/Pulpit/Hexapod/simulation/ros2_ws/src'
[0.333s] Level 1:colcon.colcon_core.package_identification:_identify(.) by extensions ['ignore', 'ignore_ament_install']
[0.333s] Level 1:colcon.colcon_core.package_identification:_identify(.) by extension 'ignore'
[0.333s] Level 1:colcon.colcon_core.package_identification:_identify(.) by extension 'ignore_ament_install'
[0.333s] Level 1:colcon.colcon_core.package_identification:_identify(.) by extensions ['colcon_pkg']
[0.333s] Level 1:colcon.colcon_core.package_identification:_identify(.) by extension 'colcon_pkg'
[0.333s] Level 1:colcon.colcon_core.package_identification:_identify(.) by extensions ['colcon_meta']
[0.333s] Level 1:colcon.colcon_core.package_identification:_identify(.) by extension 'colcon_meta'
[0.333s] Level 1:colcon.colcon_core.package_identification:_identify(.) by extensions ['ros']
[0.333s] Level 1:colcon.colcon_core.package_identification:_identify(.) by extension 'ros'
[0.377s] Level 1:colcon.colcon_core.package_identification:_identify(.) by extensions ['cmake', 'python']
[0.377s] Level 1:colcon.colcon_core.package_identification:_identify(.) by extension 'cmake'
[0.377s] Level 1:colcon.colcon_core.package_identification:_identify(.) by extension 'python'
[0.378s] Level 1:colcon.colcon_core.package_identification:_identify(.) by extensions ['python_setup_py']
[0.378s] Level 1:colcon.colcon_core.package_identification:_identify(.) by extension 'python_setup_py'
[0.378s] Level 1:colcon.colcon_core.package_identification:_identify(build) by extensions ['ignore', 'ignore_ament_install']
[0.378s] Level 1:colcon.colcon_core.package_identification:_identify(build) by extension 'ignore'
[0.378s] Level 1:colcon.colcon_core.package_identification:_identify(build) ignored
[0.378s] Level 1:colcon.colcon_core.package_identification:_identify(hexapod) by extensions ['ignore', 'ignore_ament_install']
[0.379s] Level 1:colcon.colcon_core.package_identification:_identify(hexapod) by extension 'ignore'
[0.379s] Level 1:colcon.colcon_core.package_identification:_identify(hexapod) by extension 'ignore_ament_install'
[0.379s] Level 1:colcon.colcon_core.package_identification:_identify(hexapod) by extensions ['colcon_pkg']
[0.379s] Level 1:colcon.colcon_core.package_identification:_identify(hexapod) by extension 'colcon_pkg'
[0.379s] Level 1:colcon.colcon_core.package_identification:_identify(hexapod) by extensions ['colcon_meta']
[0.379s] Level 1:colcon.colcon_core.package_identification:_identify(hexapod) by extension 'colcon_meta'
[0.379s] Level 1:colcon.colcon_core.package_identification:_identify(hexapod) by extensions ['ros']
[0.379s] Level 1:colcon.colcon_core.package_identification:_identify(hexapod) by extension 'ros'
[0.379s] Level 1:colcon.colcon_core.package_identification:_identify(hexapod) by extensions ['cmake', 'python']
[0.379s] Level 1:colcon.colcon_core.package_identification:_identify(hexapod) by extension 'cmake'
[0.379s] Level 1:colcon.colcon_core.package_identification:_identify(hexapod) by extension 'python'
[0.380s] Level 1:colcon.colcon_core.package_identification:_identify(hexapod) by extensions ['python_setup_py']
[0.380s] Level 1:colcon.colcon_core.package_identification:_identify(hexapod) by extension 'python_setup_py'
[0.380s] Level 1:colcon.colcon_core.package_identification:_identify(hexapod/hexapod) by extensions ['ignore', 'ignore_ament_install']
[0.380s] Level 1:colcon.colcon_core.package_identification:_identify(hexapod/hexapod) by extension 'ignore'
[0.380s] Level 1:colcon.colcon_core.package_identification:_identify(hexapod/hexapod) by extension 'ignore_ament_install'
[0.380s] Level 1:colcon.colcon_core.package_identification:_identify(hexapod/hexapod) by extensions ['colcon_pkg']
[0.380s] Level 1:colcon.colcon_core.package_identification:_identify(hexapod/hexapod) by extension 'colcon_pkg'
[0.380s] Level 1:colcon.colcon_core.package_identification:_identify(hexapod/hexapod) by extensions ['colcon_meta']
[0.380s] Level 1:colcon.colcon_core.package_identification:_identify(hexapod/hexapod) by extension 'colcon_meta'
[0.381s] Level 1:colcon.colcon_core.package_identification:_identify(hexapod/hexapod) by extensions ['ros']
[0.381s] Level 1:colcon.colcon_core.package_identification:_identify(hexapod/hexapod) by extension 'ros'
[0.384s] DEBUG:colcon.colcon_core.package_identification:Package 'hexapod/hexapod' with type 'ros.ament_cmake' and name 'hexapod'
[0.384s] Level 1:colcon.colcon_core.package_identification:_identify(hexapod/hexapod_description) by extensions ['ignore', 'ignore_ament_install']
[0.384s] Level 1:colcon.colcon_core.package_identification:_identify(hexapod/hexapod_description) by extension 'ignore'
[0.384s] Level 1:colcon.colcon_core.package_identification:_identify(hexapod/hexapod_description) by extension 'ignore_ament_install'
[0.385s] Level 1:colcon.colcon_core.package_identification:_identify(hexapod/hexapod_description) by extensions ['colcon_pkg']
[0.385s] Level 1:colcon.colcon_core.package_identification:_identify(hexapod/hexapod_description) by extension 'colcon_pkg'
[0.385s] Level 1:colcon.colcon_core.package_identification:_identify(hexapod/hexapod_description) by extensions ['colcon_meta']
[0.385s] Level 1:colcon.colcon_core.package_identification:_identify(hexapod/hexapod_description) by extension 'colcon_meta'
[0.385s] Level 1:colcon.colcon_core.package_identification:_identify(hexapod/hexapod_description) by extensions ['ros']
[0.385s] Level 1:colcon.colcon_core.package_identification:_identify(hexapod/hexapod_description) by extension 'ros'
[0.386s] DEBUG:colcon.colcon_core.package_identification:Package 'hexapod/hexapod_description' with type 'ros.ament_cmake' and name 'hexapod_description'
[0.386s] Level 1:colcon.colcon_core.package_identification:_identify(hexapod/hexapod_gazebo) by extensions ['ignore', 'ignore_ament_install']
[0.386s] Level 1:colcon.colcon_core.package_identification:_identify(hexapod/hexapod_gazebo) by extension 'ignore'
[0.386s] Level 1:colcon.colcon_core.package_identification:_identify(hexapod/hexapod_gazebo) by extension 'ignore_ament_install'
[0.386s] Level 1:colcon.colcon_core.package_identification:_identify(hexapod/hexapod_gazebo) by extensions ['colcon_pkg']
[0.386s] Level 1:colcon.colcon_core.package_identification:_identify(hexapod/hexapod_gazebo) by extension 'colcon_pkg'
[0.386s] Level 1:colcon.colcon_core.package_identification:_identify(hexapod/hexapod_gazebo) by extensions ['colcon_meta']
[0.386s] Level 1:colcon.colcon_core.package_identification:_identify(hexapod/hexapod_gazebo) by extension 'colcon_meta'
[0.387s] Level 1:colcon.colcon_core.package_identification:_identify(hexapod/hexapod_gazebo) by extensions ['ros']
[0.387s] Level 1:colcon.colcon_core.package_identification:_identify(hexapod/hexapod_gazebo) by extension 'ros'
[0.387s] DEBUG:colcon.colcon_core.package_identification:Package 'hexapod/hexapod_gazebo' with type 'ros.ament_cmake' and name 'hexapod_gazebo'
[0.387s] Level 1:colcon.colcon_core.package_identification:_identify(hexapod_control) by extensions ['ignore', 'ignore_ament_install']
[0.388s] Level 1:colcon.colcon_core.package_identification:_identify(hexapod_control) by extension 'ignore'
[0.388s] Level 1:colcon.colcon_core.package_identification:_identify(hexapod_control) by extension 'ignore_ament_install'
[0.388s] Level 1:colcon.colcon_core.package_identification:_identify(hexapod_control) by extensions ['colcon_pkg']
[0.388s] Level 1:colcon.colcon_core.package_identification:_identify(hexapod_control) by extension 'colcon_pkg'
[0.388s] Level 1:colcon.colcon_core.package_identification:_identify(hexapod_control) by extensions ['colcon_meta']
[0.388s] Level 1:colcon.colcon_core.package_identification:_identify(hexapod_control) by extension 'colcon_meta'
[0.388s] Level 1:colcon.colcon_core.package_identification:_identify(hexapod_control) by extensions ['ros']
[0.388s] Level 1:colcon.colcon_core.package_identification:_identify(hexapod_control) by extension 'ros'
[0.389s] DEBUG:colcon.colcon_core.package_identification:Package 'hexapod_control' with type 'ros.ament_cmake' and name 'hexapod_control'
[0.389s] Level 1:colcon.colcon_core.package_identification:_identify(hexapod_moveit_config) by extensions ['ignore', 'ignore_ament_install']
[0.389s] Level 1:colcon.colcon_core.package_identification:_identify(hexapod_moveit_config) by extension 'ignore'
[0.389s] Level 1:colcon.colcon_core.package_identification:_identify(hexapod_moveit_config) by extension 'ignore_ament_install'
[0.389s] Level 1:colcon.colcon_core.package_identification:_identify(hexapod_moveit_config) by extensions ['colcon_pkg']
[0.389s] Level 1:colcon.colcon_core.package_identification:_identify(hexapod_moveit_config) by extension 'colcon_pkg'
[0.389s] Level 1:colcon.colcon_core.package_identification:_identify(hexapod_moveit_config) by extensions ['colcon_meta']
[0.389s] Level 1:colcon.colcon_core.package_identification:_identify(hexapod_moveit_config) by extension 'colcon_meta'
[0.389s] Level 1:colcon.colcon_core.package_identification:_identify(hexapod_moveit_config) by extensions ['ros']
[0.389s] Level 1:colcon.colcon_core.package_identification:_identify(hexapod_moveit_config) by extension 'ros'
[0.390s] DEBUG:colcon.colcon_core.package_identification:Package 'hexapod_moveit_config' with type 'ros.ament_cmake' and name 'hexapod_moveit_config'
[0.391s] Level 1:colcon.colcon_core.package_identification:_identify(install) by extensions ['ignore', 'ignore_ament_install']
[0.391s] Level 1:colcon.colcon_core.package_identification:_identify(install) by extension 'ignore'
[0.391s] Level 1:colcon.colcon_core.package_identification:_identify(install) ignored
[0.391s] Level 1:colcon.colcon_core.package_identification:_identify(log) by extensions ['ignore', 'ignore_ament_install']
[0.391s] Level 1:colcon.colcon_core.package_identification:_identify(log) by extension 'ignore'
[0.391s] Level 1:colcon.colcon_core.package_identification:_identify(log) ignored
[0.391s] Level 1:colcon.colcon_core.package_discovery:discover_packages(recursive) using defaults
[0.391s] Level 1:colcon.colcon_core.package_discovery:discover_packages(ignore) discover
[0.391s] Level 1:colcon.colcon_core.package_discovery:discover_packages(ignore) using defaults
[0.391s] Level 1:colcon.colcon_core.package_discovery:discover_packages(path) discover
[0.391s] Level 1:colcon.colcon_core.package_discovery:discover_packages(path) using defaults
[0.423s] Level 1:colcon.colcon_core.package_discovery:discover_packages(prefix_path) check parameters
[0.423s] Level 1:colcon.colcon_core.package_discovery:discover_packages(prefix_path) discover
[0.447s] DEBUG:colcon.colcon_installed_package_information.package_discovery:Found 1 installed packages in /home/julia-hrycyna/Pulpit/Hexapod/simulation/ros2_ws/src/install
[0.450s] DEBUG:colcon.colcon_installed_package_information.package_discovery:Found 72 installed packages in /home/julia-hrycyna/ws_moveit/install
[0.454s] DEBUG:colcon.colcon_installed_package_information.package_discovery:Found 388 installed packages in /opt/ros/jazzy
[0.455s] Level 1:colcon.colcon_core.package_discovery:discover_packages(prefix_path) using defaults
[0.632s] Level 5:colcon.colcon_core.verb:set package 'hexapod_control' build argument 'cmake_args' from command line to 'None'
[0.633s] Level 5:colcon.colcon_core.verb:set package 'hexapod_control' build argument 'cmake_target' from command line to 'None'
[0.633s] Level 5:colcon.colcon_core.verb:set package 'hexapod_control' build argument 'cmake_target_skip_unavailable' from command line to 'False'
[0.633s] Level 5:colcon.colcon_core.verb:set package 'hexapod_control' build argument 'cmake_clean_cache' from command line to 'False'
[0.633s] Level 5:colcon.colcon_core.verb:set package 'hexapod_control' build argument 'cmake_clean_first' from command line to 'False'
[0.633s] Level 5:colcon.colcon_core.verb:set package 'hexapod_control' build argument 'cmake_force_configure' from command line to 'False'
[0.633s] Level 5:colcon.colcon_core.verb:set package 'hexapod_control' build argument 'ament_cmake_args' from command line to 'None'
[0.633s] Level 5:colcon.colcon_core.verb:set package 'hexapod_control' build argument 'catkin_cmake_args' from command line to 'None'
[0.633s] Level 5:colcon.colcon_core.verb:set package 'hexapod_control' build argument 'catkin_skip_building_tests' from command line to 'False'
[0.633s] DEBUG:colcon.colcon_core.verb:Building package 'hexapod_control' with the following arguments: {'ament_cmake_args': None, 'build_base': '/home/julia-hrycyna/Pulpit/Hexapod/simulation/ros2_ws/src/build/hexapod_control', 'catkin_cmake_args': None, 'catkin_skip_building_tests': False, 'cmake_args': None, 'cmake_clean_cache': False, 'cmake_clean_first': False, 'cmake_force_configure': False, 'cmake_target': None, 'cmake_target_skip_unavailable': False, 'install_base': '/home/julia-hrycyna/Pulpit/Hexapod/simulation/ros2_ws/src/install/hexapod_control', 'merge_install': False, 'path': '/home/julia-hrycyna/Pulpit/Hexapod/simulation/ros2_ws/src/hexapod_control', 'symlink_install': False, 'test_result_base': None}
[0.634s] Level 5:colcon.colcon_core.verb:set package 'hexapod_description' build argument 'cmake_args' from command line to 'None'
[0.634s] Level 5:colcon.colcon_core.verb:set package 'hexapod_description' build argument 'cmake_target' from command line to 'None'
[0.634s] Level 5:colcon.colcon_core.verb:set package 'hexapod_description' build argument 'cmake_target_skip_unavailable' from command line to 'False'
[0.634s] Level 5:colcon.colcon_core.verb:set package 'hexapod_description' build argument 'cmake_clean_cache' from command line to 'False'
[0.634s] Level 5:colcon.colcon_core.verb:set package 'hexapod_description' build argument 'cmake_clean_first' from command line to 'False'
[0.634s] Level 5:colcon.colcon_core.verb:set package 'hexapod_description' build argument 'cmake_force_configure' from command line to 'False'
[0.634s] Level 5:colcon.colcon_core.verb:set package 'hexapod_description' build argument 'ament_cmake_args' from command line to 'None'
[0.634s] Level 5:colcon.colcon_core.verb:set package 'hexapod_description' build argument 'catkin_cmake_args' from command line to 'None'
[0.634s] Level 5:colcon.colcon_core.verb:set package 'hexapod_description' build argument 'catkin_skip_building_tests' from command line to 'False'
[0.634s] DEBUG:colcon.colcon_core.verb:Building package 'hexapod_description' with the following arguments: {'ament_cmake_args': None, 'build_base': '/home/julia-hrycyna/Pulpit/Hexapod/simulation/ros2_ws/src/build/hexapod_description', 'catkin_cmake_args': None, 'catkin_skip_building_tests': False, 'cmake_args': None, 'cmake_clean_cache': False, 'cmake_clean_first': False, 'cmake_force_configure': False, 'cmake_target': None, 'cmake_target_skip_unavailable': False, 'install_base': '/home/julia-hrycyna/Pulpit/Hexapod/simulation/ros2_ws/src/install/hexapod_description', 'merge_install': False, 'path': '/home/julia-hrycyna/Pulpit/Hexapod/simulation/ros2_ws/src/hexapod/hexapod_description', 'symlink_install': False, 'test_result_base': None}
[0.635s] Level 5:colcon.colcon_core.verb:set package 'hexapod_gazebo' build argument 'cmake_args' from command line to 'None'
[0.635s] Level 5:colcon.colcon_core.verb:set package 'hexapod_gazebo' build argument 'cmake_target' from command line to 'None'
[0.635s] Level 5:colcon.colcon_core.verb:set package 'hexapod_gazebo' build argument 'cmake_target_skip_unavailable' from command line to 'False'
[0.635s] Level 5:colcon.colcon_core.verb:set package 'hexapod_gazebo' build argument 'cmake_clean_cache' from command line to 'False'
[0.635s] Level 5:colcon.colcon_core.verb:set package 'hexapod_gazebo' build argument 'cmake_clean_first' from command line to 'False'
[0.635s] Level 5:colcon.colcon_core.verb:set package 'hexapod_gazebo' build argument 'cmake_force_configure' from command line to 'False'
[0.635s] Level 5:colcon.colcon_core.verb:set package 'hexapod_gazebo' build argument 'ament_cmake_args' from command line to 'None'
[0.635s] Level 5:colcon.colcon_core.verb:set package 'hexapod_gazebo' build argument 'catkin_cmake_args' from command line to 'None'
[0.635s] Level 5:colcon.colcon_core.verb:set package 'hexapod_gazebo' build argument 'catkin_skip_building_tests' from command line to 'False'
[0.636s] DEBUG:colcon.colcon_core.verb:Building package 'hexapod_gazebo' with the following arguments: {'ament_cmake_args': None, 'build_base': '/home/julia-hrycyna/Pulpit/Hexapod/simulation/ros2_ws/src/build/hexapod_gazebo', 'catkin_cmake_args': None, 'catkin_skip_building_tests': False, 'cmake_args': None, 'cmake_clean_cache': False, 'cmake_clean_first': False, 'cmake_force_configure': False, 'cmake_target': None, 'cmake_target_skip_unavailable': False, 'install_base': '/home/julia-hrycyna/Pulpit/Hexapod/simulation/ros2_ws/src/install/hexapod_gazebo', 'merge_install': False, 'path': '/home/julia-hrycyna/Pulpit/Hexapod/simulation/ros2_ws/src/hexapod/hexapod_gazebo', 'symlink_install': False, 'test_result_base': None}
[0.636s] Level 5:colcon.colcon_core.verb:set package 'hexapod' build argument 'cmake_args' from command line to 'None'
[0.636s] Level 5:colcon.colcon_core.verb:set package 'hexapod' build argument 'cmake_target' from command line to 'None'
[0.636s] Level 5:colcon.colcon_core.verb:set package 'hexapod' build argument 'cmake_target_skip_unavailable' from command line to 'False'
[0.636s] Level 5:colcon.colcon_core.verb:set package 'hexapod' build argument 'cmake_clean_cache' from command line to 'False'
[0.636s] Level 5:colcon.colcon_core.verb:set package 'hexapod' build argument 'cmake_clean_first' from command line to 'False'
[0.636s] Level 5:colcon.colcon_core.verb:set package 'hexapod' build argument 'cmake_force_configure' from command line to 'False'
[0.637s] Level 5:colcon.colcon_core.verb:set package 'hexapod' build argument 'ament_cmake_args' from command line to 'None'
[0.637s] Level 5:colcon.colcon_core.verb:set package 'hexapod' build argument 'catkin_cmake_args' from command line to 'None'
[0.637s] Level 5:colcon.colcon_core.verb:set package 'hexapod' build argument 'catkin_skip_building_tests' from command line to 'False'
[0.637s] DEBUG:colcon.colcon_core.verb:Building package 'hexapod' with the following arguments: {'ament_cmake_args': None, 'build_base': '/home/julia-hrycyna/Pulpit/Hexapod/simulation/ros2_ws/src/build/hexapod', 'catkin_cmake_args': None, 'catkin_skip_building_tests': False, 'cmake_args': None, 'cmake_clean_cache': False, 'cmake_clean_first': False, 'cmake_force_configure': False, 'cmake_target': None, 'cmake_target_skip_unavailable': False, 'install_base': '/home/julia-hrycyna/Pulpit/Hexapod/simulation/ros2_ws/src/install/hexapod', 'merge_install': False, 'path': '/home/julia-hrycyna/Pulpit/Hexapod/simulation/ros2_ws/src/hexapod/hexapod', 'symlink_install': False, 'test_result_base': None}
[0.637s] Level 5:colcon.colcon_core.verb:set package 'hexapod_moveit_config' build argument 'cmake_args' from command line to 'None'
[0.637s] Level 5:colcon.colcon_core.verb:set package 'hexapod_moveit_config' build argument 'cmake_target' from command line to 'None'
[0.637s] Level 5:colcon.colcon_core.verb:set package 'hexapod_moveit_config' build argument 'cmake_target_skip_unavailable' from command line to 'False'
[0.637s] Level 5:colcon.colcon_core.verb:set package 'hexapod_moveit_config' build argument 'cmake_clean_cache' from command line to 'False'
[0.638s] Level 5:colcon.colcon_core.verb:set package 'hexapod_moveit_config' build argument 'cmake_clean_first' from command line to 'False'
[0.638s] Level 5:colcon.colcon_core.verb:set package 'hexapod_moveit_config' build argument 'cmake_force_configure' from command line to 'False'
[0.638s] Level 5:colcon.colcon_core.verb:set package 'hexapod_moveit_config' build argument 'ament_cmake_args' from command line to 'None'
[0.638s] Level 5:colcon.colcon_core.verb:set package 'hexapod_moveit_config' build argument 'catkin_cmake_args' from command line to 'None'
[0.638s] Level 5:colcon.colcon_core.verb:set package 'hexapod_moveit_config' build argument 'catkin_skip_building_tests' from command line to 'False'
[0.638s] DEBUG:colcon.colcon_core.verb:Building package 'hexapod_moveit_config' with the following arguments: {'ament_cmake_args': None, 'build_base': '/home/julia-hrycyna/Pulpit/Hexapod/simulation/ros2_ws/src/build/hexapod_moveit_config', 'catkin_cmake_args': None, 'catkin_skip_building_tests': False, 'cmake_args': None, 'cmake_clean_cache': False, 'cmake_clean_first': False, 'cmake_force_configure': False, 'cmake_target': None, 'cmake_target_skip_unavailable': False, 'install_base': '/home/julia-hrycyna/Pulpit/Hexapod/simulation/ros2_ws/src/install/hexapod_moveit_config', 'merge_install': False, 'path': '/home/julia-hrycyna/Pulpit/Hexapod/simulation/ros2_ws/src/hexapod_moveit_config', 'symlink_install': False, 'test_result_base': None}
[0.638s] INFO:colcon.colcon_core.executor:Executing jobs using 'parallel' executor
[0.640s] DEBUG:colcon.colcon_parallel_executor.executor.parallel:run_until_complete
[0.640s] INFO:colcon.colcon_ros.task.ament_cmake.build:Building ROS package in '/home/julia-hrycyna/Pulpit/Hexapod/simulation/ros2_ws/src/hexapod/hexapod_description' with build type 'ament_cmake'
[0.641s] INFO:colcon.colcon_cmake.task.cmake.build:Building CMake package in '/home/julia-hrycyna/Pulpit/Hexapod/simulation/ros2_ws/src/hexapod/hexapod_description'
[0.648s] INFO:colcon.colcon_core.plugin_system:Skipping extension 'colcon_core.shell.bat': Not used on non-Windows systems
[0.648s] INFO:colcon.colcon_core.shell:Skip shell extension 'powershell' for command environment: Not usable outside of PowerShell
[0.648s] DEBUG:colcon.colcon_core.shell:Skip shell extension 'dsv' for command environment
[0.672s] INFO:colcon.colcon_ros.task.ament_cmake.build:Building ROS package in '/home/julia-hrycyna/Pulpit/Hexapod/simulation/ros2_ws/src/hexapod_control' with build type 'ament_cmake'
[0.672s] INFO:colcon.colcon_cmake.task.cmake.build:Building CMake package in '/home/julia-hrycyna/Pulpit/Hexapod/simulation/ros2_ws/src/hexapod_control'
[0.672s] INFO:colcon.colcon_core.shell:Skip shell extension 'powershell' for command environment: Not usable outside of PowerShell
[0.673s] DEBUG:colcon.colcon_core.shell:Skip shell extension 'dsv' for command environment
[0.698s] INFO:colcon.colcon_ros.task.ament_cmake.build:Building ROS package in '/home/julia-hrycyna/Pulpit/Hexapod/simulation/ros2_ws/src/hexapod/hexapod_gazebo' with build type 'ament_cmake'
[0.698s] INFO:colcon.colcon_cmake.task.cmake.build:Building CMake package in '/home/julia-hrycyna/Pulpit/Hexapod/simulation/ros2_ws/src/hexapod/hexapod_gazebo'
[0.698s] INFO:colcon.colcon_core.shell:Skip shell extension 'powershell' for command environment: Not usable outside of PowerShell
[0.698s] DEBUG:colcon.colcon_core.shell:Skip shell extension 'dsv' for command environment
[0.733s] DEBUG:colcon.colcon_core.event_handler.log_command:Invoking command in '/home/julia-hrycyna/Pulpit/Hexapod/simulation/ros2_ws/src/build/hexapod_description': CMAKE_PREFIX_PATH=${CMAKE_PREFIX_PATH}:/home/julia-hrycyna/ws_moveit/install/moveit_configs_utils:/opt/ros/jazzy DEBUGINFOD_URLS=https://debuginfod.ubuntu.com /usr/bin/cmake /home/julia-hrycyna/Pulpit/Hexapod/simulation/ros2_ws/src/hexapod/hexapod_description -DCMAKE_INSTALL_PREFIX=/home/julia-hrycyna/Pulpit/Hexapod/simulation/ros2_ws/src/install/hexapod_description
[0.741s] DEBUG:colcon.colcon_core.event_handler.log_command:Invoking command in '/home/julia-hrycyna/Pulpit/Hexapod/simulation/ros2_ws/src/build/hexapod_control': CMAKE_PREFIX_PATH=${CMAKE_PREFIX_PATH}:/home/julia-hrycyna/ws_moveit/install/moveit_configs_utils:/opt/ros/jazzy DEBUGINFOD_URLS=https://debuginfod.ubuntu.com /usr/bin/cmake --build /home/julia-hrycyna/Pulpit/Hexapod/simulation/ros2_ws/src/build/hexapod_control -- -j4 -l4
[0.754s] DEBUG:colcon.colcon_core.event_handler.log_command:Invoking command in '/home/julia-hrycyna/Pulpit/Hexapod/simulation/ros2_ws/src/build/hexapod_gazebo': CMAKE_PREFIX_PATH=${CMAKE_PREFIX_PATH}:/home/julia-hrycyna/ws_moveit/install/moveit_configs_utils:/opt/ros/jazzy DEBUGINFOD_URLS=https://debuginfod.ubuntu.com /usr/bin/cmake --build /home/julia-hrycyna/Pulpit/Hexapod/simulation/ros2_ws/src/build/hexapod_gazebo -- -j4 -l4
[0.891s] DEBUG:colcon.colcon_core.event_handler.log_command:Invoked command in '/home/julia-hrycyna/Pulpit/Hexapod/simulation/ros2_ws/src/build/hexapod_gazebo' returned '0': CMAKE_PREFIX_PATH=${CMAKE_PREFIX_PATH}:/home/julia-hrycyna/ws_moveit/install/moveit_configs_utils:/opt/ros/jazzy DEBUGINFOD_URLS=https://debuginfod.ubuntu.com /usr/bin/cmake --build /home/julia-hrycyna/Pulpit/Hexapod/simulation/ros2_ws/src/build/hexapod_gazebo -- -j4 -l4
[0.923s] DEBUG:colcon.colcon_core.event_handler.log_command:Invoking command in '/home/julia-hrycyna/Pulpit/Hexapod/simulation/ros2_ws/src/build/hexapod_gazebo': CMAKE_PREFIX_PATH=${CMAKE_PREFIX_PATH}:/home/julia-hrycyna/ws_moveit/install/moveit_configs_utils:/opt/ros/jazzy DEBUGINFOD_URLS=https://debuginfod.ubuntu.com /usr/bin/cmake --install /home/julia-hrycyna/Pulpit/Hexapod/simulation/ros2_ws/src/build/hexapod_gazebo
[1.060s] Level 1:colcon.colcon_core.environment:create_environment_scripts_only(hexapod_gazebo)
[1.061s] DEBUG:colcon.colcon_core.event_handler.log_command:Invoked command in '/home/julia-hrycyna/Pulpit/Hexapod/simulation/ros2_ws/src/build/hexapod_gazebo' returned '0': CMAKE_PREFIX_PATH=${CMAKE_PREFIX_PATH}:/home/julia-hrycyna/ws_moveit/install/moveit_configs_utils:/opt/ros/jazzy DEBUGINFOD_URLS=https://debuginfod.ubuntu.com /usr/bin/cmake --install /home/julia-hrycyna/Pulpit/Hexapod/simulation/ros2_ws/src/build/hexapod_gazebo
[1.068s] Level 1:colcon.colcon_core.environment:checking '/home/julia-hrycyna/Pulpit/Hexapod/simulation/ros2_ws/src/install/hexapod_gazebo' for CMake module files
[1.069s] Level 1:colcon.colcon_core.environment:checking '/home/julia-hrycyna/Pulpit/Hexapod/simulation/ros2_ws/src/install/hexapod_gazebo' for CMake config files
[1.070s] Level 1:colcon.colcon_core.shell:create_environment_hook('hexapod_gazebo', 'cmake_prefix_path')
[1.070s] INFO:colcon.colcon_core.shell:Creating environment hook '/home/julia-hrycyna/Pulpit/Hexapod/simulation/ros2_ws/src/install/hexapod_gazebo/share/hexapod_gazebo/hook/cmake_prefix_path.ps1'
[1.072s] INFO:colcon.colcon_core.shell:Creating environment descriptor '/home/julia-hrycyna/Pulpit/Hexapod/simulation/ros2_ws/src/install/hexapod_gazebo/share/hexapod_gazebo/hook/cmake_prefix_path.dsv'
[1.073s] INFO:colcon.colcon_core.shell:Creating environment hook '/home/julia-hrycyna/Pulpit/Hexapod/simulation/ros2_ws/src/install/hexapod_gazebo/share/hexapod_gazebo/hook/cmake_prefix_path.sh'
[1.075s] Level 1:colcon.colcon_core.environment:checking '/home/julia-hrycyna/Pulpit/Hexapod/simulation/ros2_ws/src/install/hexapod_gazebo/bin'
[1.076s] Level 1:colcon.colcon_core.environment:checking '/home/julia-hrycyna/Pulpit/Hexapod/simulation/ros2_ws/src/install/hexapod_gazebo/lib/pkgconfig/hexapod_gazebo.pc'
[1.076s] Level 1:colcon.colcon_core.environment:checking '/home/julia-hrycyna/Pulpit/Hexapod/simulation/ros2_ws/src/install/hexapod_gazebo/lib/python3.12/site-packages'
[1.077s] Level 1:colcon.colcon_core.environment:checking '/home/julia-hrycyna/Pulpit/Hexapod/simulation/ros2_ws/src/install/hexapod_gazebo/bin'
[1.077s] INFO:colcon.colcon_core.shell:Creating package script '/home/julia-hrycyna/Pulpit/Hexapod/simulation/ros2_ws/src/install/hexapod_gazebo/share/hexapod_gazebo/package.ps1'
[1.079s] INFO:colcon.colcon_core.shell:Creating package descriptor '/home/julia-hrycyna/Pulpit/Hexapod/simulation/ros2_ws/src/install/hexapod_gazebo/share/hexapod_gazebo/package.dsv'
[1.081s] INFO:colcon.colcon_core.shell:Creating package script '/home/julia-hrycyna/Pulpit/Hexapod/simulation/ros2_ws/src/install/hexapod_gazebo/share/hexapod_gazebo/package.sh'
[1.083s] INFO:colcon.colcon_core.shell:Creating package script '/home/julia-hrycyna/Pulpit/Hexapod/simulation/ros2_ws/src/install/hexapod_gazebo/share/hexapod_gazebo/package.bash'
[1.084s] INFO:colcon.colcon_core.shell:Creating package script '/home/julia-hrycyna/Pulpit/Hexapod/simulation/ros2_ws/src/install/hexapod_gazebo/share/hexapod_gazebo/package.zsh'
[1.086s] Level 1:colcon.colcon_core.environment:create_file_with_runtime_dependencies(/home/julia-hrycyna/Pulpit/Hexapod/simulation/ros2_ws/src/install/hexapod_gazebo/share/colcon-core/packages/hexapod_gazebo)
[1.087s] Level 1:colcon.colcon_core.environment:create_environment_scripts_only(hexapod_gazebo)
[1.088s] Level 1:colcon.colcon_core.environment:checking '/home/julia-hrycyna/Pulpit/Hexapod/simulation/ros2_ws/src/install/hexapod_gazebo' for CMake module files
[1.090s] Level 1:colcon.colcon_core.environment:checking '/home/julia-hrycyna/Pulpit/Hexapod/simulation/ros2_ws/src/install/hexapod_gazebo' for CMake config files
[1.090s] Level 1:colcon.colcon_core.shell:create_environment_hook('hexapod_gazebo', 'cmake_prefix_path')
[1.090s] INFO:colcon.colcon_core.shell:Creating environment hook '/home/julia-hrycyna/Pulpit/Hexapod/simulation/ros2_ws/src/install/hexapod_gazebo/share/hexapod_gazebo/hook/cmake_prefix_path.ps1'
[1.092s] INFO:colcon.colcon_core.shell:Creating environment descriptor '/home/julia-hrycyna/Pulpit/Hexapod/simulation/ros2_ws/src/install/hexapod_gazebo/share/hexapod_gazebo/hook/cmake_prefix_path.dsv'
[1.093s] INFO:colcon.colcon_core.shell:Creating environment hook '/home/julia-hrycyna/Pulpit/Hexapod/simulation/ros2_ws/src/install/hexapod_gazebo/share/hexapod_gazebo/hook/cmake_prefix_path.sh'
[1.094s] Level 1:colcon.colcon_core.environment:checking '/home/julia-hrycyna/Pulpit/Hexapod/simulation/ros2_ws/src/install/hexapod_gazebo/bin'
[1.094s] Level 1:colcon.colcon_core.environment:checking '/home/julia-hrycyna/Pulpit/Hexapod/simulation/ros2_ws/src/install/hexapod_gazebo/lib/pkgconfig/hexapod_gazebo.pc'
[1.095s] Level 1:colcon.colcon_core.environment:checking '/home/julia-hrycyna/Pulpit/Hexapod/simulation/ros2_ws/src/install/hexapod_gazebo/lib/python3.12/site-packages'
[1.095s] Level 1:colcon.colcon_core.environment:checking '/home/julia-hrycyna/Pulpit/Hexapod/simulation/ros2_ws/src/install/hexapod_gazebo/bin'
[1.096s] INFO:colcon.colcon_core.shell:Creating package script '/home/julia-hrycyna/Pulpit/Hexapod/simulation/ros2_ws/src/install/hexapod_gazebo/share/hexapod_gazebo/package.ps1'
[1.097s] INFO:colcon.colcon_core.shell:Creating package descriptor '/home/julia-hrycyna/Pulpit/Hexapod/simulation/ros2_ws/src/install/hexapod_gazebo/share/hexapod_gazebo/package.dsv'
[1.098s] INFO:colcon.colcon_core.shell:Creating package script '/home/julia-hrycyna/Pulpit/Hexapod/simulation/ros2_ws/src/install/hexapod_gazebo/share/hexapod_gazebo/package.sh'
[1.099s] INFO:colcon.colcon_core.shell:Creating package script '/home/julia-hrycyna/Pulpit/Hexapod/simulation/ros2_ws/src/install/hexapod_gazebo/share/hexapod_gazebo/package.bash'
[1.100s] INFO:colcon.colcon_core.shell:Creating package script '/home/julia-hrycyna/Pulpit/Hexapod/simulation/ros2_ws/src/install/hexapod_gazebo/share/hexapod_gazebo/package.zsh'
[1.101s] Level 1:colcon.colcon_core.environment:create_file_with_runtime_dependencies(/home/julia-hrycyna/Pulpit/Hexapod/simulation/ros2_ws/src/install/hexapod_gazebo/share/colcon-core/packages/hexapod_gazebo)
[1.455s] DEBUG:colcon.colcon_core.event_handler.log_command:Invoked command in '/home/julia-hrycyna/Pulpit/Hexapod/simulation/ros2_ws/src/build/hexapod_description' returned '1': CMAKE_PREFIX_PATH=${CMAKE_PREFIX_PATH}:/home/julia-hrycyna/ws_moveit/install/moveit_configs_utils:/opt/ros/jazzy DEBUGINFOD_URLS=https://debuginfod.ubuntu.com /usr/bin/cmake /home/julia-hrycyna/Pulpit/Hexapod/simulation/ros2_ws/src/hexapod/hexapod_description -DCMAKE_INSTALL_PREFIX=/home/julia-hrycyna/Pulpit/Hexapod/simulation/ros2_ws/src/install/hexapod_description
[1.492s] Level 1:colcon.colcon_core.environment:create_environment_scripts_only(hexapod_description)
[1.492s] Level 1:colcon.colcon_core.environment:checking '/home/julia-hrycyna/Pulpit/Hexapod/simulation/ros2_ws/src/install/hexapod_description' for CMake module files
[1.493s] Level 1:colcon.colcon_core.environment:checking '/home/julia-hrycyna/Pulpit/Hexapod/simulation/ros2_ws/src/install/hexapod_description' for CMake config files
[1.494s] Level 1:colcon.colcon_core.environment:checking '/home/julia-hrycyna/Pulpit/Hexapod/simulation/ros2_ws/src/install/hexapod_description/bin'
[1.494s] Level 1:colcon.colcon_core.environment:checking '/home/julia-hrycyna/Pulpit/Hexapod/simulation/ros2_ws/src/install/hexapod_description/lib/pkgconfig/hexapod_description.pc'
[1.494s] Level 1:colcon.colcon_core.environment:checking '/home/julia-hrycyna/Pulpit/Hexapod/simulation/ros2_ws/src/install/hexapod_description/lib/python3.12/site-packages'
[1.495s] Level 1:colcon.colcon_core.environment:checking '/home/julia-hrycyna/Pulpit/Hexapod/simulation/ros2_ws/src/install/hexapod_description/bin'
[1.495s] INFO:colcon.colcon_core.shell:Creating package script '/home/julia-hrycyna/Pulpit/Hexapod/simulation/ros2_ws/src/install/hexapod_description/share/hexapod_description/package.ps1'
[1.496s] INFO:colcon.colcon_core.shell:Creating package descriptor '/home/julia-hrycyna/Pulpit/Hexapod/simulation/ros2_ws/src/install/hexapod_description/share/hexapod_description/package.dsv'
[1.496s] INFO:colcon.colcon_core.shell:Creating package script '/home/julia-hrycyna/Pulpit/Hexapod/simulation/ros2_ws/src/install/hexapod_description/share/hexapod_description/package.sh'
[1.497s] INFO:colcon.colcon_core.shell:Creating package script '/home/julia-hrycyna/Pulpit/Hexapod/simulation/ros2_ws/src/install/hexapod_description/share/hexapod_description/package.bash'
[1.498s] INFO:colcon.colcon_core.shell:Creating package script '/home/julia-hrycyna/Pulpit/Hexapod/simulation/ros2_ws/src/install/hexapod_description/share/hexapod_description/package.zsh'
[1.498s] Level 1:colcon.colcon_core.environment:create_file_with_runtime_dependencies(/home/julia-hrycyna/Pulpit/Hexapod/simulation/ros2_ws/src/install/hexapod_description/share/colcon-core/packages/hexapod_description)
[20.650s] DEBUG:colcon.colcon_parallel_executor.executor.parallel:closing loop
[20.653s] DEBUG:colcon.colcon_parallel_executor.executor.parallel:loop closed
[20.654s] DEBUG:colcon.colcon_parallel_executor.executor.parallel:run_until_complete finished with '1'
[20.654s] DEBUG:colcon.colcon_core.event_reactor:joining thread
[20.702s] INFO:colcon.colcon_core.plugin_system:Skipping extension 'colcon_notification.desktop_notification.terminal_notifier': Not used on non-Darwin systems
[20.702s] INFO:colcon.colcon_core.plugin_system:Skipping extension 'colcon_notification.desktop_notification.win32': Not used on non-Windows systems
[20.702s] INFO:colcon.colcon_notification.desktop_notification:Sending desktop notification using 'notify2'
[20.727s] DEBUG:colcon.colcon_core.event_reactor:joined thread
[20.728s] INFO:colcon.colcon_core.shell:Creating prefix script '/home/julia-hrycyna/Pulpit/Hexapod/simulation/ros2_ws/src/install/local_setup.ps1'
[20.730s] INFO:colcon.colcon_core.shell:Creating prefix util module '/home/julia-hrycyna/Pulpit/Hexapod/simulation/ros2_ws/src/install/_local_setup_util_ps1.py'
[20.734s] INFO:colcon.colcon_core.shell:Creating prefix chain script '/home/julia-hrycyna/Pulpit/Hexapod/simulation/ros2_ws/src/install/setup.ps1'
[20.742s] INFO:colcon.colcon_core.shell:Creating prefix script '/home/julia-hrycyna/Pulpit/Hexapod/simulation/ros2_ws/src/install/local_setup.sh'
[20.743s] INFO:colcon.colcon_core.shell:Creating prefix util module '/home/julia-hrycyna/Pulpit/Hexapod/simulation/ros2_ws/src/install/_local_setup_util_sh.py'
[20.744s] INFO:colcon.colcon_core.shell:Creating prefix chain script '/home/julia-hrycyna/Pulpit/Hexapod/simulation/ros2_ws/src/install/setup.sh'
[20.754s] INFO:colcon.colcon_core.shell:Creating prefix script '/home/julia-hrycyna/Pulpit/Hexapod/simulation/ros2_ws/src/install/local_setup.bash'
[20.755s] INFO:colcon.colcon_core.shell:Creating prefix chain script '/home/julia-hrycyna/Pulpit/Hexapod/simulation/ros2_ws/src/install/setup.bash'
[20.765s] INFO:colcon.colcon_core.shell:Creating prefix script '/home/julia-hrycyna/Pulpit/Hexapod/simulation/ros2_ws/src/install/local_setup.zsh'
[20.766s] INFO:colcon.colcon_core.shell:Creating prefix chain script '/home/julia-hrycyna/Pulpit/Hexapod/simulation/ros2_ws/src/install/setup.zsh'
