[0.646s] Invoking command in '/home/milosz/ros2_ws/src/pajak': DEBUGINFOD_URLS=https://debuginfod.ubuntu.com PYTHONPATH=/home/milosz/ros2_ws/build/pajak/prefix_override:/usr/lib/python3/dist-packages/colcon_core/task/python/colcon_distutils_commands:/home/milosz/ros2_ws/install/pajak/lib/python3.12/site-packages:${PYTHONPATH} /usr/bin/python3 -W ignore:setup.py install is deprecated -W ignore:easy_install command is deprecated setup.py egg_info --egg-base ../../build/pajak build --build-base /home/milosz/ros2_ws/build/pajak/build install --record /home/milosz/ros2_ws/build/pajak/install.log --single-version-externally-managed install_data
[0.842s] running egg_info
[0.842s] creating ../../build/pajak/pajak.egg-info
[0.856s] writing ../../build/pajak/pajak.egg-info/PKG-INFO
[0.856s] writing dependency_links to ../../build/pajak/pajak.egg-info/dependency_links.txt
[0.856s] writing entry points to ../../build/pajak/pajak.egg-info/entry_points.txt
[0.856s] writing requirements to ../../build/pajak/pajak.egg-info/requires.txt
[0.856s] writing top-level names to ../../build/pajak/pajak.egg-info/top_level.txt
[0.856s] writing manifest file '../../build/pajak/pajak.egg-info/SOURCES.txt'
[0.885s] reading manifest file '../../build/pajak/pajak.egg-info/SOURCES.txt'
[0.885s] adding license file 'LICENSE'
[0.885s] writing manifest file '../../build/pajak/pajak.egg-info/SOURCES.txt'
[0.885s] running build
[0.885s] running build_py
[0.885s] creating /home/milosz/ros2_ws/build/pajak/build
[0.886s] creating /home/milosz/ros2_ws/build/pajak/build/lib
[0.886s] creating /home/milosz/ros2_ws/build/pajak/build/lib/pajak
[0.886s] copying pajak/pajak_trajectory.py -> /home/milosz/ros2_ws/build/pajak/build/lib/pajak
[0.886s] copying pajak/test.py -> /home/milosz/ros2_ws/build/pajak/build/lib/pajak
[0.886s] copying pajak/my_node.py -> /home/milosz/ros2_ws/build/pajak/build/lib/pajak
[0.886s] copying pajak/__init__.py -> /home/milosz/ros2_ws/build/pajak/build/lib/pajak
[0.886s] running install
[0.891s] running install_lib
[0.906s] creating /home/milosz/ros2_ws/install/pajak/lib/python3.12/site-packages/pajak
[0.906s] copying /home/milosz/ros2_ws/build/pajak/build/lib/pajak/pajak_trajectory.py -> /home/milosz/ros2_ws/install/pajak/lib/python3.12/site-packages/pajak
[0.906s] copying /home/milosz/ros2_ws/build/pajak/build/lib/pajak/test.py -> /home/milosz/ros2_ws/install/pajak/lib/python3.12/site-packages/pajak
[0.906s] copying /home/milosz/ros2_ws/build/pajak/build/lib/pajak/my_node.py -> /home/milosz/ros2_ws/install/pajak/lib/python3.12/site-packages/pajak
[0.906s] copying /home/milosz/ros2_ws/build/pajak/build/lib/pajak/__init__.py -> /home/milosz/ros2_ws/install/pajak/lib/python3.12/site-packages/pajak
[0.907s] byte-compiling /home/milosz/ros2_ws/install/pajak/lib/python3.12/site-packages/pajak/pajak_trajectory.py to pajak_trajectory.cpython-312.pyc
[0.909s] byte-compiling /home/milosz/ros2_ws/install/pajak/lib/python3.12/site-packages/pajak/test.py to test.cpython-312.pyc
[0.909s] byte-compiling /home/milosz/ros2_ws/install/pajak/lib/python3.12/site-packages/pajak/my_node.py to my_node.cpython-312.pyc
[0.909s] byte-compiling /home/milosz/ros2_ws/install/pajak/lib/python3.12/site-packages/pajak/__init__.py to __init__.cpython-312.pyc
[0.909s] running install_data
[0.910s] creating /home/milosz/ros2_ws/install/pajak/share/ament_index
[0.910s] creating /home/milosz/ros2_ws/install/pajak/share/ament_index/resource_index
[0.910s] creating /home/milosz/ros2_ws/install/pajak/share/ament_index/resource_index/packages
[0.910s] copying resource/pajak -> /home/milosz/ros2_ws/install/pajak/share/ament_index/resource_index/packages
[0.910s] copying package.xml -> /home/milosz/ros2_ws/install/pajak/share/pajak
[0.910s] running install_egg_info
[0.926s] Copying ../../build/pajak/pajak.egg-info to /home/milosz/ros2_ws/install/pajak/lib/python3.12/site-packages/pajak-0.0.0-py3.12.egg-info
[0.926s] running install_scripts
[1.020s] Installing my_node script to /home/milosz/ros2_ws/install/pajak/lib/pajak
[1.020s] Installing pajak_trajectory script to /home/milosz/ros2_ws/install/pajak/lib/pajak
[1.020s] Installing test script to /home/milosz/ros2_ws/install/pajak/lib/pajak
[1.020s] writing list of installed files to '/home/milosz/ros2_ws/build/pajak/install.log'
[1.043s] Invoked command in '/home/milosz/ros2_ws/src/pajak' returned '0': DEBUGINFOD_URLS=https://debuginfod.ubuntu.com PYTHONPATH=/home/milosz/ros2_ws/build/pajak/prefix_override:/usr/lib/python3/dist-packages/colcon_core/task/python/colcon_distutils_commands:/home/milosz/ros2_ws/install/pajak/lib/python3.12/site-packages:${PYTHONPATH} /usr/bin/python3 -W ignore:setup.py install is deprecated -W ignore:easy_install command is deprecated setup.py egg_info --egg-base ../../build/pajak build --build-base /home/milosz/ros2_ws/build/pajak/build install --record /home/milosz/ros2_ws/build/pajak/install.log --single-version-externally-managed install_data
