-- Install configuration: ""
-- Installing: /home/julia-hrycyna/Pulpit/Hexapod/simulation/ros2_ws/src/install/hexapod_gazebo/share/hexapod_gazebo/launch
-- Installing: /home/julia-hrycyna/Pulpit/Hexapod/simulation/ros2_ws/src/install/hexapod_gazebo/share/hexapod_gazebo/launch/spawn_robot.launch.py
-- Installing: /home/julia-hrycyna/Pulpit/Hexapod/simulation/ros2_ws/src/install/hexapod_gazebo/share/hexapod_gazebo/launch/world.launch.py
-- Installing: /home/julia-hrycyna/Pulpit/Hexapod/simulation/ros2_ws/src/install/hexapod_gazebo/share/hexapod_gazebo/worlds
-- Installing: /home/julia-hrycyna/Pulpit/Hexapod/simulation/ros2_ws/src/install/hexapod_gazebo/share/hexapod_gazebo/worlds/ownworld.sdf
-- Installing: /home/julia-hrycyna/Pulpit/Hexapod/simulation/ros2_ws/src/install/hexapod_gazebo/share/hexapod_gazebo/worlds/enclosure.sdf
-- Installing: /home/julia-hrycyna/Pulpit/Hexapod/simulation/ros2_ws/src/install/hexapod_gazebo/share/hexapod_gazebo/worlds/meshes_corrected
-- Installing: /home/julia-hrycyna/Pulpit/Hexapod/simulation/ros2_ws/src/install/hexapod_gazebo/share/hexapod_gazebo/worlds/meshes_corrected/platform_gear.stl
-- Installing: /home/julia-hrycyna/Pulpit/Hexapod/simulation/ros2_ws/src/install/hexapod_gazebo/share/hexapod_gazebo/worlds/meshes_corrected/leg_mid_gear.stl
-- Installing: /home/julia-hrycyna/Pulpit/Hexapod/simulation/ros2_ws/src/install/hexapod_gazebo/share/hexapod_gazebo/worlds/meshes_corrected/leg_down.stl
-- Installing: /home/julia-hrycyna/Pulpit/Hexapod/simulation/ros2_ws/src/install/hexapod_gazebo/share/hexapod_gazebo/worlds/meshes_corrected/leg_up.stl
-- Installing: /home/julia-hrycyna/Pulpit/Hexapod/simulation/ros2_ws/src/install/hexapod_gazebo/share/hexapod_gazebo/worlds/meshes_corrected/leg_mid.stl
-- Installing: /home/julia-hrycyna/Pulpit/Hexapod/simulation/ros2_ws/src/install/hexapod_gazebo/share/hexapod_gazebo/worlds/meshes_corrected/platform.stl
-- Installing: /home/julia-hrycyna/Pulpit/Hexapod/simulation/ros2_ws/src/install/hexapod_gazebo/share/hexapod_gazebo/worlds/meshes_corrected/leg_up_gear.stl
-- Installing: /home/julia-hrycyna/Pulpit/Hexapod/simulation/ros2_ws/src/install/hexapod_gazebo/share/hexapod_gazebo/worlds/world.sdf
-- Installing: /home/julia-hrycyna/Pulpit/Hexapod/simulation/ros2_ws/src/install/hexapod_gazebo/share/hexapod_gazebo/worlds/tugbot_depot.sdf
-- Installing: /home/julia-hrycyna/Pulpit/Hexapod/simulation/ros2_ws/src/install/hexapod_gazebo/share/hexapod_gazebo/worlds/model.config
-- Installing: /home/julia-hrycyna/Pulpit/Hexapod/simulation/ros2_ws/src/install/hexapod_gazebo/share/ament_index/resource_index/package_run_dependencies/hexapod_gazebo
-- Installing: /home/julia-hrycyna/Pulpit/Hexapod/simulation/ros2_ws/src/install/hexapod_gazebo/share/ament_index/resource_index/parent_prefix_path/hexapod_gazebo
-- Installing: /home/julia-hrycyna/Pulpit/Hexapod/simulation/ros2_ws/src/install/hexapod_gazebo/share/hexapod_gazebo/environment/ament_prefix_path.sh
-- Installing: /home/julia-hrycyna/Pulpit/Hexapod/simulation/ros2_ws/src/install/hexapod_gazebo/share/hexapod_gazebo/environment/ament_prefix_path.dsv
-- Installing: /home/julia-hrycyna/Pulpit/Hexapod/simulation/ros2_ws/src/install/hexapod_gazebo/share/hexapod_gazebo/environment/path.sh
-- Installing: /home/julia-hrycyna/Pulpit/Hexapod/simulation/ros2_ws/src/install/hexapod_gazebo/share/hexapod_gazebo/environment/path.dsv
-- Installing: /home/julia-hrycyna/Pulpit/Hexapod/simulation/ros2_ws/src/install/hexapod_gazebo/share/hexapod_gazebo/local_setup.bash
-- Installing: /home/julia-hrycyna/Pulpit/Hexapod/simulation/ros2_ws/src/install/hexapod_gazebo/share/hexapod_gazebo/local_setup.sh
-- Installing: /home/julia-hrycyna/Pulpit/Hexapod/simulation/ros2_ws/src/install/hexapod_gazebo/share/hexapod_gazebo/local_setup.zsh
-- Installing: /home/julia-hrycyna/Pulpit/Hexapod/simulation/ros2_ws/src/install/hexapod_gazebo/share/hexapod_gazebo/local_setup.dsv
-- Installing: /home/julia-hrycyna/Pulpit/Hexapod/simulation/ros2_ws/src/install/hexapod_gazebo/share/hexapod_gazebo/package.dsv
-- Installing: /home/julia-hrycyna/Pulpit/Hexapod/simulation/ros2_ws/src/install/hexapod_gazebo/share/ament_index/resource_index/packages/hexapod_gazebo
-- Installing: /home/julia-hrycyna/Pulpit/Hexapod/simulation/ros2_ws/src/install/hexapod_gazebo/share/hexapod_gazebo/cmake/hexapod_gazeboConfig.cmake
-- Installing: /home/julia-hrycyna/Pulpit/Hexapod/simulation/ros2_ws/src/install/hexapod_gazebo/share/hexapod_gazebo/cmake/hexapod_gazeboConfig-version.cmake
-- Installing: /home/julia-hrycyna/Pulpit/Hexapod/simulation/ros2_ws/src/install/hexapod_gazebo/share/hexapod_gazebo/package.xml
