/home/milosz/ros2_ws/install/pajak/lib/python3.12/site-packages/pajak/pajak_trajectory.py
/home/milosz/ros2_ws/install/pajak/lib/python3.12/site-packages/pajak/test.py
/home/milosz/ros2_ws/install/pajak/lib/python3.12/site-packages/pajak/my_node.py
/home/milosz/ros2_ws/install/pajak/lib/python3.12/site-packages/pajak/__init__.py
/home/milosz/ros2_ws/install/pajak/lib/python3.12/site-packages/pajak/__pycache__/pajak_trajectory.cpython-312.pyc
/home/milosz/ros2_ws/install/pajak/lib/python3.12/site-packages/pajak/__pycache__/test.cpython-312.pyc
/home/milosz/ros2_ws/install/pajak/lib/python3.12/site-packages/pajak/__pycache__/my_node.cpython-312.pyc
/home/milosz/ros2_ws/install/pajak/lib/python3.12/site-packages/pajak/__pycache__/__init__.cpython-312.pyc
/home/milosz/ros2_ws/install/pajak/share/ament_index/resource_index/packages/pajak
/home/milosz/ros2_ws/install/pajak/share/pajak/package.xml
/home/milosz/ros2_ws/install/pajak/lib/python3.12/site-packages/pajak-0.0.0-py3.12.egg-info/entry_points.txt
/home/milosz/ros2_ws/install/pajak/lib/python3.12/site-packages/pajak-0.0.0-py3.12.egg-info/zip-safe
/home/milosz/ros2_ws/install/pajak/lib/python3.12/site-packages/pajak-0.0.0-py3.12.egg-info/top_level.txt
/home/milosz/ros2_ws/install/pajak/lib/python3.12/site-packages/pajak-0.0.0-py3.12.egg-info/PKG-INFO
/home/milosz/ros2_ws/install/pajak/lib/python3.12/site-packages/pajak-0.0.0-py3.12.egg-info/SOURCES.txt
/home/milosz/ros2_ws/install/pajak/lib/python3.12/site-packages/pajak-0.0.0-py3.12.egg-info/requires.txt
/home/milosz/ros2_ws/install/pajak/lib/python3.12/site-packages/pajak-0.0.0-py3.12.egg-info/dependency_links.txt
/home/milosz/ros2_ws/install/pajak/lib/pajak/my_node
/home/milosz/ros2_ws/install/pajak/lib/pajak/pajak_trajectory
/home/milosz/ros2_ws/install/pajak/lib/pajak/test
