[0.028s] Invoking command in '/home/bartosz-babi-ski/Hexapod_git4/Hexapod/simulation/ros2_ws_hex/build/om_gravity_compensation_controller': CMAKE_PREFIX_PATH=${CMAKE_PREFIX_PATH}:/opt/ros/jazzy DEBUGINFOD_URLS=https://debuginfod.ubuntu.com /usr/bin/cmake --build /home/bartosz-babi-ski/Hexapod_git4/Hexapod/simulation/ros2_ws_hex/build/om_gravity_compensation_controller -- -j12 -l12
[0.083s] [ 50%] Built target gravity_compensation_controller_parameters
[0.116s] [100%] Built target gravity_compensation_controller
[0.125s] Invoked command in '/home/bartosz-babi-ski/Hexapod_git4/Hexapod/simulation/ros2_ws_hex/build/om_gravity_compensation_controller' returned '0': CMAKE_PREFIX_PATH=${CMAKE_PREFIX_PATH}:/opt/ros/jazzy DEBUGINFOD_URLS=https://debuginfod.ubuntu.com /usr/bin/cmake --build /home/bartosz-babi-ski/Hexapod_git4/Hexapod/simulation/ros2_ws_hex/build/om_gravity_compensation_controller -- -j12 -l12
[0.127s] Invoking command in '/home/bartosz-babi-ski/Hexapod_git4/Hexapod/simulation/ros2_ws_hex/build/om_gravity_compensation_controller': CMAKE_PREFIX_PATH=${CMAKE_PREFIX_PATH}:/opt/ros/jazzy DEBUGINFOD_URLS=https://debuginfod.ubuntu.com /usr/bin/cmake --install /home/bartosz-babi-ski/Hexapod_git4/Hexapod/simulation/ros2_ws_hex/build/om_gravity_compensation_controller
[0.135s] -- Install configuration: ""
[0.135s] -- Up-to-date: /home/bartosz-babi-ski/Hexapod_git4/Hexapod/simulation/ros2_ws_hex/install/om_gravity_compensation_controller/include/om_gravity_compensation_controller
[0.135s] -- Up-to-date: /home/bartosz-babi-ski/Hexapod_git4/Hexapod/simulation/ros2_ws_hex/install/om_gravity_compensation_controller/include/om_gravity_compensation_controller/gravity_compensation_controller_parameters.hpp
[0.135s] -- Up-to-date: /home/bartosz-babi-ski/Hexapod_git4/Hexapod/simulation/ros2_ws_hex/install/om_gravity_compensation_controller/share/om_gravity_compensation_controller/gravity_compensation_plugin.xml
[0.135s] -- Up-to-date: /home/bartosz-babi-ski/Hexapod_git4/Hexapod/simulation/ros2_ws_hex/install/om_gravity_compensation_controller/include/gravity_compensation_controller
[0.135s] -- Up-to-date: /home/bartosz-babi-ski/Hexapod_git4/Hexapod/simulation/ros2_ws_hex/install/om_gravity_compensation_controller/include/gravity_compensation_controller/gravity_compensation_controller
[0.136s] -- Up-to-date: /home/bartosz-babi-ski/Hexapod_git4/Hexapod/simulation/ros2_ws_hex/install/om_gravity_compensation_controller/include/gravity_compensation_controller/gravity_compensation_controller/visibility_control.h
[0.136s] -- Up-to-date: /home/bartosz-babi-ski/Hexapod_git4/Hexapod/simulation/ros2_ws_hex/install/om_gravity_compensation_controller/include/gravity_compensation_controller/gravity_compensation_controller/gravity_compensation_controller.hpp
[0.136s] -- Up-to-date: /home/bartosz-babi-ski/Hexapod_git4/Hexapod/simulation/ros2_ws_hex/install/om_gravity_compensation_controller/lib/libgravity_compensation_controller.so
[0.136s] -- Up-to-date: /home/bartosz-babi-ski/Hexapod_git4/Hexapod/simulation/ros2_ws_hex/install/om_gravity_compensation_controller/share/om_gravity_compensation_controller/environment/library_path.sh
[0.136s] -- Up-to-date: /home/bartosz-babi-ski/Hexapod_git4/Hexapod/simulation/ros2_ws_hex/install/om_gravity_compensation_controller/share/om_gravity_compensation_controller/environment/library_path.dsv
[0.136s] -- Up-to-date: /home/bartosz-babi-ski/Hexapod_git4/Hexapod/simulation/ros2_ws_hex/install/om_gravity_compensation_controller/share/ament_index/resource_index/package_run_dependencies/om_gravity_compensation_controller
[0.136s] -- Up-to-date: /home/bartosz-babi-ski/Hexapod_git4/Hexapod/simulation/ros2_ws_hex/install/om_gravity_compensation_controller/share/ament_index/resource_index/parent_prefix_path/om_gravity_compensation_controller
[0.136s] -- Up-to-date: /home/bartosz-babi-ski/Hexapod_git4/Hexapod/simulation/ros2_ws_hex/install/om_gravity_compensation_controller/share/om_gravity_compensation_controller/environment/ament_prefix_path.sh
[0.136s] -- Up-to-date: /home/bartosz-babi-ski/Hexapod_git4/Hexapod/simulation/ros2_ws_hex/install/om_gravity_compensation_controller/share/om_gravity_compensation_controller/environment/ament_prefix_path.dsv
[0.137s] -- Up-to-date: /home/bartosz-babi-ski/Hexapod_git4/Hexapod/simulation/ros2_ws_hex/install/om_gravity_compensation_controller/share/om_gravity_compensation_controller/environment/path.sh
[0.137s] -- Up-to-date: /home/bartosz-babi-ski/Hexapod_git4/Hexapod/simulation/ros2_ws_hex/install/om_gravity_compensation_controller/share/om_gravity_compensation_controller/environment/path.dsv
[0.137s] -- Up-to-date: /home/bartosz-babi-ski/Hexapod_git4/Hexapod/simulation/ros2_ws_hex/install/om_gravity_compensation_controller/share/om_gravity_compensation_controller/local_setup.bash
[0.137s] -- Up-to-date: /home/bartosz-babi-ski/Hexapod_git4/Hexapod/simulation/ros2_ws_hex/install/om_gravity_compensation_controller/share/om_gravity_compensation_controller/local_setup.sh
[0.137s] -- Up-to-date: /home/bartosz-babi-ski/Hexapod_git4/Hexapod/simulation/ros2_ws_hex/install/om_gravity_compensation_controller/share/om_gravity_compensation_controller/local_setup.zsh
[0.137s] -- Up-to-date: /home/bartosz-babi-ski/Hexapod_git4/Hexapod/simulation/ros2_ws_hex/install/om_gravity_compensation_controller/share/om_gravity_compensation_controller/local_setup.dsv
[0.138s] -- Installing: /home/bartosz-babi-ski/Hexapod_git4/Hexapod/simulation/ros2_ws_hex/install/om_gravity_compensation_controller/share/om_gravity_compensation_controller/package.dsv
[0.138s] -- Up-to-date: /home/bartosz-babi-ski/Hexapod_git4/Hexapod/simulation/ros2_ws_hex/install/om_gravity_compensation_controller/share/ament_index/resource_index/packages/om_gravity_compensation_controller
[0.141s] -- Up-to-date: /home/bartosz-babi-ski/Hexapod_git4/Hexapod/simulation/ros2_ws_hex/install/om_gravity_compensation_controller/share/ament_index/resource_index/controller_interface__pluginlib__plugin/om_gravity_compensation_controller
[0.141s] -- Up-to-date: /home/bartosz-babi-ski/Hexapod_git4/Hexapod/simulation/ros2_ws_hex/install/om_gravity_compensation_controller/share/om_gravity_compensation_controller/cmake/export_gravity_compensation_controllerExport.cmake
[0.141s] -- Up-to-date: /home/bartosz-babi-ski/Hexapod_git4/Hexapod/simulation/ros2_ws_hex/install/om_gravity_compensation_controller/share/om_gravity_compensation_controller/cmake/export_gravity_compensation_controllerExport-noconfig.cmake
[0.141s] -- Up-to-date: /home/bartosz-babi-ski/Hexapod_git4/Hexapod/simulation/ros2_ws_hex/install/om_gravity_compensation_controller/share/om_gravity_compensation_controller/cmake/ament_cmake_export_dependencies-extras.cmake
[0.141s] -- Up-to-date: /home/bartosz-babi-ski/Hexapod_git4/Hexapod/simulation/ros2_ws_hex/install/om_gravity_compensation_controller/share/om_gravity_compensation_controller/cmake/ament_cmake_export_targets-extras.cmake
[0.141s] -- Up-to-date: /home/bartosz-babi-ski/Hexapod_git4/Hexapod/simulation/ros2_ws_hex/install/om_gravity_compensation_controller/share/om_gravity_compensation_controller/cmake/om_gravity_compensation_controllerConfig.cmake
[0.141s] -- Up-to-date: /home/bartosz-babi-ski/Hexapod_git4/Hexapod/simulation/ros2_ws_hex/install/om_gravity_compensation_controller/share/om_gravity_compensation_controller/cmake/om_gravity_compensation_controllerConfig-version.cmake
[0.141s] -- Up-to-date: /home/bartosz-babi-ski/Hexapod_git4/Hexapod/simulation/ros2_ws_hex/install/om_gravity_compensation_controller/share/om_gravity_compensation_controller/package.xml
[0.142s] Invoked command in '/home/bartosz-babi-ski/Hexapod_git4/Hexapod/simulation/ros2_ws_hex/build/om_gravity_compensation_controller' returned '0': CMAKE_PREFIX_PATH=${CMAKE_PREFIX_PATH}:/opt/ros/jazzy DEBUGINFOD_URLS=https://debuginfod.ubuntu.com /usr/bin/cmake --install /home/bartosz-babi-ski/Hexapod_git4/Hexapod/simulation/ros2_ws_hex/build/om_gravity_compensation_controller
