[0.600s] Invoking command in '/home/milosz/Dokumenty/Hexapod-1/PlatformIO/Projects/ros2_ws/src/pajak': DEBUGINFOD_URLS=https://debuginfod.ubuntu.com PYTHONPATH=/home/milosz/Dokumenty/Hexapod-1/PlatformIO/Projects/ros2_ws/build/pajak/prefix_override:/usr/lib/python3/dist-packages/colcon_core/task/python/colcon_distutils_commands:/home/milosz/Dokumenty/Hexapod-1/PlatformIO/Projects/ros2_ws/install/pajak/lib/python3.12/site-packages:${PYTHONPATH} /usr/bin/python3 -W ignore:setup.py install is deprecated -W ignore:easy_install command is deprecated setup.py egg_info --egg-base ../../build/pajak build --build-base /home/milosz/Dokumenty/Hexapod-1/PlatformIO/Projects/ros2_ws/build/pajak/build install --record /home/milosz/Dokumenty/Hexapod-1/PlatformIO/Projects/ros2_ws/build/pajak/install.log --single-version-externally-managed install_data
[0.800s] running egg_info
[0.817s] writing ../../build/pajak/pajak.egg-info/PKG-INFO
[0.817s] writing dependency_links to ../../build/pajak/pajak.egg-info/dependency_links.txt
[0.817s] writing entry points to ../../build/pajak/pajak.egg-info/entry_points.txt
[0.817s] writing requirements to ../../build/pajak/pajak.egg-info/requires.txt
[0.817s] writing top-level names to ../../build/pajak/pajak.egg-info/top_level.txt
[0.847s] reading manifest file '../../build/pajak/pajak.egg-info/SOURCES.txt'
[0.847s] adding license file 'LICENSE'
[0.848s] writing manifest file '../../build/pajak/pajak.egg-info/SOURCES.txt'
[0.848s] running build
[0.848s] running build_py
[0.848s] running install
[0.853s] running install_lib
[0.868s] running install_data
[0.868s] running install_egg_info
[0.884s] removing '/home/milosz/Dokumenty/Hexapod-1/PlatformIO/Projects/ros2_ws/install/pajak/lib/python3.12/site-packages/pajak-0.0.0-py3.12.egg-info' (and everything under it)
[0.884s] Copying ../../build/pajak/pajak.egg-info to /home/milosz/Dokumenty/Hexapod-1/PlatformIO/Projects/ros2_ws/install/pajak/lib/python3.12/site-packages/pajak-0.0.0-py3.12.egg-info
[0.884s] running install_scripts
[0.982s] Installing esp32_serial_commander script to /home/milosz/Dokumenty/Hexapod-1/PlatformIO/Projects/ros2_ws/install/pajak/lib/pajak
[0.982s] Installing my_node script to /home/milosz/Dokumenty/Hexapod-1/PlatformIO/Projects/ros2_ws/install/pajak/lib/pajak
[0.982s] Installing pajak_trajectory script to /home/milosz/Dokumenty/Hexapod-1/PlatformIO/Projects/ros2_ws/install/pajak/lib/pajak
[0.982s] Installing test script to /home/milosz/Dokumenty/Hexapod-1/PlatformIO/Projects/ros2_ws/install/pajak/lib/pajak
[0.982s] writing list of installed files to '/home/milosz/Dokumenty/Hexapod-1/PlatformIO/Projects/ros2_ws/build/pajak/install.log'
[1.008s] Invoked command in '/home/milosz/Dokumenty/Hexapod-1/PlatformIO/Projects/ros2_ws/src/pajak' returned '0': DEBUGINFOD_URLS=https://debuginfod.ubuntu.com PYTHONPATH=/home/milosz/Dokumenty/Hexapod-1/PlatformIO/Projects/ros2_ws/build/pajak/prefix_override:/usr/lib/python3/dist-packages/colcon_core/task/python/colcon_distutils_commands:/home/milosz/Dokumenty/Hexapod-1/PlatformIO/Projects/ros2_ws/install/pajak/lib/python3.12/site-packages:${PYTHONPATH} /usr/bin/python3 -W ignore:setup.py install is deprecated -W ignore:easy_install command is deprecated setup.py egg_info --egg-base ../../build/pajak build --build-base /home/milosz/Dokumenty/Hexapod-1/PlatformIO/Projects/ros2_ws/build/pajak/build install --record /home/milosz/Dokumenty/Hexapod-1/PlatformIO/Projects/ros2_ws/build/pajak/install.log --single-version-externally-managed install_data
