[0.023s] Invoking command in '/home/bartosz-babi-ski/Hexapod_git4/Hexapod/simulation/ros2_ws_hex/build/hexapod_description': CMAKE_PREFIX_PATH=${CMAKE_PREFIX_PATH}:/opt/ros/jazzy DEBUGINFOD_URLS=https://debuginfod.ubuntu.com /usr/bin/cmake --build /home/bartosz-babi-ski/Hexapod_git4/Hexapod/simulation/ros2_ws_hex/build/hexapod_description -- -j12 -l12
[0.066s] Invoked command in '/home/bartosz-babi-ski/Hexapod_git4/Hexapod/simulation/ros2_ws_hex/build/hexapod_description' returned '0': CMAKE_PREFIX_PATH=${CMAKE_PREFIX_PATH}:/opt/ros/jazzy DEBUGINFOD_URLS=https://debuginfod.ubuntu.com /usr/bin/cmake --build /home/bartosz-babi-ski/Hexapod_git4/Hexapod/simulation/ros2_ws_hex/build/hexapod_description -- -j12 -l12
[0.077s] Invoking command in '/home/bartosz-babi-ski/Hexapod_git4/Hexapod/simulation/ros2_ws_hex/build/hexapod_description': CMAKE_PREFIX_PATH=${CMAKE_PREFIX_PATH}:/opt/ros/jazzy DEBUGINFOD_URLS=https://debuginfod.ubuntu.com /usr/bin/cmake --install /home/bartosz-babi-ski/Hexapod_git4/Hexapod/simulation/ros2_ws_hex/build/hexapod_description
[0.085s] -- Install configuration: ""
[0.085s] -- Up-to-date: /home/bartosz-babi-ski/Hexapod_git4/Hexapod/simulation/ros2_ws_hex/install/hexapod_description/share/hexapod_description/launch
[0.085s] -- Up-to-date: /home/bartosz-babi-ski/Hexapod_git4/Hexapod/simulation/ros2_ws_hex/install/hexapod_description/share/hexapod_description/launch/model_x.launch.py
[0.085s] -- Up-to-date: /home/bartosz-babi-ski/Hexapod_git4/Hexapod/simulation/ros2_ws_hex/install/hexapod_description/share/hexapod_description/meshes
[0.085s] -- Up-to-date: /home/bartosz-babi-ski/Hexapod_git4/Hexapod/simulation/ros2_ws_hex/install/hexapod_description/share/hexapod_description/meshes/hitbox_5_leg_mid.stl
[0.086s] -- Up-to-date: /home/bartosz-babi-ski/Hexapod_git4/Hexapod/simulation/ros2_ws_hex/install/hexapod_description/share/hexapod_description/meshes/hitbox_3_leg_down.stl
[0.086s] -- Up-to-date: /home/bartosz-babi-ski/Hexapod_git4/Hexapod/simulation/ros2_ws_hex/install/hexapod_description/share/hexapod_description/meshes/hitbox_6_leg_mid.stl
[0.086s] -- Up-to-date: /home/bartosz-babi-ski/Hexapod_git4/Hexapod/simulation/ros2_ws_hex/install/hexapod_description/share/hexapod_description/meshes/platform_gear.stl
[0.086s] -- Up-to-date: /home/bartosz-babi-ski/Hexapod_git4/Hexapod/simulation/ros2_ws_hex/install/hexapod_description/share/hexapod_description/meshes/hitbox_4_leg_mid.stl
[0.086s] -- Up-to-date: /home/bartosz-babi-ski/Hexapod_git4/Hexapod/simulation/ros2_ws_hex/install/hexapod_description/share/hexapod_description/meshes/hitbox_1_leg_down.stl
[0.086s] -- Up-to-date: /home/bartosz-babi-ski/Hexapod_git4/Hexapod/simulation/ros2_ws_hex/install/hexapod_description/share/hexapod_description/meshes/leg_mid_gear.stl
[0.086s] -- Up-to-date: /home/bartosz-babi-ski/Hexapod_git4/Hexapod/simulation/ros2_ws_hex/install/hexapod_description/share/hexapod_description/meshes/hitbox_6_leg_up.stl
[0.086s] -- Up-to-date: /home/bartosz-babi-ski/Hexapod_git4/Hexapod/simulation/ros2_ws_hex/install/hexapod_description/share/hexapod_description/meshes/hitbox_4_leg_up.stl
[0.087s] -- Up-to-date: /home/bartosz-babi-ski/Hexapod_git4/Hexapod/simulation/ros2_ws_hex/install/hexapod_description/share/hexapod_description/meshes/1_leg_up.stl
[0.087s] -- Up-to-date: /home/bartosz-babi-ski/Hexapod_git4/Hexapod/simulation/ros2_ws_hex/install/hexapod_description/share/hexapod_description/meshes/hitbox_platform.stl
[0.087s] -- Up-to-date: /home/bartosz-babi-ski/Hexapod_git4/Hexapod/simulation/ros2_ws_hex/install/hexapod_description/share/hexapod_description/meshes/hitbox_1_leg_mid.stl
[0.087s] -- Up-to-date: /home/bartosz-babi-ski/Hexapod_git4/Hexapod/simulation/ros2_ws_hex/install/hexapod_description/share/hexapod_description/meshes/5_leg_mid.stl
[0.087s] -- Up-to-date: /home/bartosz-babi-ski/Hexapod_git4/Hexapod/simulation/ros2_ws_hex/install/hexapod_description/share/hexapod_description/meshes/3_leg_down.stl
[0.087s] -- Up-to-date: /home/bartosz-babi-ski/Hexapod_git4/Hexapod/simulation/ros2_ws_hex/install/hexapod_description/share/hexapod_description/meshes/2_leg_down.stl
[0.088s] -- Up-to-date: /home/bartosz-babi-ski/Hexapod_git4/Hexapod/simulation/ros2_ws_hex/install/hexapod_description/share/hexapod_description/meshes/2_leg_up.stl
[0.088s] -- Up-to-date: /home/bartosz-babi-ski/Hexapod_git4/Hexapod/simulation/ros2_ws_hex/install/hexapod_description/share/hexapod_description/meshes/3_leg_up.stl
[0.088s] -- Up-to-date: /home/bartosz-babi-ski/Hexapod_git4/Hexapod/simulation/ros2_ws_hex/install/hexapod_description/share/hexapod_description/meshes/leg_up_gear.stl
[0.088s] -- Up-to-date: /home/bartosz-babi-ski/Hexapod_git4/Hexapod/simulation/ros2_ws_hex/install/hexapod_description/share/hexapod_description/meshes/6_leg_up.stl
[0.088s] -- Up-to-date: /home/bartosz-babi-ski/Hexapod_git4/Hexapod/simulation/ros2_ws_hex/install/hexapod_description/share/hexapod_description/meshes/leg_down.stl
[0.088s] -- Up-to-date: /home/bartosz-babi-ski/Hexapod_git4/Hexapod/simulation/ros2_ws_hex/install/hexapod_description/share/hexapod_description/meshes/hitbox_1_leg_up.stl
[0.088s] -- Up-to-date: /home/bartosz-babi-ski/Hexapod_git4/Hexapod/simulation/ros2_ws_hex/install/hexapod_description/share/hexapod_description/meshes/6_leg_mid.stl
[0.089s] -- Up-to-date: /home/bartosz-babi-ski/Hexapod_git4/Hexapod/simulation/ros2_ws_hex/install/hexapod_description/share/hexapod_description/meshes/3_leg_mid.stl
[0.090s] -- Up-to-date: /home/bartosz-babi-ski/Hexapod_git4/Hexapod/simulation/ros2_ws_hex/install/hexapod_description/share/hexapod_description/meshes/hitbox_2_leg_down.stl
[0.090s] -- Up-to-date: /home/bartosz-babi-ski/Hexapod_git4/Hexapod/simulation/ros2_ws_hex/install/hexapod_description/share/hexapod_description/meshes/leg_up.stl
[0.090s] -- Up-to-date: /home/bartosz-babi-ski/Hexapod_git4/Hexapod/simulation/ros2_ws_hex/install/hexapod_description/share/hexapod_description/meshes/hitbox_5_leg_up.stl
[0.090s] -- Up-to-date: /home/bartosz-babi-ski/Hexapod_git4/Hexapod/simulation/ros2_ws_hex/install/hexapod_description/share/hexapod_description/meshes/1_leg_mid.stl
[0.090s] -- Up-to-date: /home/bartosz-babi-ski/Hexapod_git4/Hexapod/simulation/ros2_ws_hex/install/hexapod_description/share/hexapod_description/meshes/hitbox_4_leg_down.stl
[0.090s] -- Up-to-date: /home/bartosz-babi-ski/Hexapod_git4/Hexapod/simulation/ros2_ws_hex/install/hexapod_description/share/hexapod_description/meshes/6_leg_down.stl
[0.090s] -- Up-to-date: /home/bartosz-babi-ski/Hexapod_git4/Hexapod/simulation/ros2_ws_hex/install/hexapod_description/share/hexapod_description/meshes/hitbox_3_leg_mid.stl
[0.090s] -- Up-to-date: /home/bartosz-babi-ski/Hexapod_git4/Hexapod/simulation/ros2_ws_hex/install/hexapod_description/share/hexapod_description/meshes/2_leg_mid.stl
[0.091s] -- Up-to-date: /home/bartosz-babi-ski/Hexapod_git4/Hexapod/simulation/ros2_ws_hex/install/hexapod_description/share/hexapod_description/meshes/5_leg_up.stl
[0.091s] -- Up-to-date: /home/bartosz-babi-ski/Hexapod_git4/Hexapod/simulation/ros2_ws_hex/install/hexapod_description/share/hexapod_description/meshes/platform.stl
[0.091s] -- Up-to-date: /home/bartosz-babi-ski/Hexapod_git4/Hexapod/simulation/ros2_ws_hex/install/hexapod_description/share/hexapod_description/meshes/1_leg_down.stl
[0.091s] -- Up-to-date: /home/bartosz-babi-ski/Hexapod_git4/Hexapod/simulation/ros2_ws_hex/install/hexapod_description/share/hexapod_description/meshes/leg_mid.stl
[0.091s] -- Up-to-date: /home/bartosz-babi-ski/Hexapod_git4/Hexapod/simulation/ros2_ws_hex/install/hexapod_description/share/hexapod_description/meshes/hitbox_3_leg_up.stl
[0.091s] -- Up-to-date: /home/bartosz-babi-ski/Hexapod_git4/Hexapod/simulation/ros2_ws_hex/install/hexapod_description/share/hexapod_description/meshes/4_leg_down.stl
[0.091s] -- Up-to-date: /home/bartosz-babi-ski/Hexapod_git4/Hexapod/simulation/ros2_ws_hex/install/hexapod_description/share/hexapod_description/meshes/4_leg_mid.stl
[0.092s] -- Up-to-date: /home/bartosz-babi-ski/Hexapod_git4/Hexapod/simulation/ros2_ws_hex/install/hexapod_description/share/hexapod_description/meshes/hitbox_2_leg_mid.stl
[0.092s] -- Up-to-date: /home/bartosz-babi-ski/Hexapod_git4/Hexapod/simulation/ros2_ws_hex/install/hexapod_description/share/hexapod_description/meshes/4_leg_up.stl
[0.092s] -- Up-to-date: /home/bartosz-babi-ski/Hexapod_git4/Hexapod/simulation/ros2_ws_hex/install/hexapod_description/share/hexapod_description/meshes/hitbox_5_leg_down.stl
[0.092s] -- Up-to-date: /home/bartosz-babi-ski/Hexapod_git4/Hexapod/simulation/ros2_ws_hex/install/hexapod_description/share/hexapod_description/meshes/hitbox_6_leg_down.stl
[0.092s] -- Up-to-date: /home/bartosz-babi-ski/Hexapod_git4/Hexapod/simulation/ros2_ws_hex/install/hexapod_description/share/hexapod_description/meshes/hitbox_2_leg_up.stl
[0.092s] -- Up-to-date: /home/bartosz-babi-ski/Hexapod_git4/Hexapod/simulation/ros2_ws_hex/install/hexapod_description/share/hexapod_description/meshes/5_leg_down.stl
[0.092s] -- Up-to-date: /home/bartosz-babi-ski/Hexapod_git4/Hexapod/simulation/ros2_ws_hex/install/hexapod_description/share/hexapod_description/rviz
[0.093s] -- Up-to-date: /home/bartosz-babi-ski/Hexapod_git4/Hexapod/simulation/ros2_ws_hex/install/hexapod_description/share/hexapod_description/rviz/hexapod.rviz
[0.093s] -- Up-to-date: /home/bartosz-babi-ski/Hexapod_git4/Hexapod/simulation/ros2_ws_hex/install/hexapod_description/share/hexapod_description/urdf
[0.093s] -- Installing: /home/bartosz-babi-ski/Hexapod_git4/Hexapod/simulation/ros2_ws_hex/install/hexapod_description/share/hexapod_description/urdf/hexapod_leg.urdf.xacro
[0.093s] -- Up-to-date: /home/bartosz-babi-ski/Hexapod_git4/Hexapod/simulation/ros2_ws_hex/install/hexapod_description/share/hexapod_description/urdf/hexapod.urdf.xacro
[0.093s] -- Up-to-date: /home/bartosz-babi-ski/Hexapod_git4/Hexapod/simulation/ros2_ws_hex/install/hexapod_description/share/hexapod_description/gazebo
[0.093s] -- Up-to-date: /home/bartosz-babi-ski/Hexapod_git4/Hexapod/simulation/ros2_ws_hex/install/hexapod_description/share/hexapod_description/gazebo/hexapod.gazebo.xacro
[0.093s] -- Up-to-date: /home/bartosz-babi-ski/Hexapod_git4/Hexapod/simulation/ros2_ws_hex/install/hexapod_description/share/hexapod_description/ros2_control
[0.093s] -- Up-to-date: /home/bartosz-babi-ski/Hexapod_git4/Hexapod/simulation/ros2_ws_hex/install/hexapod_description/share/hexapod_description/ros2_control/hexapod_system.ros2_control.xacro
[0.093s] -- Up-to-date: /home/bartosz-babi-ski/Hexapod_git4/Hexapod/simulation/ros2_ws_hex/install/hexapod_description/share/ament_index/resource_index/package_run_dependencies/hexapod_description
[0.093s] -- Up-to-date: /home/bartosz-babi-ski/Hexapod_git4/Hexapod/simulation/ros2_ws_hex/install/hexapod_description/share/ament_index/resource_index/parent_prefix_path/hexapod_description
[0.093s] -- Up-to-date: /home/bartosz-babi-ski/Hexapod_git4/Hexapod/simulation/ros2_ws_hex/install/hexapod_description/share/hexapod_description/environment/ament_prefix_path.sh
[0.093s] -- Up-to-date: /home/bartosz-babi-ski/Hexapod_git4/Hexapod/simulation/ros2_ws_hex/install/hexapod_description/share/hexapod_description/environment/ament_prefix_path.dsv
[0.094s] -- Up-to-date: /home/bartosz-babi-ski/Hexapod_git4/Hexapod/simulation/ros2_ws_hex/install/hexapod_description/share/hexapod_description/environment/path.sh
[0.094s] -- Up-to-date: /home/bartosz-babi-ski/Hexapod_git4/Hexapod/simulation/ros2_ws_hex/install/hexapod_description/share/hexapod_description/environment/path.dsv
[0.094s] -- Up-to-date: /home/bartosz-babi-ski/Hexapod_git4/Hexapod/simulation/ros2_ws_hex/install/hexapod_description/share/hexapod_description/local_setup.bash
[0.094s] -- Up-to-date: /home/bartosz-babi-ski/Hexapod_git4/Hexapod/simulation/ros2_ws_hex/install/hexapod_description/share/hexapod_description/local_setup.sh
[0.094s] -- Up-to-date: /home/bartosz-babi-ski/Hexapod_git4/Hexapod/simulation/ros2_ws_hex/install/hexapod_description/share/hexapod_description/local_setup.zsh
[0.094s] -- Up-to-date: /home/bartosz-babi-ski/Hexapod_git4/Hexapod/simulation/ros2_ws_hex/install/hexapod_description/share/hexapod_description/local_setup.dsv
[0.094s] -- Installing: /home/bartosz-babi-ski/Hexapod_git4/Hexapod/simulation/ros2_ws_hex/install/hexapod_description/share/hexapod_description/package.dsv
[0.094s] -- Up-to-date: /home/bartosz-babi-ski/Hexapod_git4/Hexapod/simulation/ros2_ws_hex/install/hexapod_description/share/ament_index/resource_index/packages/hexapod_description
[0.094s] -- Up-to-date: /home/bartosz-babi-ski/Hexapod_git4/Hexapod/simulation/ros2_ws_hex/install/hexapod_description/share/hexapod_description/cmake/hexapod_descriptionConfig.cmake
[0.094s] -- Up-to-date: /home/bartosz-babi-ski/Hexapod_git4/Hexapod/simulation/ros2_ws_hex/install/hexapod_description/share/hexapod_description/cmake/hexapod_descriptionConfig-version.cmake
[0.094s] -- Up-to-date: /home/bartosz-babi-ski/Hexapod_git4/Hexapod/simulation/ros2_ws_hex/install/hexapod_description/share/hexapod_description/package.xml
[0.095s] Invoked command in '/home/bartosz-babi-ski/Hexapod_git4/Hexapod/simulation/ros2_ws_hex/build/hexapod_description' returned '0': CMAKE_PREFIX_PATH=${CMAKE_PREFIX_PATH}:/opt/ros/jazzy DEBUGINFOD_URLS=https://debuginfod.ubuntu.com /usr/bin/cmake --install /home/bartosz-babi-ski/Hexapod_git4/Hexapod/simulation/ros2_ws_hex/build/hexapod_description
